Archive member included because of file (symbol)

c:/altera/13.0sp1/nios2eds/bin/gnu/h-i686-mingw32/bin/../lib/gcc/nios2-elf/4.1.2/../../../../nios2-elf/lib\libstdc++.a(functexcept.o)
                              obj/default/haar.o (std::__throw_bad_alloc())
c:/altera/13.0sp1/nios2eds/bin/gnu/h-i686-mingw32/bin/../lib/gcc/nios2-elf/4.1.2/../../../../nios2-elf/lib\libstdc++.a(ios_failure.o)
                              c:/altera/13.0sp1/nios2eds/bin/gnu/h-i686-mingw32/bin/../lib/gcc/nios2-elf/4.1.2/../../../../nios2-elf/lib\libstdc++.a(functexcept.o) (std::ios_base::failure::~failure())
c:/altera/13.0sp1/nios2eds/bin/gnu/h-i686-mingw32/bin/../lib/gcc/nios2-elf/4.1.2/../../../../nios2-elf/lib\libstdc++.a(stdexcept.o)
                              c:/altera/13.0sp1/nios2eds/bin/gnu/h-i686-mingw32/bin/../lib/gcc/nios2-elf/4.1.2/../../../../nios2-elf/lib\libstdc++.a(functexcept.o) (std::runtime_error::what() const)
c:/altera/13.0sp1/nios2eds/bin/gnu/h-i686-mingw32/bin/../lib/gcc/nios2-elf/4.1.2/../../../../nios2-elf/lib\libstdc++.a(string-inst.o)
                              c:/altera/13.0sp1/nios2eds/bin/gnu/h-i686-mingw32/bin/../lib/gcc/nios2-elf/4.1.2/../../../../nios2-elf/lib\libstdc++.a(functexcept.o) (std::string::_Rep::_S_empty_rep_storage)
c:/altera/13.0sp1/nios2eds/bin/gnu/h-i686-mingw32/bin/../lib/gcc/nios2-elf/4.1.2/../../../../nios2-elf/lib\libstdc++.a(atomicity.o)
                              c:/altera/13.0sp1/nios2eds/bin/gnu/h-i686-mingw32/bin/../lib/gcc/nios2-elf/4.1.2/../../../../nios2-elf/lib\libstdc++.a(functexcept.o) (__gnu_cxx::__exchange_and_add(int volatile*, int))
c:/altera/13.0sp1/nios2eds/bin/gnu/h-i686-mingw32/bin/../lib/gcc/nios2-elf/4.1.2/../../../../nios2-elf/lib\libstdc++.a(bad_typeid.o)
                              c:/altera/13.0sp1/nios2eds/bin/gnu/h-i686-mingw32/bin/../lib/gcc/nios2-elf/4.1.2/../../../../nios2-elf/lib\libstdc++.a(functexcept.o) (vtable for std::bad_typeid)
c:/altera/13.0sp1/nios2eds/bin/gnu/h-i686-mingw32/bin/../lib/gcc/nios2-elf/4.1.2/../../../../nios2-elf/lib\libstdc++.a(eh_throw.o)
                              c:/altera/13.0sp1/nios2eds/bin/gnu/h-i686-mingw32/bin/../lib/gcc/nios2-elf/4.1.2/../../../../nios2-elf/lib\libstdc++.a(functexcept.o) (__cxa_throw)
c:/altera/13.0sp1/nios2eds/bin/gnu/h-i686-mingw32/bin/../lib/gcc/nios2-elf/4.1.2/../../../../nios2-elf/lib\libstdc++.a(eh_term_handler.o)
                              c:/altera/13.0sp1/nios2eds/bin/gnu/h-i686-mingw32/bin/../lib/gcc/nios2-elf/4.1.2/../../../../nios2-elf/lib\libstdc++.a(eh_throw.o) (__cxxabiv1::__terminate_handler)
c:/altera/13.0sp1/nios2eds/bin/gnu/h-i686-mingw32/bin/../lib/gcc/nios2-elf/4.1.2/../../../../nios2-elf/lib\libstdc++.a(eh_catch.o)
                              c:/altera/13.0sp1/nios2eds/bin/gnu/h-i686-mingw32/bin/../lib/gcc/nios2-elf/4.1.2/../../../../nios2-elf/lib\libstdc++.a(eh_throw.o) (__cxa_begin_catch)
c:/altera/13.0sp1/nios2eds/bin/gnu/h-i686-mingw32/bin/../lib/gcc/nios2-elf/4.1.2/../../../../nios2-elf/lib\libstdc++.a(del_op.o)
                              obj/default/haar.o (operator delete(void*))
c:/altera/13.0sp1/nios2eds/bin/gnu/h-i686-mingw32/bin/../lib/gcc/nios2-elf/4.1.2/../../../../nios2-elf/lib\libstdc++.a(eh_unex_handler.o)
                              c:/altera/13.0sp1/nios2eds/bin/gnu/h-i686-mingw32/bin/../lib/gcc/nios2-elf/4.1.2/../../../../nios2-elf/lib\libstdc++.a(eh_throw.o) (__cxxabiv1::__unexpected_handler)
c:/altera/13.0sp1/nios2eds/bin/gnu/h-i686-mingw32/bin/../lib/gcc/nios2-elf/4.1.2/../../../../nios2-elf/lib\libstdc++.a(eh_personality.o)
                              obj/default/haar.o (__gxx_personality_sj0)
c:/altera/13.0sp1/nios2eds/bin/gnu/h-i686-mingw32/bin/../lib/gcc/nios2-elf/4.1.2/../../../../nios2-elf/lib\libstdc++.a(bad_cast.o)
                              c:/altera/13.0sp1/nios2eds/bin/gnu/h-i686-mingw32/bin/../lib/gcc/nios2-elf/4.1.2/../../../../nios2-elf/lib\libstdc++.a(functexcept.o) (vtable for std::bad_cast)
c:/altera/13.0sp1/nios2eds/bin/gnu/h-i686-mingw32/bin/../lib/gcc/nios2-elf/4.1.2/../../../../nios2-elf/lib\libstdc++.a(si_class_type_info.o)
                              c:/altera/13.0sp1/nios2eds/bin/gnu/h-i686-mingw32/bin/../lib/gcc/nios2-elf/4.1.2/../../../../nios2-elf/lib\libstdc++.a(functexcept.o) (vtable for __cxxabiv1::__si_class_type_info)
c:/altera/13.0sp1/nios2eds/bin/gnu/h-i686-mingw32/bin/../lib/gcc/nios2-elf/4.1.2/../../../../nios2-elf/lib\libstdc++.a(eh_globals.o)
                              c:/altera/13.0sp1/nios2eds/bin/gnu/h-i686-mingw32/bin/../lib/gcc/nios2-elf/4.1.2/../../../../nios2-elf/lib\libstdc++.a(eh_catch.o) (__cxa_get_globals_fast)
c:/altera/13.0sp1/nios2eds/bin/gnu/h-i686-mingw32/bin/../lib/gcc/nios2-elf/4.1.2/../../../../nios2-elf/lib\libstdc++.a(eh_terminate.o)
                              c:/altera/13.0sp1/nios2eds/bin/gnu/h-i686-mingw32/bin/../lib/gcc/nios2-elf/4.1.2/../../../../nios2-elf/lib\libstdc++.a(eh_throw.o) (__cxxabiv1::__terminate(void (*)()))
[...]
Memory Configuration

Name             Origin             Length             Attributes
reset            0x00000000         0x00000020
sdram            0x00000020         0x01ffffe0
onchip_memory    0x02201000         0x00001000
*default*        0x00000000         0xffffffff

Linker script and memory map

LOAD C:/Users/Francisco/Desktop/DE2_70_NIOS_GRAYSCALE/Eclipse/Software/DE2_70_D5M_NIOS_bsp//obj/HAL/src/crt0.o
LOAD obj/default/image.o
LOAD obj/default/stdio-wrapper.o
LOAD obj/default/haar.o
LOAD obj/default/main.o
LOAD obj/default/rectangles.o
LOAD c:/altera/13.0sp1/nios2eds/bin/gnu/h-i686-mingw32/bin/../lib/gcc/nios2-elf/4.1.2/../../../../nios2-elf/lib\libstdc++.a
LOAD c:/altera/13.0sp1/nios2eds/bin/gnu/h-i686-mingw32/bin/../lib/gcc/nios2-elf/4.1.2/../../../../nios2-elf/lib\libm.a
LOAD c:/altera/13.0sp1/nios2eds/bin/gnu/h-i686-mingw32/bin/../lib/gcc/nios2-elf/4.1.2\libgcc.a
START GROUP
LOAD c:/altera/13.0sp1/nios2eds/bin/gnu/h-i686-mingw32/bin/../lib/gcc/nios2-elf/4.1.2/../../../../nios2-elf/lib\libc.a
LOAD c:/altera/13.0sp1/nios2eds/bin/gnu/h-i686-mingw32/bin/../lib/gcc/nios2-elf/4.1.2\libgcc.a
LOAD C:/Users/Francisco/Desktop/DE2_70_NIOS_GRAYSCALE/Eclipse/Software/DE2_70_D5M_NIOS_bsp/\libhal_bsp.a
END GROUP
LOAD c:/altera/13.0sp1/nios2eds/bin/gnu/h-i686-mingw32/bin/../lib/gcc/nios2-elf/4.1.2\libgcc.a
                0x00000000                __alt_mem_sdram = 0x0
                0x02201000                __alt_mem_onchip_memory = 0x2201000

.entry          0x00000000       0x20
 *(.entry)
 .entry         0x00000000       0x20 C:/Users/Francisco/Desktop/DE2_70_NIOS_GRAYSCALE/Eclipse/Software/DE2_70_D5M_NIOS_bsp//obj/HAL/src/crt0.o
                0x00000000                __reset

.exceptions     0x00000020      0x194
                0x00000020                PROVIDE (__ram_exceptions_start, ABSOLUTE (.))
                0x00000020                . = ALIGN (0x20)
 *(.irq)
 *(.exceptions.entry.label)
 .exceptions.entry.label
                0x00000020        0x0 C:/Users/Francisco/Desktop/DE2_70_NIOS_GRAYSCALE/Eclipse/Software/DE2_70_D5M_NIOS_bsp/\libhal_bsp.a(alt_irq_entry.o)
                0x00000020                alt_irq_entry
 .exceptions.entry.label
                0x00000020        0x0 C:/Users/Francisco/Desktop/DE2_70_NIOS_GRAYSCALE/Eclipse/Software/DE2_70_D5M_NIOS_bsp/\libhal_bsp.a(alt_exception_entry.o)
                0x00000020                alt_exception
 *(.exceptions.entry.user)
 *(.exceptions.entry)
 .exceptions.entry
                0x00000020       0x54 C:/Users/Francisco/Desktop/DE2_70_NIOS_GRAYSCALE/Eclipse/Software/DE2_70_D5M_NIOS_bsp/\libhal_bsp.a(alt_exception_entry.o)
 *(.exceptions.irqtest.user)
 *(.exceptions.irqtest)
 .exceptions.irqtest
                0x00000074       0x10 C:/Users/Francisco/Desktop/DE2_70_NIOS_GRAYSCALE/Eclipse/Software/DE2_70_D5M_NIOS_bsp/\libhal_bsp.a(alt_irq_entry.o)
 *(.exceptions.irqhandler.user)
 *(.exceptions.irqhandler)
 .exceptions.irqhandler
                0x00000084        0x4 C:/Users/Francisco/Desktop/DE2_70_NIOS_GRAYSCALE/Eclipse/Software/DE2_70_D5M_NIOS_bsp/\libhal_bsp.a(alt_irq_entry.o)
 *(.exceptions.irqreturn.user)
 *(.exceptions.irqreturn)
 .exceptions.irqreturn
                0x00000088        0x4 C:/Users/Francisco/Desktop/DE2_70_NIOS_GRAYSCALE/Eclipse/Software/DE2_70_D5M_NIOS_bsp/\libhal_bsp.a(alt_irq_entry.o)
 *(.exceptions.notirq.label)
 .exceptions.notirq.label
                0x0000008c        0x0 C:/Users/Francisco/Desktop/DE2_70_NIOS_GRAYSCALE/Eclipse/Software/DE2_70_D5M_NIOS_bsp/\libhal_bsp.a(alt_irq_entry.o)
 *(.exceptions.notirq.user)
 *(.exceptions.notirq)
 .exceptions.notirq
                0x0000008c        0x8 C:/Users/Francisco/Desktop/DE2_70_NIOS_GRAYSCALE/Eclipse/Software/DE2_70_D5M_NIOS_bsp/\libhal_bsp.a(alt_exception_entry.o)
 *(.exceptions.soft.user)
 *(.exceptions.soft)
 *(.exceptions.unknown.user)
 *(.exceptions.unknown)
 .exceptions.unknown
                0x00000094        0x4 C:/Users/Francisco/Desktop/DE2_70_NIOS_GRAYSCALE/Eclipse/Software/DE2_70_D5M_NIOS_bsp/\libhal_bsp.a(alt_exception_entry.o)
 *(.exceptions.exit.label)
 .exceptions.exit.label
                0x00000098        0x0 C:/Users/Francisco/Desktop/DE2_70_NIOS_GRAYSCALE/Eclipse/Software/DE2_70_D5M_NIOS_bsp/\libhal_bsp.a(alt_irq_entry.o)
 .exceptions.exit.label
                0x00000098        0x0 C:/Users/Francisco/Desktop/DE2_70_NIOS_GRAYSCALE/Eclipse/Software/DE2_70_D5M_NIOS_bsp/\libhal_bsp.a(alt_exception_entry.o)
 *(.exceptions.exit.user)
 *(.exceptions.exit)
 .exceptions.exit
                0x00000098       0x54 C:/Users/Francisco/Desktop/DE2_70_NIOS_GRAYSCALE/Eclipse/Software/DE2_70_D5M_NIOS_bsp/\libhal_bsp.a(alt_exception_entry.o)
 *(.exceptions)
 .exceptions    0x000000ec       0xc8 C:/Users/Francisco/Desktop/DE2_70_NIOS_GRAYSCALE/Eclipse/Software/DE2_70_D5M_NIOS_bsp/\libhal_bsp.a(alt_irq_handler.o)
                0x000000ec                alt_irq_handler
                0x000001b4                PROVIDE (__ram_exceptions_end, ABSOLUTE (.))
                0x00000020                PROVIDE (__flash_exceptions_start, LOADADDR (.exceptions))

.text           0x000001b4    0x1e340
                0x000001b4                PROVIDE (stext, ABSOLUTE (.))
 *(.interp)
 *(.hash)
 *(.dynsym)
 *(.dynstr)
 *(.gnu.version)
 *(.gnu.version_d)
 *(.gnu.version_r)
 *(.rel.init)
 *(.rela.init)
 *(.rel.text .rel.text.* .rel.gnu.linkonce.t.*)
 *(.rela.text .rela.text.* .rela.gnu.linkonce.t.*)
 *(.rel.fini)
 *(.rela.fini)
 *(.rel.rodata .rel.rodata.* .rel.gnu.linkonce.r.*)
 *(.rela.rodata .rela.rodata.* .rela.gnu.linkonce.r.*)
 *(.rel.data .rel.data.* .rel.gnu.linkonce.d.*)
 *(.rela.data .rela.data.* .rela.gnu.linkonce.d.*)
 *(.rel.tdata .rel.tdata.* .rel.gnu.linkonce.td.*)
 *(.rela.tdata .rela.tdata.* .rela.gnu.linkonce.td.*)
 *(.rel.tbss .rel.tbss.* .rel.gnu.linkonce.tb.*)
 *(.rela.tbss .rela.tbss.* .rela.gnu.linkonce.tb.*)
 *(.rel.ctors)
 *(.rela.ctors)
 *(.rel.dtors)
 *(.rela.dtors)
 *(.rel.got)
 *(.rela.got)
 *(.rel.sdata .rel.sdata.* .rel.gnu.linkonce.s.*)
 *(.rela.sdata .rela.sdata.* .rela.gnu.linkonce.s.*)
 *(.rel.sbss .rel.sbss.* .rel.gnu.linkonce.sb.*)
 *(.rela.sbss .rela.sbss.* .rela.gnu.linkonce.sb.*)
 *(.rel.sdata2 .rel.sdata2.* .rel.gnu.linkonce.s2.*)
 *(.rela.sdata2 .rela.sdata2.* .rela.gnu.linkonce.s2.*)
 *(.rel.sbss2 .rel.sbss2.* .rel.gnu.linkonce.sb2.*)
 *(.rela.sbss2 .rela.sbss2.* .rela.gnu.linkonce.sb2.*)
 *(.rel.bss .rel.bss.* .rel.gnu.linkonce.b.*)
 *(.rela.bss .rela.bss.* .rela.gnu.linkonce.b.*)
 *(.rel.plt)
 *(.rela.plt)
 *(.rel.dyn)
 *(.init)
 *(.plt)
 *(.text .stub .text.* .gnu.linkonce.t.*)
 .text          0x000001b4       0x4c C:/Users/Francisco/Desktop/DE2_70_NIOS_GRAYSCALE/Eclipse/Software/DE2_70_D5M_NIOS_bsp//obj/HAL/src/crt0.o
                0x000001b4                _start
 .text          0x00000200      0xa7c obj/default/image.o
                0x00000200                strrev
                0x00000314                myatoi
                0x00000414                itochar
                0x000004c4                readPgm
                0x00000794                writePgm
                0x00000928                cpyPgm
                0x00000a44                createImage
                0x00000ab8                createSumImage
                0x00000b34                freeImage
                0x00000b98                freeSumImage
                0x00000bfc                setImage
                0x00000c3c                setSumImage
 .text          0x00000c7c        0x0 obj/default/stdio-wrapper.o
 .text          0x00000c7c     0x19d0 obj/default/haar.o
                0x00000c7c                int_sqrt(unsigned int)
                0x00000d44                setImageForCascadeClassifier
                0x0000154c                runCascadeClassifier
                0x00001898                integralImages(MyImage*, MyIntImage*, MyIntImage*)
                0x00001a88                nearestNeighbor(MyImage*, MyImage*)
                0x00001c04                releaseTextClassifier
                0x00001c68                readTextClassifier
                0x000020b4                ScaleImage_Invoker(myCascade*, float, int, int, std::vector<MyRect, std::allocator<MyRect> >&)
                0x0000226c                detectObjects
 .text._ZnwmPv  0x0000264c       0x28 obj/default/haar.o
                0x0000264c                operator new(unsigned long, void*)
 .text._Z7myRoundf
                0x00002674       0xa4 obj/default/haar.o
                0x00002674                myRound(float)
 .text._Z18evalWeakClassifieriiiii
                0x00002718      0x3e4 obj/default/haar.o
                0x00002718                evalWeakClassifier(int, int, int, int, int)
 .text._ZN9__gnu_cxx13new_allocatorI6MyRectEC2Ev
                0x00002afc       0x20 obj/default/haar.o
                0x00002afc                __gnu_cxx::new_allocator<MyRect>::new_allocator()
 .text._ZNSaI6MyRectEC1Ev
                0x00002b1c       0x30 obj/default/haar.o
                0x00002b1c                std::allocator<MyRect>::allocator()
 .text._ZN9__gnu_cxx13new_allocatorI6MyRectED2Ev
                0x00002b4c       0x20 obj/default/haar.o
                0x00002b4c                __gnu_cxx::new_allocator<MyRect>::~new_allocator()
 .text._ZNSaI6MyRectED1Ev
                0x00002b6c       0x30 obj/default/haar.o
                0x00002b6c                std::allocator<MyRect>::~allocator()
 .text._ZNSaI6MyRectED2Ev
                0x00002b9c       0x30 obj/default/haar.o
                0x00002b9c                std::allocator<MyRect>::~allocator()
 .text._ZN9__gnu_cxx13new_allocatorI6MyRectEC2ERKS2_
                0x00002bcc       0x24 obj/default/haar.o
                0x00002bcc                __gnu_cxx::new_allocator<MyRect>::new_allocator(__gnu_cxx::new_allocator<MyRect> const&)
 .text._ZNSaI6MyRectEC1ERKS0_
                0x00002bf0       0x38 obj/default/haar.o
                0x00002bf0                std::allocator<MyRect>::allocator(std::allocator<MyRect> const&)
 .text._ZNSaI6MyRectEC2ERKS0_
                0x00002c28       0x38 obj/default/haar.o
                0x00002c28                std::allocator<MyRect>::allocator(std::allocator<MyRect> const&)
 .text._ZNSt12_Vector_baseI6MyRectSaIS0_EE12_Vector_implD1Ev
                0x00002c60       0x30 obj/default/haar.o
                0x00002c60                std::_Vector_base<MyRect, std::allocator<MyRect> >::_Vector_impl::~_Vector_impl()
 .text._ZNSt12_Vector_baseI6MyRectSaIS0_EE19_M_get_Tp_allocatorEv
                0x00002c90       0x24 obj/default/haar.o
                0x00002c90                std::_Vector_base<MyRect, std::allocator<MyRect> >::_M_get_Tp_allocator()
 .text._ZN9__gnu_cxx13new_allocatorI6MyRectE9constructEPS1_RKS1_
                0x00002cb4       0x80 obj/default/haar.o
                0x00002cb4                __gnu_cxx::new_allocator<MyRect>::construct(MyRect*, MyRect const&)
 .text._ZNSt12_Vector_baseI6MyRectSaIS0_EE12_Vector_implC1ERKS1_
                0x00002d34       0x50 obj/default/haar.o
                0x00002d34                std::_Vector_base<MyRect, std::allocator<MyRect> >::_Vector_impl::_Vector_impl(std::allocator<MyRect> const&)
 .text._ZNSt12_Vector_baseI6MyRectSaIS0_EEC2ERKS1_
                0x00002d84       0x38 obj/default/haar.o
                0x00002d84                std::_Vector_base<MyRect, std::allocator<MyRect> >::_Vector_base(std::allocator<MyRect> const&)
 .text._ZNSt6vectorI6MyRectSaIS0_EEC1ERKS1_
                0x00002dbc       0x38 obj/default/haar.o
                0x00002dbc                std::vector<MyRect, std::allocator<MyRect> >::vector(std::allocator<MyRect> const&)
 .text._ZN9__gnu_cxx17__normal_iteratorIPK6MyRectSt6vectorIS1_SaIS1_EEEC1ERKS3_
                0x00002df4       0x34 obj/default/haar.o
                0x00002df4                __gnu_cxx::__normal_iterator<MyRect const*, std::vector<MyRect, std::allocator<MyRect> > >::__normal_iterator(MyRect const* const&)
 .text._ZNKSt6vectorI6MyRectSaIS0_EE3endEv
                0x00002e28       0x44 obj/default/haar.o
                0x00002e28                std::vector<MyRect, std::allocator<MyRect> >::end() const
 .text._ZNKSt6vectorI6MyRectSaIS0_EE5beginEv
                0x00002e6c       0x44 obj/default/haar.o
                0x00002e6c                std::vector<MyRect, std::allocator<MyRect> >::begin() const
 .text._ZN9__gnu_cxx17__normal_iteratorIP6MyRectSt6vectorIS1_SaIS1_EEEC1ERKS2_
                0x00002eb0       0x34 obj/default/haar.o
                0x00002eb0                __gnu_cxx::__normal_iterator<MyRect*, std::vector<MyRect, std::allocator<MyRect> > >::__normal_iterator(MyRect* const&)
 .text._ZNSt6vectorI6MyRectSaIS0_EE3endEv
                0x00002ee4       0x3c obj/default/haar.o
                0x00002ee4                std::vector<MyRect, std::allocator<MyRect> >::end()
 .text._ZNK9__gnu_cxx17__normal_iteratorIP6MyRectSt6vectorIS1_SaIS1_EEEdeEv
                0x00002f20       0x28 obj/default/haar.o
                0x00002f20                __gnu_cxx::__normal_iterator<MyRect*, std::vector<MyRect, std::allocator<MyRect> > >::operator*() const
 .text._ZNKSt6vectorI6MyRectSaIS0_EE8max_sizeEv
                0x00002f48       0x28 obj/default/haar.o
                0x00002f48                std::vector<MyRect, std::allocator<MyRect> >::max_size() const
 .text._ZNK9__gnu_cxx17__normal_iteratorIP6MyRectSt6vectorIS1_SaIS1_EEE4baseEv
                0x00002f70       0x24 obj/default/haar.o
                0x00002f70                __gnu_cxx::__normal_iterator<MyRect*, std::vector<MyRect, std::allocator<MyRect> > >::base() const
 .text._ZN9__gnu_cxx17__normal_iteratorIP6MyRectSt6vectorIS1_SaIS1_EEEppEv
                0x00002f94       0x38 obj/default/haar.o
                0x00002f94                __gnu_cxx::__normal_iterator<MyRect*, std::vector<MyRect, std::allocator<MyRect> > >::operator++()
 .text._ZNSt6vectorI6MyRectSaIS0_EE5beginEv
                0x00002fcc       0x38 obj/default/haar.o
                0x00002fcc                std::vector<MyRect, std::allocator<MyRect> >::begin()
 .text._ZNK9__gnu_cxx17__normal_iteratorIPK6MyRectSt6vectorIS1_SaIS1_EEE4baseEv
                0x00003004       0x24 obj/default/haar.o
                0x00003004                __gnu_cxx::__normal_iterator<MyRect const*, std::vector<MyRect, std::allocator<MyRect> > >::base() const
 .text._ZN9__gnu_cxxmiIPK6MyRectS3_St6vectorIS1_SaIS1_EEEENS_17__normal_iteratorIT_T1_E15difference_typeERKSA_RKNS7_IT0_S9_EE
                0x00003028       0x58 obj/default/haar.o
                0x00003028                __gnu_cxx::__normal_iterator<MyRect const*, std::vector<MyRect, std::allocator<MyRect> > >::difference_type __gnu_cxx::operator-<MyRect const*, MyRect const*, std::vector<MyRect, std::allocator<MyRect> > >(__gnu_cxx::__normal_iterator<MyRect const*, std::vector<MyRect, std::allocator<MyRect> > > const&, __gnu_cxx::__normal_iterator<MyRect const*, std::vector<MyRect, std::allocator<MyRect> > > const&)
 .text._ZNKSt6vectorI6MyRectSaIS0_EE4sizeEv
                0x00003080       0x4c obj/default/haar.o
                0x00003080                std::vector<MyRect, std::allocator<MyRect> >::size() const
 .text._ZN6MyRectD1Ev
                0x000030cc       0x20 obj/default/haar.o
                0x000030cc                MyRect::~MyRect()
 .text._ZSt8_DestroyI6MyRectEvPT_
                0x000030ec       0x30 obj/default/haar.o
                0x000030ec                void std::_Destroy<MyRect>(MyRect*)
 .text._ZSt13__destroy_auxIP6MyRectEvT_S2_12__false_type
                0x0000311c       0x54 obj/default/haar.o
                0x0000311c                void std::__destroy_aux<MyRect*>(MyRect*, MyRect*, __false_type)
 .text._ZSt8_DestroyIP6MyRectEvT_S2_
                0x00003170       0x3c obj/default/haar.o
                0x00003170                void std::_Destroy<MyRect*>(MyRect*, MyRect*)
 .text._ZSt8_DestroyIP6MyRectS0_EvT_S2_SaIT0_E
                0x000031ac       0x3c obj/default/haar.o
                0x000031ac                void std::_Destroy<MyRect*, MyRect>(MyRect*, MyRect*, std::allocator<MyRect>)
 .text._ZNK9__gnu_cxx13new_allocatorI6MyRectE8max_sizeEv
                0x000031e8       0x28 obj/default/haar.o
                0x000031e8                __gnu_cxx::new_allocator<MyRect>::max_size() const
 .text._ZSt10_ConstructI6MyRectS0_EvPT_RKT0_
                0x00003210       0x7c obj/default/haar.o
                0x00003210                void std::_Construct<MyRect, MyRect>(MyRect*, MyRect const&)
 .text._ZNSt15__copy_backwardILb0ESt26random_access_iterator_tagE6copy_bIP6MyRectS4_EET0_T_S6_S5_
                0x0000328c       0x9c obj/default/haar.o
                0x0000328c                MyRect* std::__copy_backward<false, std::random_access_iterator_tag>::copy_b<MyRect*, MyRect*>(MyRect*, MyRect*, MyRect*)
 .text._ZSt19__copy_backward_auxIP6MyRectS1_ET0_T_S3_S2_
                0x00003328       0x44 obj/default/haar.o
                0x00003328                MyRect* std::__copy_backward_aux<MyRect*, MyRect*>(MyRect*, MyRect*, MyRect*)
 .text._ZNSt22__copy_backward_normalILb1ELb1EE8copy_b_nIN9__gnu_cxx17__normal_iteratorIP6MyRectSt6vectorIS4_SaIS4_EEEES9_EET0_T_SB_SA_
                0x0000336c       0x84 obj/default/haar.o
                0x0000336c                __gnu_cxx::__normal_iterator<MyRect*, std::vector<MyRect, std::allocator<MyRect> > > std::__copy_backward_normal<true, true>::copy_b_n<__gnu_cxx::__normal_iterator<MyRect*, std::vector<MyRect, std::allocator<MyRect> > >, __gnu_cxx::__normal_iterator<MyRect*, std::vector<MyRect, std::allocator<MyRect> > > >(__gnu_cxx::__normal_iterator<MyRect*, std::vector<MyRect, std::allocator<MyRect> > >, __gnu_cxx::__normal_iterator<MyRect*, std::vector<MyRect, std::allocator<MyRect> > >, __gnu_cxx::__normal_iterator<MyRect*, std::vector<MyRect, std::allocator<MyRect> > >)
 .text._ZSt13copy_backwardIN9__gnu_cxx17__normal_iteratorIP6MyRectSt6vectorIS2_SaIS2_EEEES7_ET0_T_S9_S8_
                0x000033f0       0x50 obj/default/haar.o
                0x000033f0                __gnu_cxx::__normal_iterator<MyRect*, std::vector<MyRect, std::allocator<MyRect> > > std::copy_backward<__gnu_cxx::__normal_iterator<MyRect*, std::vector<MyRect, std::allocator<MyRect> > >, __gnu_cxx::__normal_iterator<MyRect*, std::vector<MyRect, std::allocator<MyRect> > > >(__gnu_cxx::__normal_iterator<MyRect*, std::vector<MyRect, std::allocator<MyRect> > >, __gnu_cxx::__normal_iterator<MyRect*, std::vector<MyRect, std::allocator<MyRect> > >, __gnu_cxx::__normal_iterator<MyRect*, std::vector<MyRect, std::allocator<MyRect> > >)
 .text._ZN9__gnu_cxxneIP6MyRectSt6vectorIS1_SaIS1_EEEEbRKNS_17__normal_iteratorIT_T0_EESB_
                0x00003440       0x50 obj/default/haar.o
                0x00003440                bool __gnu_cxx::operator!=<MyRect*, std::vector<MyRect, std::allocator<MyRect> > >(__gnu_cxx::__normal_iterator<MyRect*, std::vector<MyRect, std::allocator<MyRect> > > const&, __gnu_cxx::__normal_iterator<MyRect*, std::vector<MyRect, std::allocator<MyRect> > > const&)
 .text._ZSt24__uninitialized_copy_auxIN9__gnu_cxx17__normal_iteratorIP6MyRectSt6vectorIS2_SaIS2_EEEES7_ET0_T_S9_S8_12__false_type
                0x00003490       0x94 obj/default/haar.o
                0x00003490                __gnu_cxx::__normal_iterator<MyRect*, std::vector<MyRect, std::allocator<MyRect> > > std::__uninitialized_copy_aux<__gnu_cxx::__normal_iterator<MyRect*, std::vector<MyRect, std::allocator<MyRect> > >, __gnu_cxx::__normal_iterator<MyRect*, std::vector<MyRect, std::allocator<MyRect> > > >(__gnu_cxx::__normal_iterator<MyRect*, std::vector<MyRect, std::allocator<MyRect> > >, __gnu_cxx::__normal_iterator<MyRect*, std::vector<MyRect, std::allocator<MyRect> > >, __gnu_cxx::__normal_iterator<MyRect*, std::vector<MyRect, std::allocator<MyRect> > >, __false_type)
 .text._ZSt18uninitialized_copyIN9__gnu_cxx17__normal_iteratorIP6MyRectSt6vectorIS2_SaIS2_EEEES7_ET0_T_S9_S8_
                0x00003524       0x44 obj/default/haar.o
                0x00003524                __gnu_cxx::__normal_iterator<MyRect*, std::vector<MyRect, std::allocator<MyRect> > > std::uninitialized_copy<__gnu_cxx::__normal_iterator<MyRect*, std::vector<MyRect, std::allocator<MyRect> > >, __gnu_cxx::__normal_iterator<MyRect*, std::vector<MyRect, std::allocator<MyRect> > > >(__gnu_cxx::__normal_iterator<MyRect*, std::vector<MyRect, std::allocator<MyRect> > >, __gnu_cxx::__normal_iterator<MyRect*, std::vector<MyRect, std::allocator<MyRect> > >, __gnu_cxx::__normal_iterator<MyRect*, std::vector<MyRect, std::allocator<MyRect> > >)
 .text._ZSt22__uninitialized_copy_aIN9__gnu_cxx17__normal_iteratorIP6MyRectSt6vectorIS2_SaIS2_EEEES7_S2_ET0_T_S9_S8_SaIT1_E
                0x00003568       0x44 obj/default/haar.o
                0x00003568                __gnu_cxx::__normal_iterator<MyRect*, std::vector<MyRect, std::allocator<MyRect> > > std::__uninitialized_copy_a<__gnu_cxx::__normal_iterator<MyRect*, std::vector<MyRect, std::allocator<MyRect> > >, __gnu_cxx::__normal_iterator<MyRect*, std::vector<MyRect, std::allocator<MyRect> > >, MyRect>(__gnu_cxx::__normal_iterator<MyRect*, std::vector<MyRect, std::allocator<MyRect> > >, __gnu_cxx::__normal_iterator<MyRect*, std::vector<MyRect, std::allocator<MyRect> > >, __gnu_cxx::__normal_iterator<MyRect*, std::vector<MyRect, std::allocator<MyRect> > >, std::allocator<MyRect>)
 .text._ZSt13__destroy_auxIN9__gnu_cxx17__normal_iteratorIP6MyRectSt6vectorIS2_SaIS2_EEEEEvT_S8_12__false_type
                0x000035ac       0x64 obj/default/haar.o
                0x000035ac                void std::__destroy_aux<__gnu_cxx::__normal_iterator<MyRect*, std::vector<MyRect, std::allocator<MyRect> > > >(__gnu_cxx::__normal_iterator<MyRect*, std::vector<MyRect, std::allocator<MyRect> > >, __gnu_cxx::__normal_iterator<MyRect*, std::vector<MyRect, std::allocator<MyRect> > >, __false_type)
 .text._ZSt8_DestroyIN9__gnu_cxx17__normal_iteratorIP6MyRectSt6vectorIS2_SaIS2_EEEEEvT_S8_
                0x00003610       0x3c obj/default/haar.o
                0x00003610                void std::_Destroy<__gnu_cxx::__normal_iterator<MyRect*, std::vector<MyRect, std::allocator<MyRect> > > >(__gnu_cxx::__normal_iterator<MyRect*, std::vector<MyRect, std::allocator<MyRect> > >, __gnu_cxx::__normal_iterator<MyRect*, std::vector<MyRect, std::allocator<MyRect> > >)
 .text._ZSt8_DestroyIN9__gnu_cxx17__normal_iteratorIP6MyRectSt6vectorIS2_SaIS2_EEEES2_EvT_S8_SaIT0_E
                0x0000364c       0x3c obj/default/haar.o
                0x0000364c                void std::_Destroy<__gnu_cxx::__normal_iterator<MyRect*, std::vector<MyRect, std::allocator<MyRect> > >, MyRect>(__gnu_cxx::__normal_iterator<MyRect*, std::vector<MyRect, std::allocator<MyRect> > >, __gnu_cxx::__normal_iterator<MyRect*, std::vector<MyRect, std::allocator<MyRect> > >, std::allocator<MyRect>)
 .text._ZN9__gnu_cxx13new_allocatorI6MyRectE8allocateEmPKv
                0x00003688       0x64 obj/default/haar.o
                0x00003688                __gnu_cxx::new_allocator<MyRect>::allocate(unsigned long, void const*)
 .text._ZNSt12_Vector_baseI6MyRectSaIS0_EE11_M_allocateEm
                0x000036ec       0x40 obj/default/haar.o
                0x000036ec                std::_Vector_base<MyRect, std::allocator<MyRect> >::_M_allocate(unsigned long)
 .text._ZN9__gnu_cxx13new_allocatorI6MyRectE10deallocateEPS1_m
                0x0000372c       0x38 obj/default/haar.o
                0x0000372c                __gnu_cxx::new_allocator<MyRect>::deallocate(MyRect*, unsigned long)
 .text._ZNSt12_Vector_baseI6MyRectSaIS0_EE13_M_deallocateEPS0_m
                0x00003764       0x50 obj/default/haar.o
                0x00003764                std::_Vector_base<MyRect, std::allocator<MyRect> >::_M_deallocate(MyRect*, unsigned long)
 .text._ZNSt6vectorI6MyRectSaIS0_EE13_M_insert_auxEN9__gnu_cxx17__normal_iteratorIPS0_S2_EERKS0_
                0x000037b4      0x32c obj/default/haar.o
                0x000037b4                std::vector<MyRect, std::allocator<MyRect> >::_M_insert_aux(__gnu_cxx::__normal_iterator<MyRect*, std::vector<MyRect, std::allocator<MyRect> > >, MyRect const&)
 .text._ZNSt6vectorI6MyRectSaIS0_EE9push_backERKS0_
                0x00003ae0       0x88 obj/default/haar.o
                0x00003ae0                std::vector<MyRect, std::allocator<MyRect> >::push_back(MyRect const&)
 .text._ZNSt12_Vector_baseI6MyRectSaIS0_EED2Ev
                0x00003b68       0x60 obj/default/haar.o
                0x00003b68                std::_Vector_base<MyRect, std::allocator<MyRect> >::~_Vector_base()
 .text._ZNSt6vectorI6MyRectSaIS0_EED1Ev
                0x00003bc8       0x7c obj/default/haar.o
                0x00003bc8                std::vector<MyRect, std::allocator<MyRect> >::~vector()
 .text          0x00003c44      0x360 obj/default/main.o
                0x00003c44                main
 .text._ZNK9__gnu_cxx17__normal_iteratorIPK6MyRectSt6vectorIS1_SaIS1_EEEplERKl
                0x00003fa4       0x58 obj/default/main.o
                0x00003fa4                __gnu_cxx::__normal_iterator<MyRect const*, std::vector<MyRect, std::allocator<MyRect> > >::operator+(long const&) const
 .text._ZNK9__gnu_cxx17__normal_iteratorIP6MyRectSt6vectorIS1_SaIS1_EEEplERKl
                0x00003ffc       0x58 obj/default/main.o
                0x00003ffc                __gnu_cxx::__normal_iterator<MyRect*, std::vector<MyRect, std::allocator<MyRect> > >::operator+(long const&) const
 .text._ZNSt6vectorI6MyRectSaIS0_EEixEm
                0x00004054       0x58 obj/default/main.o
                0x00004054                std::vector<MyRect, std::allocator<MyRect> >::operator[](unsigned long)
 .text._ZNKSt6vectorI6MyRectSaIS0_EE8capacityEv
                0x000040ac       0x58 obj/default/main.o
                0x000040ac                std::vector<MyRect, std::allocator<MyRect> >::capacity() const
 .text._ZN9__gnu_cxxneIPK6MyRectSt6vectorIS1_SaIS1_EEEEbRKNS_17__normal_iteratorIT_T0_EESC_
                0x00004104       0x50 obj/default/main.o
                0x00004104                bool __gnu_cxx::operator!=<MyRect const*, std::vector<MyRect, std::allocator<MyRect> > >(__gnu_cxx::__normal_iterator<MyRect const*, std::vector<MyRect, std::allocator<MyRect> > > const&, __gnu_cxx::__normal_iterator<MyRect const*, std::vector<MyRect, std::allocator<MyRect> > > const&)
 .text._ZN9__gnu_cxx17__normal_iteratorIPK6MyRectSt6vectorIS1_SaIS1_EEEppEv
                0x00004154       0x38 obj/default/main.o
                0x00004154                __gnu_cxx::__normal_iterator<MyRect const*, std::vector<MyRect, std::allocator<MyRect> > >::operator++()
 .text._ZNK9__gnu_cxx17__normal_iteratorIPK6MyRectSt6vectorIS1_SaIS1_EEEdeEv
                0x0000418c       0x28 obj/default/main.o
                0x0000418c                __gnu_cxx::__normal_iterator<MyRect const*, std::vector<MyRect, std::allocator<MyRect> > >::operator*() const
 .text._ZSt24__uninitialized_copy_auxIN9__gnu_cxx17__normal_iteratorIPK6MyRectSt6vectorIS2_SaIS2_EEEEPS2_ET0_T_SB_SA_12__false_type
                0x000041b4       0x84 obj/default/main.o
                0x000041b4                MyRect* std::__uninitialized_copy_aux<__gnu_cxx::__normal_iterator<MyRect const*, std::vector<MyRect, std::allocator<MyRect> > >, MyRect*>(__gnu_cxx::__normal_iterator<MyRect const*, std::vector<MyRect, std::allocator<MyRect> > >, __gnu_cxx::__normal_iterator<MyRect const*, std::vector<MyRect, std::allocator<MyRect> > >, MyRect*, __false_type)
 .text._ZSt18uninitialized_copyIN9__gnu_cxx17__normal_iteratorIPK6MyRectSt6vectorIS2_SaIS2_EEEEPS2_ET0_T_SB_SA_
                0x00004238       0x44 obj/default/main.o
                0x00004238                MyRect* std::uninitialized_copy<__gnu_cxx::__normal_iterator<MyRect const*, std::vector<MyRect, std::allocator<MyRect> > >, MyRect*>(__gnu_cxx::__normal_iterator<MyRect const*, std::vector<MyRect, std::allocator<MyRect> > >, __gnu_cxx::__normal_iterator<MyRect const*, std::vector<MyRect, std::allocator<MyRect> > >, MyRect*)
 .text._ZSt22__uninitialized_copy_aIN9__gnu_cxx17__normal_iteratorIPK6MyRectSt6vectorIS2_SaIS2_EEEEPS2_S2_ET0_T_SB_SA_SaIT1_E
                0x0000427c       0x44 obj/default/main.o
                0x0000427c                MyRect* std::__uninitialized_copy_a<__gnu_cxx::__normal_iterator<MyRect const*, std::vector<MyRect, std::allocator<MyRect> > >, MyRect*, MyRect>(__gnu_cxx::__normal_iterator<MyRect const*, std::vector<MyRect, std::allocator<MyRect> > >, __gnu_cxx::__normal_iterator<MyRect const*, std::vector<MyRect, std::allocator<MyRect> > >, MyRect*, std::allocator<MyRect>)
 .text._ZNSt6__copyILb0ESt26random_access_iterator_tagE4copyIPK6MyRectPS3_EET0_T_S8_S7_
                0x000042c0       0x9c obj/default/main.o
                0x000042c0                MyRect* std::__copy<false, std::random_access_iterator_tag>::copy<MyRect const*, MyRect*>(MyRect const*, MyRect const*, MyRect*)
 .text._ZSt10__copy_auxIPK6MyRectPS0_ET0_T_S5_S4_
                0x0000435c       0x44 obj/default/main.o
                0x0000435c                MyRect* std::__copy_aux<MyRect const*, MyRect*>(MyRect const*, MyRect const*, MyRect*)
 .text._ZNSt13__copy_normalILb1ELb1EE6copy_nIN9__gnu_cxx17__normal_iteratorIPK6MyRectSt6vectorIS4_SaIS4_EEEENS3_IPS4_S9_EEEET0_T_SE_SD_
                0x000043a0       0x84 obj/default/main.o
                0x000043a0                __gnu_cxx::__normal_iterator<MyRect*, std::vector<MyRect, std::allocator<MyRect> > > std::__copy_normal<true, true>::copy_n<__gnu_cxx::__normal_iterator<MyRect const*, std::vector<MyRect, std::allocator<MyRect> > >, __gnu_cxx::__normal_iterator<MyRect*, std::vector<MyRect, std::allocator<MyRect> > > >(__gnu_cxx::__normal_iterator<MyRect const*, std::vector<MyRect, std::allocator<MyRect> > >, __gnu_cxx::__normal_iterator<MyRect const*, std::vector<MyRect, std::allocator<MyRect> > >, __gnu_cxx::__normal_iterator<MyRect*, std::vector<MyRect, std::allocator<MyRect> > >)
 .text._ZSt4copyIN9__gnu_cxx17__normal_iteratorIPK6MyRectSt6vectorIS2_SaIS2_EEEENS1_IPS2_S7_EEET0_T_SC_SB_
                0x00004424       0x50 obj/default/main.o
                0x00004424                __gnu_cxx::__normal_iterator<MyRect*, std::vector<MyRect, std::allocator<MyRect> > > std::copy<__gnu_cxx::__normal_iterator<MyRect const*, std::vector<MyRect, std::allocator<MyRect> > >, __gnu_cxx::__normal_iterator<MyRect*, std::vector<MyRect, std::allocator<MyRect> > > >(__gnu_cxx::__normal_iterator<MyRect const*, std::vector<MyRect, std::allocator<MyRect> > >, __gnu_cxx::__normal_iterator<MyRect const*, std::vector<MyRect, std::allocator<MyRect> > >, __gnu_cxx::__normal_iterator<MyRect*, std::vector<MyRect, std::allocator<MyRect> > >)
 .text._ZNSt13__copy_normalILb1ELb0EE6copy_nIN9__gnu_cxx17__normal_iteratorIPK6MyRectSt6vectorIS4_SaIS4_EEEEPS4_EET0_T_SD_SC_
                0x00004474       0x5c obj/default/main.o
                0x00004474                MyRect* std::__copy_normal<true, false>::copy_n<__gnu_cxx::__normal_iterator<MyRect const*, std::vector<MyRect, std::allocator<MyRect> > >, MyRect*>(__gnu_cxx::__normal_iterator<MyRect const*, std::vector<MyRect, std::allocator<MyRect> > >, __gnu_cxx::__normal_iterator<MyRect const*, std::vector<MyRect, std::allocator<MyRect> > >, MyRect*)
 .text._ZSt4copyIN9__gnu_cxx17__normal_iteratorIPK6MyRectSt6vectorIS2_SaIS2_EEEEPS2_ET0_T_SB_SA_
                0x000044d0       0x4c obj/default/main.o
                0x000044d0                MyRect* std::copy<__gnu_cxx::__normal_iterator<MyRect const*, std::vector<MyRect, std::allocator<MyRect> > >, MyRect*>(__gnu_cxx::__normal_iterator<MyRect const*, std::vector<MyRect, std::allocator<MyRect> > >, __gnu_cxx::__normal_iterator<MyRect const*, std::vector<MyRect, std::allocator<MyRect> > >, MyRect*)
 .text._ZNSt6vectorI6MyRectSaIS0_EE20_M_allocate_and_copyIN9__gnu_cxx17__normal_iteratorIPKS0_S2_EEEEPS0_mT_SA_
                0x0000451c       0x78 obj/default/main.o
                0x0000451c                MyRect* std::vector<MyRect, std::allocator<MyRect> >::_M_allocate_and_copy<__gnu_cxx::__normal_iterator<MyRect const*, std::vector<MyRect, std::allocator<MyRect> > > >(unsigned long, __gnu_cxx::__normal_iterator<MyRect const*, std::vector<MyRect, std::allocator<MyRect> > >, __gnu_cxx::__normal_iterator<MyRect const*, std::vector<MyRect, std::allocator<MyRect> > >)
 .text._ZNSt6vectorI6MyRectSaIS0_EEaSERKS2_
                0x00004594      0x2a0 obj/default/main.o
                0x00004594                std::vector<MyRect, std::allocator<MyRect> >::operator=(std::vector<MyRect, std::allocator<MyRect> > const&)
 .text          0x00004834     0x11a8 obj/default/rectangles.o
                0x00004834                myMax(int, int)
                0x0000487c                myMin(int, int)
                0x000048c4                myAbs(int)
                0x0000490c                predicate(float, MyRect&, MyRect&)
                0x00004b38                drawRectangle
                0x00004cd0                partition(std::vector<MyRect, std::allocator<MyRect> >&, std::vector<int, std::allocator<int> >&, float)
                0x000052a4                groupRectangles
 .text._ZN9__gnu_cxx13new_allocatorIiEC2Ev
                0x000059dc       0x20 obj/default/rectangles.o
                0x000059dc                __gnu_cxx::new_allocator<int>::new_allocator()
 .text._ZNSaIiEC1Ev
                0x000059fc       0x30 obj/default/rectangles.o
                0x000059fc                std::allocator<int>::allocator()
 .text._ZN9__gnu_cxx13new_allocatorIiED2Ev
                0x00005a2c       0x20 obj/default/rectangles.o
                0x00005a2c                __gnu_cxx::new_allocator<int>::~new_allocator()
 .text._ZNSaIiED2Ev
                0x00005a4c       0x30 obj/default/rectangles.o
                0x00005a4c                std::allocator<int>::~allocator()
 .text._ZNSaIiED1Ev
                0x00005a7c       0x30 obj/default/rectangles.o
                0x00005a7c                std::allocator<int>::~allocator()
 .text._ZN9__gnu_cxx13new_allocatorIiEC2ERKS1_
                0x00005aac       0x24 obj/default/rectangles.o
                0x00005aac                __gnu_cxx::new_allocator<int>::new_allocator(__gnu_cxx::new_allocator<int> const&)
 .text._ZNSaIiEC2ERKS_
                0x00005ad0       0x38 obj/default/rectangles.o
                0x00005ad0                std::allocator<int>::allocator(std::allocator<int> const&)
 .text._ZNSaIiEC1ERKS_
                0x00005b08       0x38 obj/default/rectangles.o
                0x00005b08                std::allocator<int>::allocator(std::allocator<int> const&)
 .text._ZNSt12_Vector_baseIiSaIiEE12_Vector_implD1Ev
                0x00005b40       0x30 obj/default/rectangles.o
                0x00005b40                std::_Vector_base<int, std::allocator<int> >::_Vector_impl::~_Vector_impl()
 .text._ZNSt12_Vector_baseIiSaIiEE19_M_get_Tp_allocatorEv
                0x00005b70       0x24 obj/default/rectangles.o
                0x00005b70                std::_Vector_base<int, std::allocator<int> >::_M_get_Tp_allocator()
 .text._ZNK9__gnu_cxx17__normal_iteratorIPiSt6vectorIiSaIiEEEdeEv
                0x00005b94       0x28 obj/default/rectangles.o
                0x00005b94                __gnu_cxx::__normal_iterator<int*, std::vector<int, std::allocator<int> > >::operator*() const
 .text._ZN9__gnu_cxxeqIPK6MyRectSt6vectorIS1_SaIS1_EEEEbRKNS_17__normal_iteratorIT_T0_EESC_
                0x00005bbc       0x50 obj/default/rectangles.o
                0x00005bbc                bool __gnu_cxx::operator==<MyRect const*, std::vector<MyRect, std::allocator<MyRect> > >(__gnu_cxx::__normal_iterator<MyRect const*, std::vector<MyRect, std::allocator<MyRect> > > const&, __gnu_cxx::__normal_iterator<MyRect const*, std::vector<MyRect, std::allocator<MyRect> > > const&)
 .text._ZNKSt6vectorI6MyRectSaIS0_EE5emptyEv
                0x00005c0c       0x50 obj/default/rectangles.o
                0x00005c0c                std::vector<MyRect, std::allocator<MyRect> >::empty() const
 .text._ZNSt12_Vector_baseIiSaIiEE12_Vector_implC1ERKS0_
                0x00005c5c       0x50 obj/default/rectangles.o
                0x00005c5c                std::_Vector_base<int, std::allocator<int> >::_Vector_impl::_Vector_impl(std::allocator<int> const&)
 .text._ZNSt12_Vector_baseIiSaIiEEC2ERKS0_
                0x00005cac       0x38 obj/default/rectangles.o
                0x00005cac                std::_Vector_base<int, std::allocator<int> >::_Vector_base(std::allocator<int> const&)
 .text._ZNSt6vectorIiSaIiEEC1ERKS0_
                0x00005ce4       0x38 obj/default/rectangles.o
                0x00005ce4                std::vector<int, std::allocator<int> >::vector(std::allocator<int> const&)
 .text._ZN9__gnu_cxx17__normal_iteratorIPKiSt6vectorIiSaIiEEEC1ERKS2_
                0x00005d1c       0x34 obj/default/rectangles.o
                0x00005d1c                __gnu_cxx::__normal_iterator<int const*, std::vector<int, std::allocator<int> > >::__normal_iterator(int const* const&)
 .text._ZNKSt6vectorIiSaIiEE3endEv
                0x00005d50       0x44 obj/default/rectangles.o
                0x00005d50                std::vector<int, std::allocator<int> >::end() const
 .text._ZNKSt6vectorIiSaIiEE5beginEv
                0x00005d94       0x44 obj/default/rectangles.o
                0x00005d94                std::vector<int, std::allocator<int> >::begin() const
 .text._ZNK9__gnu_cxx17__normal_iteratorIPKiSt6vectorIiSaIiEEE4baseEv
                0x00005dd8       0x24 obj/default/rectangles.o
                0x00005dd8                __gnu_cxx::__normal_iterator<int const*, std::vector<int, std::allocator<int> > >::base() const
 .text._ZN9__gnu_cxxmiIPKiS2_St6vectorIiSaIiEEEENS_17__normal_iteratorIT_T1_E15difference_typeERKS9_RKNS6_IT0_S8_EE
                0x00005dfc       0x58 obj/default/rectangles.o
                0x00005dfc                __gnu_cxx::__normal_iterator<int const*, std::vector<int, std::allocator<int> > >::difference_type __gnu_cxx::operator-<int const*, int const*, std::vector<int, std::allocator<int> > >(__gnu_cxx::__normal_iterator<int const*, std::vector<int, std::allocator<int> > > const&, __gnu_cxx::__normal_iterator<int const*, std::vector<int, std::allocator<int> > > const&)
 .text._ZNKSt6vectorIiSaIiEE4sizeEv
                0x00005e54       0x4c obj/default/rectangles.o
                0x00005e54                std::vector<int, std::allocator<int> >::size() const
 .text._ZN9__gnu_cxx17__normal_iteratorIPiSt6vectorIiSaIiEEEC1ERKS1_
                0x00005ea0       0x34 obj/default/rectangles.o
                0x00005ea0                __gnu_cxx::__normal_iterator<int*, std::vector<int, std::allocator<int> > >::__normal_iterator(int* const&)
 .text._ZNSt6vectorIiSaIiEE5beginEv
                0x00005ed4       0x38 obj/default/rectangles.o
                0x00005ed4                std::vector<int, std::allocator<int> >::begin()
 .text._ZNK9__gnu_cxx17__normal_iteratorIPiSt6vectorIiSaIiEEEplERKl
                0x00005f0c       0x5c obj/default/rectangles.o
                0x00005f0c                __gnu_cxx::__normal_iterator<int*, std::vector<int, std::allocator<int> > >::operator+(long const&) const
 .text._ZNSt6vectorIiSaIiEEixEm
                0x00005f68       0x58 obj/default/rectangles.o
                0x00005f68                std::vector<int, std::allocator<int> >::operator[](unsigned long)
 .text._ZNSt6vectorIiSaIiEE3endEv
                0x00005fc0       0x3c obj/default/rectangles.o
                0x00005fc0                std::vector<int, std::allocator<int> >::end()
 .text._ZSt13__destroy_auxIPiEvT_S1_11__true_type
                0x00005ffc       0x28 obj/default/rectangles.o
                0x00005ffc                void std::__destroy_aux<int*>(int*, int*, __true_type)
 .text._ZSt8_DestroyIPiEvT_S1_
                0x00006024       0x3c obj/default/rectangles.o
                0x00006024                void std::_Destroy<int*>(int*, int*)
 .text._ZSt8_DestroyIPiiEvT_S1_SaIT0_E
                0x00006060       0x3c obj/default/rectangles.o
                0x00006060                void std::_Destroy<int*, int>(int*, int*, std::allocator<int>)
 .text._ZNK9__gnu_cxx17__normal_iteratorIPiSt6vectorIiSaIiEEE4baseEv
                0x0000609c       0x24 obj/default/rectangles.o
                0x0000609c                __gnu_cxx::__normal_iterator<int*, std::vector<int, std::allocator<int> > >::base() const
 .text._ZN9__gnu_cxxmiIPiS1_St6vectorIiSaIiEEEENS_17__normal_iteratorIT_T1_E15difference_typeERKS8_RKNS5_IT0_S7_EE
                0x000060c0       0x58 obj/default/rectangles.o
                0x000060c0                __gnu_cxx::__normal_iterator<int*, std::vector<int, std::allocator<int> > >::difference_type __gnu_cxx::operator-<int*, int*, std::vector<int, std::allocator<int> > >(__gnu_cxx::__normal_iterator<int*, std::vector<int, std::allocator<int> > > const&, __gnu_cxx::__normal_iterator<int*, std::vector<int, std::allocator<int> > > const&)
 .text._ZNK9__gnu_cxx17__normal_iteratorIPiSt6vectorIiSaIiEEEmiERKl
                0x00006118       0x5c obj/default/rectangles.o
                0x00006118                __gnu_cxx::__normal_iterator<int*, std::vector<int, std::allocator<int> > >::operator-(long const&) const
 .text._ZNKSt6vectorIiSaIiEE8max_sizeEv
                0x00006174       0x28 obj/default/rectangles.o
                0x00006174                std::vector<int, std::allocator<int> >::max_size() const
 .text._ZSt3maxImERKT_S2_S2_
                0x0000619c       0x50 obj/default/rectangles.o
                0x0000619c                unsigned long const& std::max<unsigned long>(unsigned long const&, unsigned long const&)
 .text._ZN9__gnu_cxx17__normal_iteratorIPiSt6vectorIiSaIiEEEpLERKl
                0x000061ec       0x4c obj/default/rectangles.o
                0x000061ec                __gnu_cxx::__normal_iterator<int*, std::vector<int, std::allocator<int> > >::operator+=(long const&)
 .text._ZSt26__uninitialized_fill_n_auxIP6MyRectmS0_EvT_T0_RKT1_12__false_type
                0x00006238       0x70 obj/default/rectangles.o
                0x00006238                void std::__uninitialized_fill_n_aux<MyRect*, unsigned long, MyRect>(MyRect*, unsigned long, MyRect const&, __false_type)
 .text._ZSt20uninitialized_fill_nIP6MyRectmS0_EvT_T0_RKT1_
                0x000062a8       0x44 obj/default/rectangles.o
                0x000062a8                void std::uninitialized_fill_n<MyRect*, unsigned long, MyRect>(MyRect*, unsigned long, MyRect const&)
 .text._ZSt24__uninitialized_fill_n_aIP6MyRectmS0_S0_EvT_T0_RKT1_SaIT2_E
                0x000062ec       0x44 obj/default/rectangles.o
                0x000062ec                void std::__uninitialized_fill_n_a<MyRect*, unsigned long, MyRect, MyRect>(MyRect*, unsigned long, MyRect const&, std::allocator<MyRect>)
 .text._ZNSt6vectorI6MyRectSaIS0_EE5clearEv
                0x00006330       0x84 obj/default/rectangles.o
                0x00006330                std::vector<MyRect, std::allocator<MyRect> >::clear()
 .text._ZNK9__gnu_cxx13new_allocatorIiE8max_sizeEv
                0x000063b4       0x28 obj/default/rectangles.o
                0x000063b4                __gnu_cxx::new_allocator<int>::max_size() const
 .text._ZSt13__destroy_auxIN9__gnu_cxx17__normal_iteratorIPiSt6vectorIiSaIiEEEEEvT_S7_11__true_type
                0x000063dc       0x28 obj/default/rectangles.o
                0x000063dc                void std::__destroy_aux<__gnu_cxx::__normal_iterator<int*, std::vector<int, std::allocator<int> > > >(__gnu_cxx::__normal_iterator<int*, std::vector<int, std::allocator<int> > >, __gnu_cxx::__normal_iterator<int*, std::vector<int, std::allocator<int> > >, __true_type)
 .text._ZSt8_DestroyIN9__gnu_cxx17__normal_iteratorIPiSt6vectorIiSaIiEEEEEvT_S7_
                0x00006404       0x3c obj/default/rectangles.o
                0x00006404                void std::_Destroy<__gnu_cxx::__normal_iterator<int*, std::vector<int, std::allocator<int> > > >(__gnu_cxx::__normal_iterator<int*, std::vector<int, std::allocator<int> > >, __gnu_cxx::__normal_iterator<int*, std::vector<int, std::allocator<int> > >)
 .text._ZSt8_DestroyIN9__gnu_cxx17__normal_iteratorIPiSt6vectorIiSaIiEEEEiEvT_S7_SaIT0_E
                0x00006440       0x3c obj/default/rectangles.o
                0x00006440                void std::_Destroy<__gnu_cxx::__normal_iterator<int*, std::vector<int, std::allocator<int> > >, int>(__gnu_cxx::__normal_iterator<int*, std::vector<int, std::allocator<int> > >, __gnu_cxx::__normal_iterator<int*, std::vector<int, std::allocator<int> > >, std::allocator<int>)
 .text._ZNSt8__fill_nILb1EE6fill_nIPimiEET_S3_T0_RKT1_
                0x0000647c       0x6c obj/default/rectangles.o
                0x0000647c                int* std::__fill_n<true>::fill_n<int*, unsigned long, int>(int*, unsigned long, int const&)
 .text._ZSt6fill_nIPimiET_S1_T0_RKT1_
                0x000064e8       0x48 obj/default/rectangles.o
                0x000064e8                int* std::fill_n<int*, unsigned long, int>(int*, unsigned long, int const&)
 .text._ZSt26__uninitialized_fill_n_auxIPimiEvT_T0_RKT1_11__true_type
                0x00006530       0x44 obj/default/rectangles.o
                0x00006530                void std::__uninitialized_fill_n_aux<int*, unsigned long, int>(int*, unsigned long, int const&, __true_type)
 .text._ZSt20uninitialized_fill_nIPimiEvT_T0_RKT1_
                0x00006574       0x44 obj/default/rectangles.o
                0x00006574                void std::uninitialized_fill_n<int*, unsigned long, int>(int*, unsigned long, int const&)
 .text._ZSt24__uninitialized_fill_n_aIPimiiEvT_T0_RKT1_SaIT2_E
                0x000065b8       0x44 obj/default/rectangles.o
                0x000065b8                void std::__uninitialized_fill_n_a<int*, unsigned long, int, int>(int*, unsigned long, int const&, std::allocator<int>)
 .text._ZN9__gnu_cxxneIPiSt6vectorIiSaIiEEEEbRKNS_17__normal_iteratorIT_T0_EESA_
                0x000065fc       0x50 obj/default/rectangles.o
                0x000065fc                bool __gnu_cxx::operator!=<int*, std::vector<int, std::allocator<int> > >(__gnu_cxx::__normal_iterator<int*, std::vector<int, std::allocator<int> > > const&, __gnu_cxx::__normal_iterator<int*, std::vector<int, std::allocator<int> > > const&)
 .text._ZN9__gnu_cxx17__normal_iteratorIPiSt6vectorIiSaIiEEEppEv
                0x0000664c       0x38 obj/default/rectangles.o
                0x0000664c                __gnu_cxx::__normal_iterator<int*, std::vector<int, std::allocator<int> > >::operator++()
 .text._ZNSt6__fillILb1EE4fillIN9__gnu_cxx17__normal_iteratorIPiSt6vectorIiSaIiEEEEiEEvT_S9_RKT0_
                0x00006684       0x74 obj/default/rectangles.o
                0x00006684                void std::__fill<true>::fill<__gnu_cxx::__normal_iterator<int*, std::vector<int, std::allocator<int> > >, int>(__gnu_cxx::__normal_iterator<int*, std::vector<int, std::allocator<int> > >, __gnu_cxx::__normal_iterator<int*, std::vector<int, std::allocator<int> > >, int const&)
 .text._ZSt4fillIN9__gnu_cxx17__normal_iteratorIPiSt6vectorIiSaIiEEEEiEvT_S7_RKT0_
                0x000066f8       0x48 obj/default/rectangles.o
                0x000066f8                void std::fill<__gnu_cxx::__normal_iterator<int*, std::vector<int, std::allocator<int> > >, int>(__gnu_cxx::__normal_iterator<int*, std::vector<int, std::allocator<int> > >, __gnu_cxx::__normal_iterator<int*, std::vector<int, std::allocator<int> > >, int const&)
 .text._ZNSt8__fill_nILb1EE6fill_nIN9__gnu_cxx17__normal_iteratorIPiSt6vectorIiSaIiEEEEmiEET_S9_T0_RKT1_
                0x00006740       0x78 obj/default/rectangles.o
                0x00006740                __gnu_cxx::__normal_iterator<int*, std::vector<int, std::allocator<int> > > std::__fill_n<true>::fill_n<__gnu_cxx::__normal_iterator<int*, std::vector<int, std::allocator<int> > >, unsigned long, int>(__gnu_cxx::__normal_iterator<int*, std::vector<int, std::allocator<int> > >, unsigned long, int const&)
 .text._ZSt6fill_nIN9__gnu_cxx17__normal_iteratorIPiSt6vectorIiSaIiEEEEmiET_S7_T0_RKT1_
                0x000067b8       0x48 obj/default/rectangles.o
                0x000067b8                __gnu_cxx::__normal_iterator<int*, std::vector<int, std::allocator<int> > > std::fill_n<__gnu_cxx::__normal_iterator<int*, std::vector<int, std::allocator<int> > >, unsigned long, int>(__gnu_cxx::__normal_iterator<int*, std::vector<int, std::allocator<int> > >, unsigned long, int const&)
 .text._ZSt26__uninitialized_fill_n_auxIN9__gnu_cxx17__normal_iteratorIPiSt6vectorIiSaIiEEEEmiEvT_T0_RKT1_11__true_type
                0x00006800       0x44 obj/default/rectangles.o
                0x00006800                void std::__uninitialized_fill_n_aux<__gnu_cxx::__normal_iterator<int*, std::vector<int, std::allocator<int> > >, unsigned long, int>(__gnu_cxx::__normal_iterator<int*, std::vector<int, std::allocator<int> > >, unsigned long, int const&, __true_type)
 .text._ZSt20uninitialized_fill_nIN9__gnu_cxx17__normal_iteratorIPiSt6vectorIiSaIiEEEEmiEvT_T0_RKT1_
                0x00006844       0x44 obj/default/rectangles.o
                0x00006844                void std::uninitialized_fill_n<__gnu_cxx::__normal_iterator<int*, std::vector<int, std::allocator<int> > >, unsigned long, int>(__gnu_cxx::__normal_iterator<int*, std::vector<int, std::allocator<int> > >, unsigned long, int const&)
 .text._ZSt24__uninitialized_fill_n_aIN9__gnu_cxx17__normal_iteratorIPiSt6vectorIiSaIiEEEEmiiEvT_T0_RKT1_SaIT2_E
                0x00006888       0x44 obj/default/rectangles.o
                0x00006888                void std::__uninitialized_fill_n_a<__gnu_cxx::__normal_iterator<int*, std::vector<int, std::allocator<int> > >, unsigned long, int, int>(__gnu_cxx::__normal_iterator<int*, std::vector<int, std::allocator<int> > >, unsigned long, int const&, std::allocator<int>)
 .text._ZN9__gnu_cxx13new_allocatorIiE8allocateEmPKv
                0x000068cc       0x6c obj/default/rectangles.o
                0x000068cc                __gnu_cxx::new_allocator<int>::allocate(unsigned long, void const*)
 .text._ZNSt12_Vector_baseIiSaIiEE11_M_allocateEm
                0x00006938       0x40 obj/default/rectangles.o
                0x00006938                std::_Vector_base<int, std::allocator<int> >::_M_allocate(unsigned long)
 .text._ZNSt12_Vector_baseIiSaIiEEC2EmRKS0_
                0x00006978      0x148 obj/default/rectangles.o
                0x00006978                std::_Vector_base<int, std::allocator<int> >::_Vector_base(unsigned long, std::allocator<int> const&)
 .text._ZNSt12_Vector_baseI6MyRectSaIS0_EEC2EmRKS1_
                0x00006ac0      0x144 obj/default/rectangles.o
                0x00006ac0                std::_Vector_base<MyRect, std::allocator<MyRect> >::_Vector_base(unsigned long, std::allocator<MyRect> const&)
 .text._ZN9__gnu_cxx13new_allocatorIiE10deallocateEPim
                0x00006c04       0x38 obj/default/rectangles.o
                0x00006c04                __gnu_cxx::new_allocator<int>::deallocate(int*, unsigned long)
 .text._ZNSt12_Vector_baseIiSaIiEE13_M_deallocateEPim
                0x00006c3c       0x50 obj/default/rectangles.o
                0x00006c3c                std::_Vector_base<int, std::allocator<int> >::_M_deallocate(int*, unsigned long)
 .text._ZNSt12_Vector_baseIiSaIiEED2Ev
                0x00006c8c       0x60 obj/default/rectangles.o
                0x00006c8c                std::_Vector_base<int, std::allocator<int> >::~_Vector_base()
 .text._ZNSt6vectorIiSaIiEEC1EmRKiRKS0_
                0x00006cec       0xa4 obj/default/rectangles.o
                0x00006cec                std::vector<int, std::allocator<int> >::vector(unsigned long, int const&, std::allocator<int> const&)
 .text._ZNSt6vectorIiSaIiEED1Ev
                0x00006d90       0x7c obj/default/rectangles.o
                0x00006d90                std::vector<int, std::allocator<int> >::~vector()
 .text._ZNSt6vectorI6MyRectSaIS0_EEC1EmRKS0_RKS1_
                0x00006e0c       0xa0 obj/default/rectangles.o
                0x00006e0c                std::vector<MyRect, std::allocator<MyRect> >::vector(unsigned long, MyRect const&, std::allocator<MyRect> const&)
 .text._ZNSt6__copyILb1ESt26random_access_iterator_tagE4copyIiEEPT_PKS3_S6_S4_
                0x00006eac       0x64 obj/default/rectangles.o
                0x00006eac                int* std::__copy<true, std::random_access_iterator_tag>::copy<int>(int const*, int const*, int*)
 .text._ZSt10__copy_auxIPiS0_ET0_T_S2_S1_
                0x00006f10       0x48 obj/default/rectangles.o
                0x00006f10                int* std::__copy_aux<int*, int*>(int*, int*, int*)
 .text._ZNSt13__copy_normalILb1ELb1EE6copy_nIN9__gnu_cxx17__normal_iteratorIPiSt6vectorIiSaIiEEEES8_EET0_T_SA_S9_
                0x00006f58       0x84 obj/default/rectangles.o
                0x00006f58                __gnu_cxx::__normal_iterator<int*, std::vector<int, std::allocator<int> > > std::__copy_normal<true, true>::copy_n<__gnu_cxx::__normal_iterator<int*, std::vector<int, std::allocator<int> > >, __gnu_cxx::__normal_iterator<int*, std::vector<int, std::allocator<int> > > >(__gnu_cxx::__normal_iterator<int*, std::vector<int, std::allocator<int> > >, __gnu_cxx::__normal_iterator<int*, std::vector<int, std::allocator<int> > >, __gnu_cxx::__normal_iterator<int*, std::vector<int, std::allocator<int> > >)
 .text._ZSt4copyIN9__gnu_cxx17__normal_iteratorIPiSt6vectorIiSaIiEEEES6_ET0_T_S8_S7_
                0x00006fdc       0x50 obj/default/rectangles.o
                0x00006fdc                __gnu_cxx::__normal_iterator<int*, std::vector<int, std::allocator<int> > > std::copy<__gnu_cxx::__normal_iterator<int*, std::vector<int, std::allocator<int> > >, __gnu_cxx::__normal_iterator<int*, std::vector<int, std::allocator<int> > > >(__gnu_cxx::__normal_iterator<int*, std::vector<int, std::allocator<int> > >, __gnu_cxx::__normal_iterator<int*, std::vector<int, std::allocator<int> > >, __gnu_cxx::__normal_iterator<int*, std::vector<int, std::allocator<int> > >)
 .text._ZNSt6vectorIiSaIiEE5eraseEN9__gnu_cxx17__normal_iteratorIPiS1_EES5_
                0x0000702c       0xb8 obj/default/rectangles.o
                0x0000702c                std::vector<int, std::allocator<int> >::erase(__gnu_cxx::__normal_iterator<int*, std::vector<int, std::allocator<int> > >, __gnu_cxx::__normal_iterator<int*, std::vector<int, std::allocator<int> > >)
 .text._ZSt24__uninitialized_copy_auxIN9__gnu_cxx17__normal_iteratorIPiSt6vectorIiSaIiEEEES6_ET0_T_S8_S7_11__true_type
                0x000070e4       0x44 obj/default/rectangles.o
                0x000070e4                __gnu_cxx::__normal_iterator<int*, std::vector<int, std::allocator<int> > > std::__uninitialized_copy_aux<__gnu_cxx::__normal_iterator<int*, std::vector<int, std::allocator<int> > >, __gnu_cxx::__normal_iterator<int*, std::vector<int, std::allocator<int> > > >(__gnu_cxx::__normal_iterator<int*, std::vector<int, std::allocator<int> > >, __gnu_cxx::__normal_iterator<int*, std::vector<int, std::allocator<int> > >, __gnu_cxx::__normal_iterator<int*, std::vector<int, std::allocator<int> > >, __true_type)
 .text._ZSt18uninitialized_copyIN9__gnu_cxx17__normal_iteratorIPiSt6vectorIiSaIiEEEES6_ET0_T_S8_S7_
                0x00007128       0x44 obj/default/rectangles.o
                0x00007128                __gnu_cxx::__normal_iterator<int*, std::vector<int, std::allocator<int> > > std::uninitialized_copy<__gnu_cxx::__normal_iterator<int*, std::vector<int, std::allocator<int> > >, __gnu_cxx::__normal_iterator<int*, std::vector<int, std::allocator<int> > > >(__gnu_cxx::__normal_iterator<int*, std::vector<int, std::allocator<int> > >, __gnu_cxx::__normal_iterator<int*, std::vector<int, std::allocator<int> > >, __gnu_cxx::__normal_iterator<int*, std::vector<int, std::allocator<int> > >)
 .text._ZSt22__uninitialized_copy_aIN9__gnu_cxx17__normal_iteratorIPiSt6vectorIiSaIiEEEES6_iET0_T_S8_S7_SaIT1_E
                0x0000716c       0x44 obj/default/rectangles.o
                0x0000716c                __gnu_cxx::__normal_iterator<int*, std::vector<int, std::allocator<int> > > std::__uninitialized_copy_a<__gnu_cxx::__normal_iterator<int*, std::vector<int, std::allocator<int> > >, __gnu_cxx::__normal_iterator<int*, std::vector<int, std::allocator<int> > >, int>(__gnu_cxx::__normal_iterator<int*, std::vector<int, std::allocator<int> > >, __gnu_cxx::__normal_iterator<int*, std::vector<int, std::allocator<int> > >, __gnu_cxx::__normal_iterator<int*, std::vector<int, std::allocator<int> > >, std::allocator<int>)
 .text._ZNSt13__copy_normalILb0ELb0EE6copy_nIPiS2_EET0_T_S4_S3_
                0x000071b0       0x40 obj/default/rectangles.o
                0x000071b0                int* std::__copy_normal<false, false>::copy_n<int*, int*>(int*, int*, int*)
 .text._ZSt4copyIPiS0_ET0_T_S2_S1_
                0x000071f0       0x48 obj/default/rectangles.o
                0x000071f0                int* std::copy<int*, int*>(int*, int*, int*)
 .text._ZSt24__uninitialized_copy_auxIPiS0_ET0_T_S2_S1_11__true_type
                0x00007238       0x44 obj/default/rectangles.o
                0x00007238                int* std::__uninitialized_copy_aux<int*, int*>(int*, int*, int*, __true_type)
 .text._ZSt18uninitialized_copyIPiS0_ET0_T_S2_S1_
                0x0000727c       0x44 obj/default/rectangles.o
                0x0000727c                int* std::uninitialized_copy<int*, int*>(int*, int*, int*)
 .text._ZSt22__uninitialized_copy_aIPiS0_iET0_T_S2_S1_SaIT1_E
                0x000072c0       0x44 obj/default/rectangles.o
                0x000072c0                int* std::__uninitialized_copy_a<int*, int*, int>(int*, int*, int*, std::allocator<int>)
 .text._ZNSt13__copy_normalILb1ELb0EE6copy_nIN9__gnu_cxx17__normal_iteratorIPiSt6vectorIiSaIiEEEES4_EET0_T_SA_S9_
                0x00007304       0x5c obj/default/rectangles.o
                0x00007304                int* std::__copy_normal<true, false>::copy_n<__gnu_cxx::__normal_iterator<int*, std::vector<int, std::allocator<int> > >, int*>(__gnu_cxx::__normal_iterator<int*, std::vector<int, std::allocator<int> > >, __gnu_cxx::__normal_iterator<int*, std::vector<int, std::allocator<int> > >, int*)
 .text._ZSt4copyIN9__gnu_cxx17__normal_iteratorIPiSt6vectorIiSaIiEEEES2_ET0_T_S8_S7_
                0x00007360       0x4c obj/default/rectangles.o
                0x00007360                int* std::copy<__gnu_cxx::__normal_iterator<int*, std::vector<int, std::allocator<int> > >, int*>(__gnu_cxx::__normal_iterator<int*, std::vector<int, std::allocator<int> > >, __gnu_cxx::__normal_iterator<int*, std::vector<int, std::allocator<int> > >, int*)
 .text._ZSt24__uninitialized_copy_auxIN9__gnu_cxx17__normal_iteratorIPiSt6vectorIiSaIiEEEES2_ET0_T_S8_S7_11__true_type
                0x000073ac       0x44 obj/default/rectangles.o
                0x000073ac                int* std::__uninitialized_copy_aux<__gnu_cxx::__normal_iterator<int*, std::vector<int, std::allocator<int> > >, int*>(__gnu_cxx::__normal_iterator<int*, std::vector<int, std::allocator<int> > >, __gnu_cxx::__normal_iterator<int*, std::vector<int, std::allocator<int> > >, int*, __true_type)
 .text._ZSt18uninitialized_copyIN9__gnu_cxx17__normal_iteratorIPiSt6vectorIiSaIiEEEES2_ET0_T_S8_S7_
                0x000073f0       0x44 obj/default/rectangles.o
                0x000073f0                int* std::uninitialized_copy<__gnu_cxx::__normal_iterator<int*, std::vector<int, std::allocator<int> > >, int*>(__gnu_cxx::__normal_iterator<int*, std::vector<int, std::allocator<int> > >, __gnu_cxx::__normal_iterator<int*, std::vector<int, std::allocator<int> > >, int*)
 .text._ZSt22__uninitialized_copy_aIN9__gnu_cxx17__normal_iteratorIPiSt6vectorIiSaIiEEEES2_iET0_T_S8_S7_SaIT1_E
                0x00007434       0x44 obj/default/rectangles.o
                0x00007434                int* std::__uninitialized_copy_a<__gnu_cxx::__normal_iterator<int*, std::vector<int, std::allocator<int> > >, int*, int>(__gnu_cxx::__normal_iterator<int*, std::vector<int, std::allocator<int> > >, __gnu_cxx::__normal_iterator<int*, std::vector<int, std::allocator<int> > >, int*, std::allocator<int>)
 .text._ZNSt15__copy_backwardILb1ESt26random_access_iterator_tagE6copy_bIiEEPT_PKS3_S6_S4_
                0x00007478       0x8c obj/default/rectangles.o
                0x00007478                int* std::__copy_backward<true, std::random_access_iterator_tag>::copy_b<int>(int const*, int const*, int*)
 .text._ZSt19__copy_backward_auxIPiS0_ET0_T_S2_S1_
                0x00007504       0x48 obj/default/rectangles.o
                0x00007504                int* std::__copy_backward_aux<int*, int*>(int*, int*, int*)
 .text._ZNSt22__copy_backward_normalILb1ELb1EE8copy_b_nIN9__gnu_cxx17__normal_iteratorIPiSt6vectorIiSaIiEEEES8_EET0_T_SA_S9_
                0x0000754c       0x84 obj/default/rectangles.o
                0x0000754c                __gnu_cxx::__normal_iterator<int*, std::vector<int, std::allocator<int> > > std::__copy_backward_normal<true, true>::copy_b_n<__gnu_cxx::__normal_iterator<int*, std::vector<int, std::allocator<int> > >, __gnu_cxx::__normal_iterator<int*, std::vector<int, std::allocator<int> > > >(__gnu_cxx::__normal_iterator<int*, std::vector<int, std::allocator<int> > >, __gnu_cxx::__normal_iterator<int*, std::vector<int, std::allocator<int> > >, __gnu_cxx::__normal_iterator<int*, std::vector<int, std::allocator<int> > >)
 .text._ZSt13copy_backwardIN9__gnu_cxx17__normal_iteratorIPiSt6vectorIiSaIiEEEES6_ET0_T_S8_S7_
                0x000075d0       0x50 obj/default/rectangles.o
                0x000075d0                __gnu_cxx::__normal_iterator<int*, std::vector<int, std::allocator<int> > > std::copy_backward<__gnu_cxx::__normal_iterator<int*, std::vector<int, std::allocator<int> > >, __gnu_cxx::__normal_iterator<int*, std::vector<int, std::allocator<int> > > >(__gnu_cxx::__normal_iterator<int*, std::vector<int, std::allocator<int> > >, __gnu_cxx::__normal_iterator<int*, std::vector<int, std::allocator<int> > >, __gnu_cxx::__normal_iterator<int*, std::vector<int, std::allocator<int> > >)
 .text._ZNSt6vectorIiSaIiEE14_M_fill_insertEN9__gnu_cxx17__normal_iteratorIPiS1_EEmRKi
                0x00007620      0x478 obj/default/rectangles.o
                0x00007620                std::vector<int, std::allocator<int> >::_M_fill_insert(__gnu_cxx::__normal_iterator<int*, std::vector<int, std::allocator<int> > >, unsigned long, int const&)
 .text._ZNSt6vectorIiSaIiEE6insertEN9__gnu_cxx17__normal_iteratorIPiS1_EEmRKi
                0x00007a98       0x48 obj/default/rectangles.o
                0x00007a98                std::vector<int, std::allocator<int> >::insert(__gnu_cxx::__normal_iterator<int*, std::vector<int, std::allocator<int> > >, unsigned long, int const&)
 .text._ZNSt6vectorIiSaIiEE6resizeEmi
                0x00007ae0       0xc8 obj/default/rectangles.o
                0x00007ae0                std::vector<int, std::allocator<int> >::resize(unsigned long, int)
 .text          0x00007ba8      0xfe8 c:/altera/13.0sp1/nios2eds/bin/gnu/h-i686-mingw32/bin/../lib/gcc/nios2-elf/4.1.2/../../../../nios2-elf/lib\libstdc++.a(functexcept.o)
                0x00007ba8                std::__throw_bad_typeid()
                0x00007bdc                std::__throw_bad_cast()
                0x00007c10                std::__throw_bad_alloc()
                0x00007c44                std::__throw_bad_exception()
                0x00007c78                std::__throw_ios_failure(char const*)
                0x00007d80                std::__throw_logic_error(char const*)
                0x00007f10                std::__throw_underflow_error(char const*)
                0x000080a0                std::__throw_overflow_error(char const*)
                0x00008230                std::__throw_invalid_argument(char const*)
                0x000083c0                std::__throw_domain_error(char const*)
                0x00008550                std::__throw_range_error(char const*)
                0x000086e0                std::__throw_runtime_error(char const*)
                0x00008870                std::__throw_out_of_range(char const*)
                0x00008a00                std::__throw_length_error(char const*)
 .text._ZNSt15underflow_errorD0Ev
                0x00008b90       0x34 c:/altera/13.0sp1/nios2eds/bin/gnu/h-i686-mingw32/bin/../lib/gcc/nios2-elf/4.1.2/../../../../nios2-elf/lib\libstdc++.a(functexcept.o)
                0x00008b90                std::underflow_error::~underflow_error()
 .text._ZNSt15underflow_errorD1Ev
                0x00008bc4       0x10 c:/altera/13.0sp1/nios2eds/bin/gnu/h-i686-mingw32/bin/../lib/gcc/nios2-elf/4.1.2/../../../../nios2-elf/lib\libstdc++.a(functexcept.o)
                0x00008bc4                std::underflow_error::~underflow_error()
 .text._ZNSt14overflow_errorD0Ev
                0x00008bd4       0x34 c:/altera/13.0sp1/nios2eds/bin/gnu/h-i686-mingw32/bin/../lib/gcc/nios2-elf/4.1.2/../../../../nios2-elf/lib\libstdc++.a(functexcept.o)
                0x00008bd4                std::overflow_error::~overflow_error()
 .text._ZNSt14overflow_errorD1Ev
                0x00008c08       0x10 c:/altera/13.0sp1/nios2eds/bin/gnu/h-i686-mingw32/bin/../lib/gcc/nios2-elf/4.1.2/../../../../nios2-elf/lib\libstdc++.a(functexcept.o)
                0x00008c08                std::overflow_error::~overflow_error()
 .text._ZNSt11range_errorD0Ev
                0x00008c18       0x34 c:/altera/13.0sp1/nios2eds/bin/gnu/h-i686-mingw32/bin/../lib/gcc/nios2-elf/4.1.2/../../../../nios2-elf/lib\libstdc++.a(functexcept.o)
                0x00008c18                std::range_error::~range_error()
 .text._ZNSt11range_errorD1Ev
                0x00008c4c       0x10 c:/altera/13.0sp1/nios2eds/bin/gnu/h-i686-mingw32/bin/../lib/gcc/nios2-elf/4.1.2/../../../../nios2-elf/lib\libstdc++.a(functexcept.o)
                0x00008c4c                std::range_error::~range_error()
 .text._ZNSt12out_of_rangeD0Ev
                0x00008c5c       0x34 c:/altera/13.0sp1/nios2eds/bin/gnu/h-i686-mingw32/bin/../lib/gcc/nios2-elf/4.1.2/../../../../nios2-elf/lib\libstdc++.a(functexcept.o)
                0x00008c5c                std::out_of_range::~out_of_range()
 .text._ZNSt12out_of_rangeD1Ev
                0x00008c90       0x10 c:/altera/13.0sp1/nios2eds/bin/gnu/h-i686-mingw32/bin/../lib/gcc/nios2-elf/4.1.2/../../../../nios2-elf/lib\libstdc++.a(functexcept.o)
                0x00008c90                std::out_of_range::~out_of_range()
 .text._ZNSt12length_errorD0Ev
                0x00008ca0       0x34 c:/altera/13.0sp1/nios2eds/bin/gnu/h-i686-mingw32/bin/../lib/gcc/nios2-elf/4.1.2/../../../../nios2-elf/lib\libstdc++.a(functexcept.o)
                0x00008ca0                std::length_error::~length_error()
 .text._ZNSt12length_errorD1Ev
                0x00008cd4       0x10 c:/altera/13.0sp1/nios2eds/bin/gnu/h-i686-mingw32/bin/../lib/gcc/nios2-elf/4.1.2/../../../../nios2-elf/lib\libstdc++.a(functexcept.o)
                0x00008cd4                std::length_error::~length_error()
 .text._ZNSt16invalid_argumentD0Ev
                0x00008ce4       0x34 c:/altera/13.0sp1/nios2eds/bin/gnu/h-i686-mingw32/bin/../lib/gcc/nios2-elf/4.1.2/../../../../nios2-elf/lib\libstdc++.a(functexcept.o)
                0x00008ce4                std::invalid_argument::~invalid_argument()
 .text._ZNSt16invalid_argumentD1Ev
                0x00008d18       0x10 c:/altera/13.0sp1/nios2eds/bin/gnu/h-i686-mingw32/bin/../lib/gcc/nios2-elf/4.1.2/../../../../nios2-elf/lib\libstdc++.a(functexcept.o)
                0x00008d18                std::invalid_argument::~invalid_argument()
 .text._ZNSt12domain_errorD0Ev
                0x00008d28       0x34 c:/altera/13.0sp1/nios2eds/bin/gnu/h-i686-mingw32/bin/../lib/gcc/nios2-elf/4.1.2/../../../../nios2-elf/lib\libstdc++.a(functexcept.o)
                0x00008d28                std::domain_error::~domain_error()
 .text._ZNSt12domain_errorD1Ev
                0x00008d5c       0x10 c:/altera/13.0sp1/nios2eds/bin/gnu/h-i686-mingw32/bin/../lib/gcc/nios2-elf/4.1.2/../../../../nios2-elf/lib\libstdc++.a(functexcept.o)
                0x00008d5c                std::domain_error::~domain_error()
 .text          0x00008d6c      0x4bc c:/altera/13.0sp1/nios2eds/bin/gnu/h-i686-mingw32/bin/../lib/gcc/nios2-elf/4.1.2/../../../../nios2-elf/lib\libstdc++.a(ios_failure.o)
                0x00008d6c                std::ios_base::failure::what() const
                0x00008d74                std::ios_base::failure::~failure()
                0x00008e78                std::ios_base::failure::failure(std::string const&)
                0x00008f48                std::ios_base::failure::failure(std::string const&)
                0x00009018                std::ios_base::failure::~failure()
                0x0000911c                std::ios_base::failure::~failure()
 .text          0x00009228      0xb98 c:/altera/13.0sp1/nios2eds/bin/gnu/h-i686-mingw32/bin/../lib/gcc/nios2-elf/4.1.2/../../../../nios2-elf/lib\libstdc++.a(stdexcept.o)
                0x00009228                std::runtime_error::what() const
                0x00009230                std::logic_error::~logic_error()
                0x00009334                std::runtime_error::runtime_error(std::string const&)
                0x000093e4                std::underflow_error::underflow_error(std::string const&)
                0x00009414                std::underflow_error::underflow_error(std::string const&)
                0x00009444                std::overflow_error::overflow_error(std::string const&)
                0x00009474                std::overflow_error::overflow_error(std::string const&)
                0x000094a4                std::range_error::range_error(std::string const&)
                0x000094d4                std::range_error::range_error(std::string const&)
                0x00009504                std::logic_error::logic_error(std::string const&)
                0x000095b4                std::logic_error::logic_error(std::string const&)
                0x00009664                std::out_of_range::out_of_range(std::string const&)
                0x00009694                std::out_of_range::out_of_range(std::string const&)
                0x000096c4                std::length_error::length_error(std::string const&)
                0x000096f4                std::length_error::length_error(std::string const&)
                0x00009724                std::invalid_argument::invalid_argument(std::string const&)
                0x00009754                std::invalid_argument::invalid_argument(std::string const&)
                0x00009784                std::domain_error::domain_error(std::string const&)
                0x000097b4                std::domain_error::domain_error(std::string const&)
                0x000097e4                std::logic_error::what() const
                0x000097ec                std::runtime_error::runtime_error(std::string const&)
                0x0000989c                std::runtime_error::~runtime_error()
                0x000099a0                std::runtime_error::~runtime_error()
                0x00009aa4                std::runtime_error::~runtime_error()
                0x00009bb0                std::logic_error::~logic_error()
                0x00009cb4                std::logic_error::~logic_error()
 .text          0x00009dc0        0x0 c:/altera/13.0sp1/nios2eds/bin/gnu/h-i686-mingw32/bin/../lib/gcc/nios2-elf/4.1.2/../../../../nios2-elf/lib\libstdc++.a(string-inst.o)
 .text._ZNSt11char_traitsIcE2eqERKcS2_
                0x00009dc0       0x10 c:/altera/13.0sp1/nios2eds/bin/gnu/h-i686-mingw32/bin/../lib/gcc/nios2-elf/4.1.2/../../../../nios2-elf/lib\libstdc++.a(string-inst.o)
                0x00009dc0                std::char_traits<char>::eq(char const&, char const&)
 .text._ZNKSs7_M_dataEv
                0x00009dd0        0x8 c:/altera/13.0sp1/nios2eds/bin/gnu/h-i686-mingw32/bin/../lib/gcc/nios2-elf/4.1.2/../../../../nios2-elf/lib\libstdc++.a(string-inst.o)
                0x00009dd0                std::string::_M_data() const
 .text._ZNSs7_M_dataEPc
                0x00009dd8        0xc c:/altera/13.0sp1/nios2eds/bin/gnu/h-i686-mingw32/bin/../lib/gcc/nios2-elf/4.1.2/../../../../nios2-elf/lib\libstdc++.a(string-inst.o)
                0x00009dd8                std::string::_M_data(char*)
 .text._ZNKSs6_M_repEv
                0x00009de4        0xc c:/altera/13.0sp1/nios2eds/bin/gnu/h-i686-mingw32/bin/../lib/gcc/nios2-elf/4.1.2/../../../../nios2-elf/lib\libstdc++.a(string-inst.o)
                0x00009de4                std::string::_M_rep() const
 .text._ZNKSs9_M_ibeginEv
                0x00009df0        0x8 c:/altera/13.0sp1/nios2eds/bin/gnu/h-i686-mingw32/bin/../lib/gcc/nios2-elf/4.1.2/../../../../nios2-elf/lib\libstdc++.a(string-inst.o)
                0x00009df0                std::string::_M_ibegin() const
 .text._ZNKSs7_M_iendEv
                0x00009df8       0x10 c:/altera/13.0sp1/nios2eds/bin/gnu/h-i686-mingw32/bin/../lib/gcc/nios2-elf/4.1.2/../../../../nios2-elf/lib\libstdc++.a(string-inst.o)
                0x00009df8                std::string::_M_iend() const
 .text._ZNKSs8_M_limitEmm
                0x00009e08       0x18 c:/altera/13.0sp1/nios2eds/bin/gnu/h-i686-mingw32/bin/../lib/gcc/nios2-elf/4.1.2/../../../../nios2-elf/lib\libstdc++.a(string-inst.o)
                0x00009e08                std::string::_M_limit(unsigned long, unsigned long) const
 .text._ZNKSs11_M_disjunctEPKc
                0x00009e20       0x1c c:/altera/13.0sp1/nios2eds/bin/gnu/h-i686-mingw32/bin/../lib/gcc/nios2-elf/4.1.2/../../../../nios2-elf/lib\libstdc++.a(string-inst.o)
                0x00009e20                std::string::_M_disjunct(char const*) const
 .text._ZNSs12_S_empty_repEv
                0x00009e3c        0xc c:/altera/13.0sp1/nios2eds/bin/gnu/h-i686-mingw32/bin/../lib/gcc/nios2-elf/4.1.2/../../../../nios2-elf/lib\libstdc++.a(string-inst.o)
                0x00009e3c                std::string::_S_empty_rep()
 .text._ZNSsC1Ev
                0x00009e48       0x10 c:/altera/13.0sp1/nios2eds/bin/gnu/h-i686-mingw32/bin/../lib/gcc/nios2-elf/4.1.2/../../../../nios2-elf/lib\libstdc++.a(string-inst.o)
                0x00009e48                std::basic_string<char, std::char_traits<char>, std::allocator<char> >::basic_string()
 .text._ZNKSs5beginEv
                0x00009e58        0x8 c:/altera/13.0sp1/nios2eds/bin/gnu/h-i686-mingw32/bin/../lib/gcc/nios2-elf/4.1.2/../../../../nios2-elf/lib\libstdc++.a(string-inst.o)
                0x00009e58                std::string::begin() const
 .text._ZNKSs3endEv
                0x00009e60       0x10 c:/altera/13.0sp1/nios2eds/bin/gnu/h-i686-mingw32/bin/../lib/gcc/nios2-elf/4.1.2/../../../../nios2-elf/lib\libstdc++.a(string-inst.o)
                0x00009e60                std::string::end() const
 .text._ZNKSs4sizeEv
                0x00009e70        0xc c:/altera/13.0sp1/nios2eds/bin/gnu/h-i686-mingw32/bin/../lib/gcc/nios2-elf/4.1.2/../../../../nios2-elf/lib\libstdc++.a(string-inst.o)
                0x00009e70                std::string::size() const
 .text._ZNKSs8max_sizeEv
                0x00009e7c        0xc c:/altera/13.0sp1/nios2eds/bin/gnu/h-i686-mingw32/bin/../lib/gcc/nios2-elf/4.1.2/../../../../nios2-elf/lib\libstdc++.a(string-inst.o)
                0x00009e7c                std::string::max_size() const
 .text._ZNKSs8capacityEv
                0x00009e88        0xc c:/altera/13.0sp1/nios2eds/bin/gnu/h-i686-mingw32/bin/../lib/gcc/nios2-elf/4.1.2/../../../../nios2-elf/lib\libstdc++.a(string-inst.o)
                0x00009e88                std::string::capacity() const
 .text._ZNKSs4dataEv
                0x00009e94        0x8 c:/altera/13.0sp1/nios2eds/bin/gnu/h-i686-mingw32/bin/../lib/gcc/nios2-elf/4.1.2/../../../../nios2-elf/lib\libstdc++.a(string-inst.o)
                0x00009e94                std::string::data() const
 .text._ZNKSs13get_allocatorEv
                0x00009e9c        0x8 c:/altera/13.0sp1/nios2eds/bin/gnu/h-i686-mingw32/bin/../lib/gcc/nios2-elf/4.1.2/../../../../nios2-elf/lib\libstdc++.a(string-inst.o)
                0x00009e9c                std::string::get_allocator() const
 .text._ZNSs12_Alloc_hiderC1EPcRKSaIcE
                0x00009ea4        0x8 c:/altera/13.0sp1/nios2eds/bin/gnu/h-i686-mingw32/bin/../lib/gcc/nios2-elf/4.1.2/../../../../nios2-elf/lib\libstdc++.a(string-inst.o)
                0x00009ea4                std::string::_Alloc_hider::_Alloc_hider(char*, std::allocator<char> const&)
 .text._ZNSs4_Rep12_S_empty_repEv
                0x00009eac        0xc c:/altera/13.0sp1/nios2eds/bin/gnu/h-i686-mingw32/bin/../lib/gcc/nios2-elf/4.1.2/../../../../nios2-elf/lib\libstdc++.a(string-inst.o)
                0x00009eac                std::string::_Rep::_S_empty_rep()
 .text._ZNKSs4_Rep12_M_is_leakedEv
                0x00009eb8        0xc c:/altera/13.0sp1/nios2eds/bin/gnu/h-i686-mingw32/bin/../lib/gcc/nios2-elf/4.1.2/../../../../nios2-elf/lib\libstdc++.a(string-inst.o)
                0x00009eb8                std::string::_Rep::_M_is_leaked() const
 .text._ZNKSs4_Rep12_M_is_sharedEv
                0x00009ec4        0xc c:/altera/13.0sp1/nios2eds/bin/gnu/h-i686-mingw32/bin/../lib/gcc/nios2-elf/4.1.2/../../../../nios2-elf/lib\libstdc++.a(string-inst.o)
                0x00009ec4                std::string::_Rep::_M_is_shared() const
 .text._ZNSs4_Rep13_M_set_leakedEv
                0x00009ed0        0xc c:/altera/13.0sp1/nios2eds/bin/gnu/h-i686-mingw32/bin/../lib/gcc/nios2-elf/4.1.2/../../../../nios2-elf/lib\libstdc++.a(string-inst.o)
                0x00009ed0                std::string::_Rep::_M_set_leaked()
 .text._ZNSs4_Rep15_M_set_sharableEv
                0x00009edc        0x8 c:/altera/13.0sp1/nios2eds/bin/gnu/h-i686-mingw32/bin/../lib/gcc/nios2-elf/4.1.2/../../../../nios2-elf/lib\libstdc++.a(string-inst.o)
                0x00009edc                std::string::_Rep::_M_set_sharable()
 .text._ZNSs4_Rep26_M_set_length_and_sharableEm
                0x00009ee4       0x14 c:/altera/13.0sp1/nios2eds/bin/gnu/h-i686-mingw32/bin/../lib/gcc/nios2-elf/4.1.2/../../../../nios2-elf/lib\libstdc++.a(string-inst.o)
                0x00009ee4                std::string::_Rep::_M_set_length_and_sharable(unsigned long)
 .text._ZNSs4_Rep10_M_refdataEv
                0x00009ef8        0x8 c:/altera/13.0sp1/nios2eds/bin/gnu/h-i686-mingw32/bin/../lib/gcc/nios2-elf/4.1.2/../../../../nios2-elf/lib\libstdc++.a(string-inst.o)
                0x00009ef8                std::string::_Rep::_M_refdata()
 .text._ZSt6searchIPKcS1_PFbRS0_S2_EET_S5_S5_T0_S6_T1_
                0x00009f00      0x14c c:/altera/13.0sp1/nios2eds/bin/gnu/h-i686-mingw32/bin/../lib/gcc/nios2-elf/4.1.2/../../../../nios2-elf/lib\libstdc++.a(string-inst.o)
                0x00009f00                char const* std::search<char const*, char const*, bool (*)(char const&, char const&)>(char const*, char const*, char const*, char const*, bool (*)(char const&, char const&))
 .text._ZN9__gnu_cxxeqIPcSsEEbRKNS_17__normal_iteratorIT_T0_EES7_
                0x0000a04c       0x10 c:/altera/13.0sp1/nios2eds/bin/gnu/h-i686-mingw32/bin/../lib/gcc/nios2-elf/4.1.2/../../../../nios2-elf/lib\libstdc++.a(string-inst.o)
                0x0000a04c                bool __gnu_cxx::operator==<char*, std::string>(__gnu_cxx::__normal_iterator<char*, std::string> const&, __gnu_cxx::__normal_iterator<char*, std::string> const&)
 .text._ZNSs12_Alloc_hiderC2EPcRKSaIcE
                0x0000a05c        0x8 c:/altera/13.0sp1/nios2eds/bin/gnu/h-i686-mingw32/bin/../lib/gcc/nios2-elf/4.1.2/../../../../nios2-elf/lib\libstdc++.a(string-inst.o)
                0x0000a05c                std::string::_Alloc_hider::_Alloc_hider(char*, std::allocator<char> const&)
 .text._ZNSs4_Rep10_M_refcopyEv
                0x0000a064       0xbc c:/altera/13.0sp1/nios2eds/bin/gnu/h-i686-mingw32/bin/../lib/gcc/nios2-elf/4.1.2/../../../../nios2-elf/lib\libstdc++.a(string-inst.o)
                0x0000a064                std::string::_Rep::_M_refcopy()
 .text._ZNKSs15_M_check_lengthEmmPKc
                0x0000a120       0x38 c:/altera/13.0sp1/nios2eds/bin/gnu/h-i686-mingw32/bin/../lib/gcc/nios2-elf/4.1.2/../../../../nios2-elf/lib\libstdc++.a(string-inst.o)
                0x0000a120                std::string::_M_check_length(unsigned long, unsigned long, char const*) const
 .text._ZNKSs8_M_checkEmPKc
                0x0000a158       0x2c c:/altera/13.0sp1/nios2eds/bin/gnu/h-i686-mingw32/bin/../lib/gcc/nios2-elf/4.1.2/../../../../nios2-elf/lib\libstdc++.a(string-inst.o)
                0x0000a158                std::string::_M_check(unsigned long, char const*) const
 .text._ZNSs9_M_assignEPcmc
                0x0000a184       0x2c c:/altera/13.0sp1/nios2eds/bin/gnu/h-i686-mingw32/bin/../lib/gcc/nios2-elf/4.1.2/../../../../nios2-elf/lib\libstdc++.a(string-inst.o)
                0x0000a184                std::string::_M_assign(char*, unsigned long, char)
 .text._ZNSs7_M_moveEPcPKcm
                0x0000a1b0       0x18 c:/altera/13.0sp1/nios2eds/bin/gnu/h-i686-mingw32/bin/../lib/gcc/nios2-elf/4.1.2/../../../../nios2-elf/lib\libstdc++.a(string-inst.o)
                0x0000a1b0                std::string::_M_move(char*, char const*, unsigned long)
 .text._ZNSs7_M_copyEPcPKcm
                0x0000a1c8       0x18 c:/altera/13.0sp1/nios2eds/bin/gnu/h-i686-mingw32/bin/../lib/gcc/nios2-elf/4.1.2/../../../../nios2-elf/lib\libstdc++.a(string-inst.o)
                0x0000a1c8                std::string::_M_copy(char*, char const*, unsigned long)
 .text._ZNKSs5c_strEv
                0x0000a1e0        0x8 c:/altera/13.0sp1/nios2eds/bin/gnu/h-i686-mingw32/bin/../lib/gcc/nios2-elf/4.1.2/../../../../nios2-elf/lib\libstdc++.a(string-inst.o)
                0x0000a1e0                std::string::c_str() const
 .text._ZNKSsixEm
                0x0000a1e8        0xc c:/altera/13.0sp1/nios2eds/bin/gnu/h-i686-mingw32/bin/../lib/gcc/nios2-elf/4.1.2/../../../../nios2-elf/lib\libstdc++.a(string-inst.o)
                0x0000a1e8                std::string::operator[](unsigned long) const
 .text._ZNKSs17find_first_not_ofEPKcmm
                0x0000a1f4       0xa4 c:/altera/13.0sp1/nios2eds/bin/gnu/h-i686-mingw32/bin/../lib/gcc/nios2-elf/4.1.2/../../../../nios2-elf/lib\libstdc++.a(string-inst.o)
                0x0000a1f4                std::string::find_first_not_of(char const*, unsigned long, unsigned long) const
 .text._ZNKSs4findEPKcmm
                0x0000a298       0x94 c:/altera/13.0sp1/nios2eds/bin/gnu/h-i686-mingw32/bin/../lib/gcc/nios2-elf/4.1.2/../../../../nios2-elf/lib\libstdc++.a(string-inst.o)
                0x0000a298                std::string::find(char const*, unsigned long, unsigned long) const
 .text._ZNKSs2atEm
                0x0000a32c       0x30 c:/altera/13.0sp1/nios2eds/bin/gnu/h-i686-mingw32/bin/../lib/gcc/nios2-elf/4.1.2/../../../../nios2-elf/lib\libstdc++.a(string-inst.o)
                0x0000a32c                std::string::at(unsigned long) const
 .text._ZNKSs5emptyEv
                0x0000a35c       0x10 c:/altera/13.0sp1/nios2eds/bin/gnu/h-i686-mingw32/bin/../lib/gcc/nios2-elf/4.1.2/../../../../nios2-elf/lib\libstdc++.a(string-inst.o)
                0x0000a35c                std::string::empty() const
 .text._ZNKSs6lengthEv
                0x0000a36c        0xc c:/altera/13.0sp1/nios2eds/bin/gnu/h-i686-mingw32/bin/../lib/gcc/nios2-elf/4.1.2/../../../../nios2-elf/lib\libstdc++.a(string-inst.o)
                0x0000a36c                std::string::length() const
 .text._ZNKSs4findERKSsm
                0x0000a378        0xc c:/altera/13.0sp1/nios2eds/bin/gnu/h-i686-mingw32/bin/../lib/gcc/nios2-elf/4.1.2/../../../../nios2-elf/lib\libstdc++.a(string-inst.o)
                0x0000a378                std::string::find(std::string const&, unsigned long) const
 .text._ZNKSs17find_first_not_ofERKSsm
                0x0000a384        0xc c:/altera/13.0sp1/nios2eds/bin/gnu/h-i686-mingw32/bin/../lib/gcc/nios2-elf/4.1.2/../../../../nios2-elf/lib\libstdc++.a(string-inst.o)
                0x0000a384                std::string::find_first_not_of(std::string const&, unsigned long) const
 .text._ZNKSs5rfindEPKcmm
                0x0000a390       0xa8 c:/altera/13.0sp1/nios2eds/bin/gnu/h-i686-mingw32/bin/../lib/gcc/nios2-elf/4.1.2/../../../../nios2-elf/lib\libstdc++.a(string-inst.o)
                0x0000a390                std::string::rfind(char const*, unsigned long, unsigned long) const
 .text._ZNKSs5rfindEPKcm
                0x0000a438       0x50 c:/altera/13.0sp1/nios2eds/bin/gnu/h-i686-mingw32/bin/../lib/gcc/nios2-elf/4.1.2/../../../../nios2-elf/lib\libstdc++.a(string-inst.o)
                0x0000a438                std::string::rfind(char const*, unsigned long) const
 .text._ZNKSs5rfindERKSsm
                0x0000a488        0xc c:/altera/13.0sp1/nios2eds/bin/gnu/h-i686-mingw32/bin/../lib/gcc/nios2-elf/4.1.2/../../../../nios2-elf/lib\libstdc++.a(string-inst.o)
                0x0000a488                std::string::rfind(std::string const&, unsigned long) const
 .text._ZNSsC2Ev
                0x0000a494       0x10 c:/altera/13.0sp1/nios2eds/bin/gnu/h-i686-mingw32/bin/../lib/gcc/nios2-elf/4.1.2/../../../../nios2-elf/lib\libstdc++.a(string-inst.o)
                0x0000a494                std::basic_string<char, std::char_traits<char>, std::allocator<char> >::basic_string()
 .text._ZN9__gnu_cxxeqIPKcSsEEbRKNS_17__normal_iteratorIT_T0_EES8_
                0x0000a4a4       0x10 c:/altera/13.0sp1/nios2eds/bin/gnu/h-i686-mingw32/bin/../lib/gcc/nios2-elf/4.1.2/../../../../nios2-elf/lib\libstdc++.a(string-inst.o)
                0x0000a4a4                bool __gnu_cxx::operator==<char const*, std::string>(__gnu_cxx::__normal_iterator<char const*, std::string> const&, __gnu_cxx::__normal_iterator<char const*, std::string> const&)
 .text._ZNKSs5rfindEcm
                0x0000a4b4       0x64 c:/altera/13.0sp1/nios2eds/bin/gnu/h-i686-mingw32/bin/../lib/gcc/nios2-elf/4.1.2/../../../../nios2-elf/lib\libstdc++.a(string-inst.o)
                0x0000a4b4                std::string::rfind(char, unsigned long) const
 .text._ZNKSs12find_last_ofEcm
                0x0000a518       0x10 c:/altera/13.0sp1/nios2eds/bin/gnu/h-i686-mingw32/bin/../lib/gcc/nios2-elf/4.1.2/../../../../nios2-elf/lib\libstdc++.a(string-inst.o)
                0x0000a518                std::string::find_last_of(char, unsigned long) const
 .text._ZNKSs16find_last_not_ofEcm
                0x0000a528       0x58 c:/altera/13.0sp1/nios2eds/bin/gnu/h-i686-mingw32/bin/../lib/gcc/nios2-elf/4.1.2/../../../../nios2-elf/lib\libstdc++.a(string-inst.o)
                0x0000a528                std::string::find_last_not_of(char, unsigned long) const
 .text._ZNKSs17find_first_not_ofEcm
                0x0000a580       0x64 c:/altera/13.0sp1/nios2eds/bin/gnu/h-i686-mingw32/bin/../lib/gcc/nios2-elf/4.1.2/../../../../nios2-elf/lib\libstdc++.a(string-inst.o)
                0x0000a580                std::string::find_first_not_of(char, unsigned long) const
 .text._ZNSs4_Rep9_S_createEmmRKSaIcE
                0x0000a5e4      0x130 c:/altera/13.0sp1/nios2eds/bin/gnu/h-i686-mingw32/bin/../lib/gcc/nios2-elf/4.1.2/../../../../nios2-elf/lib\libstdc++.a(string-inst.o)
                0x0000a5e4                std::string::_Rep::_S_create(unsigned long, unsigned long, std::allocator<char> const&)
 .text._ZNSs4_Rep10_M_destroyERKSaIcE
                0x0000a714        0x4 c:/altera/13.0sp1/nios2eds/bin/gnu/h-i686-mingw32/bin/../lib/gcc/nios2-elf/4.1.2/../../../../nios2-elf/lib\libstdc++.a(string-inst.o)
                0x0000a714                std::string::_Rep::_M_destroy(std::allocator<char> const&)
 .text._ZNSs4_Rep10_M_disposeERKSaIcE
                0x0000a718       0x64 c:/altera/13.0sp1/nios2eds/bin/gnu/h-i686-mingw32/bin/../lib/gcc/nios2-elf/4.1.2/../../../../nios2-elf/lib\libstdc++.a(string-inst.o)
                0x0000a718                std::string::_Rep::_M_dispose(std::allocator<char> const&)
 .text._ZNKSs12find_last_ofEPKcmm
                0x0000a77c       0xe4 c:/altera/13.0sp1/nios2eds/bin/gnu/h-i686-mingw32/bin/../lib/gcc/nios2-elf/4.1.2/../../../../nios2-elf/lib\libstdc++.a(string-inst.o)
                0x0000a77c                std::string::find_last_of(char const*, unsigned long, unsigned long) const
 .text._ZNKSs12find_last_ofERKSsm
                0x0000a860        0xc c:/altera/13.0sp1/nios2eds/bin/gnu/h-i686-mingw32/bin/../lib/gcc/nios2-elf/4.1.2/../../../../nios2-elf/lib\libstdc++.a(string-inst.o)
                0x0000a860                std::string::find_last_of(std::string const&, unsigned long) const
 .text._ZNKSs13find_first_ofEPKcmm
                0x0000a86c       0x88 c:/altera/13.0sp1/nios2eds/bin/gnu/h-i686-mingw32/bin/../lib/gcc/nios2-elf/4.1.2/../../../../nios2-elf/lib\libstdc++.a(string-inst.o)
                0x0000a86c                std::string::find_first_of(char const*, unsigned long, unsigned long) const
 .text._ZNKSs13find_first_ofERKSsm
                0x0000a8f4        0xc c:/altera/13.0sp1/nios2eds/bin/gnu/h-i686-mingw32/bin/../lib/gcc/nios2-elf/4.1.2/../../../../nios2-elf/lib\libstdc++.a(string-inst.o)
                0x0000a8f4                std::string::find_first_of(std::string const&, unsigned long) const
 .text._ZNKSs4findEcm
                0x0000a900       0x68 c:/altera/13.0sp1/nios2eds/bin/gnu/h-i686-mingw32/bin/../lib/gcc/nios2-elf/4.1.2/../../../../nios2-elf/lib\libstdc++.a(string-inst.o)
                0x0000a900                std::string::find(char, unsigned long) const
 .text._ZNKSs13find_first_ofEcm
                0x0000a968       0x10 c:/altera/13.0sp1/nios2eds/bin/gnu/h-i686-mingw32/bin/../lib/gcc/nios2-elf/4.1.2/../../../../nios2-elf/lib\libstdc++.a(string-inst.o)
                0x0000a968                std::string::find_first_of(char, unsigned long) const
 .text._ZNKSs16find_last_not_ofEPKcmm
                0x0000a978       0xe0 c:/altera/13.0sp1/nios2eds/bin/gnu/h-i686-mingw32/bin/../lib/gcc/nios2-elf/4.1.2/../../../../nios2-elf/lib\libstdc++.a(string-inst.o)
                0x0000a978                std::string::find_last_not_of(char const*, unsigned long, unsigned long) const
 .text._ZNKSs16find_last_not_ofERKSsm
                0x0000aa58        0xc c:/altera/13.0sp1/nios2eds/bin/gnu/h-i686-mingw32/bin/../lib/gcc/nios2-elf/4.1.2/../../../../nios2-elf/lib\libstdc++.a(string-inst.o)
                0x0000aa58                std::string::find_last_not_of(std::string const&, unsigned long) const
 .text._ZNKSs7compareERKSs
                0x0000aa64       0x60 c:/altera/13.0sp1/nios2eds/bin/gnu/h-i686-mingw32/bin/../lib/gcc/nios2-elf/4.1.2/../../../../nios2-elf/lib\libstdc++.a(string-inst.o)
                0x0000aa64                std::string::compare(std::string const&) const
 .text._ZNKSs4findEPKcm
                0x0000aac4       0x50 c:/altera/13.0sp1/nios2eds/bin/gnu/h-i686-mingw32/bin/../lib/gcc/nios2-elf/4.1.2/../../../../nios2-elf/lib\libstdc++.a(string-inst.o)
                0x0000aac4                std::string::find(char const*, unsigned long) const
 .text._ZNKSs7compareEPKc
                0x0000ab14       0x7c c:/altera/13.0sp1/nios2eds/bin/gnu/h-i686-mingw32/bin/../lib/gcc/nios2-elf/4.1.2/../../../../nios2-elf/lib\libstdc++.a(string-inst.o)
                0x0000ab14                std::string::compare(char const*) const
 .text._ZNKSs16find_last_not_ofEPKcm
                0x0000ab90       0x50 c:/altera/13.0sp1/nios2eds/bin/gnu/h-i686-mingw32/bin/../lib/gcc/nios2-elf/4.1.2/../../../../nios2-elf/lib\libstdc++.a(string-inst.o)
                0x0000ab90                std::string::find_last_not_of(char const*, unsigned long) const
 .text._ZNKSs17find_first_not_ofEPKcm
                0x0000abe0       0x50 c:/altera/13.0sp1/nios2eds/bin/gnu/h-i686-mingw32/bin/../lib/gcc/nios2-elf/4.1.2/../../../../nios2-elf/lib\libstdc++.a(string-inst.o)
                0x0000abe0                std::string::find_first_not_of(char const*, unsigned long) const
 .text._ZNKSs12find_last_ofEPKcm
                0x0000ac30       0x50 c:/altera/13.0sp1/nios2eds/bin/gnu/h-i686-mingw32/bin/../lib/gcc/nios2-elf/4.1.2/../../../../nios2-elf/lib\libstdc++.a(string-inst.o)
                0x0000ac30                std::string::find_last_of(char const*, unsigned long) const
 .text._ZNKSs13find_first_ofEPKcm
                0x0000ac80       0x50 c:/altera/13.0sp1/nios2eds/bin/gnu/h-i686-mingw32/bin/../lib/gcc/nios2-elf/4.1.2/../../../../nios2-elf/lib\libstdc++.a(string-inst.o)
                0x0000ac80                std::string::find_first_of(char const*, unsigned long) const
 .text._ZNKSs4rendEv
                0x0000acd0       0x10 c:/altera/13.0sp1/nios2eds/bin/gnu/h-i686-mingw32/bin/../lib/gcc/nios2-elf/4.1.2/../../../../nios2-elf/lib\libstdc++.a(string-inst.o)
                0x0000acd0                std::string::rend() const
 .text._ZNKSs6rbeginEv
                0x0000ace0       0x18 c:/altera/13.0sp1/nios2eds/bin/gnu/h-i686-mingw32/bin/../lib/gcc/nios2-elf/4.1.2/../../../../nios2-elf/lib\libstdc++.a(string-inst.o)
                0x0000ace0                std::string::rbegin() const
 .text._ZNSs12_S_constructEmcRKSaIcE
                0x0000acf8       0xc0 c:/altera/13.0sp1/nios2eds/bin/gnu/h-i686-mingw32/bin/../lib/gcc/nios2-elf/4.1.2/../../../../nios2-elf/lib\libstdc++.a(string-inst.o)
                0x0000acf8                std::string::_S_construct(unsigned long, char, std::allocator<char> const&)
 .text._ZNSsC1EmcRKSaIcE
                0x0000adb8       0x3c c:/altera/13.0sp1/nios2eds/bin/gnu/h-i686-mingw32/bin/../lib/gcc/nios2-elf/4.1.2/../../../../nios2-elf/lib\libstdc++.a(string-inst.o)
                0x0000adb8                std::basic_string<char, std::char_traits<char>, std::allocator<char> >::basic_string(unsigned long, char, std::allocator<char> const&)
 .text._ZNSsC2EmcRKSaIcE
                0x0000adf4       0x3c c:/altera/13.0sp1/nios2eds/bin/gnu/h-i686-mingw32/bin/../lib/gcc/nios2-elf/4.1.2/../../../../nios2-elf/lib\libstdc++.a(string-inst.o)
                0x0000adf4                std::basic_string<char, std::char_traits<char>, std::allocator<char> >::basic_string(unsigned long, char, std::allocator<char> const&)
 .text._ZNSsC1ERKSaIcE
                0x0000ae30       0x34 c:/altera/13.0sp1/nios2eds/bin/gnu/h-i686-mingw32/bin/../lib/gcc/nios2-elf/4.1.2/../../../../nios2-elf/lib\libstdc++.a(string-inst.o)