Archive member included because of file (symbol)

c:/altera/13.0sp1/nios2eds/bin/gnu/h-i686-mingw32/bin/../lib/gcc/nios2-elf/4.1.2/../../../../nios2-elf/lib\libstdc++.a(functexcept.o)
                              obj/default/haar.o (std::__throw_bad_alloc())
c:/altera/13.0sp1/nios2eds/bin/gnu/h-i686-mingw32/bin/../lib/gcc/nios2-elf/4.1.2/../../../../nios2-elf/lib\libstdc++.a(ios_failure.o)
                              c:/altera/13.0sp1/nios2eds/bin/gnu/h-i686-mingw32/bin/../lib/gcc/nios2-elf/4.1.2/../../../../nios2-elf/lib\libstdc++.a(functexcept.o) (std::ios_base::failure::~failure())
c:/altera/13.0sp1/nios2eds/bin/gnu/h-i686-mingw32/bin/../lib/gcc/nios2-elf/4.1.2/../../../../nios2-elf/lib\libstdc++.a(stdexcept.o)
                              c:/altera/13.0sp1/nios2eds/bin/gnu/h-i686-mingw32/bin/../lib/gcc/nios2-elf/4.1.2/../../../../nios2-elf/lib\libstdc++.a(functexcept.o) (std::runtime_error::what() const)
c:/altera/13.0sp1/nios2eds/bin/gnu/h-i686-mingw32/bin/../lib/gcc/nios2-elf/4.1.2/../../../../nios2-elf/lib\libstdc++.a(string-inst.o)
                              c:/altera/13.0sp1/nios2eds/bin/gnu/h-i686-mingw32/bin/../lib/gcc/nios2-elf/4.1.2/../../../../nios2-elf/lib\libstdc++.a(functexcept.o) (std::string::_Rep::_S_empty_rep_storage)
c:/altera/13.0sp1/nios2eds/bin/gnu/h-i686-mingw32/bin/../lib/gcc/nios2-elf/4.1.2/../../../../nios2-elf/lib\libstdc++.a(atomicity.o)
                              c:/altera/13.0sp1/nios2eds/bin/gnu/h-i686-mingw32/bin/../lib/gcc/nios2-elf/4.1.2/../../../../nios2-elf/lib\libstdc++.a(functexcept.o) (__gnu_cxx::__exchange_and_add(int volatile*, int))
c:/altera/13.0sp1/nios2eds/bin/gnu/h-i686-mingw32/bin/../lib/gcc/nios2-elf/4.1.2/../../../../nios2-elf/lib\libstdc++.a(bad_typeid.o)
                              c:/altera/13.0sp1/nios2eds/bin/gnu/h-i686-mingw32/bin/../lib/gcc/nios2-elf/4.1.2/../../../../nios2-elf/lib\libstdc++.a(functexcept.o) (vtable for std::bad_typeid)
c:/altera/13.0sp1/nios2eds/bin/gnu/h-i686-mingw32/bin/../lib/gcc/nios2-elf/4.1.2/../../../../nios2-elf/lib\libstdc++.a(eh_throw.o)
                              c:/altera/13.0sp1/nios2eds/bin/gnu/h-i686-mingw32/bin/../lib/gcc/nios2-elf/4.1.2/../../../../nios2-elf/lib\libstdc++.a(functexcept.o) (__cxa_throw)
c:/altera/13.0sp1/nios2eds/bin/gnu/h-i686-mingw32/bin/../lib/gcc/nios2-elf/4.1.2/../../../../nios2-elf/lib\libstdc++.a(eh_term_handler.o)
                              c:/altera/13.0sp1/nios2eds/bin/gnu/h-i686-mingw32/bin/../lib/gcc/nios2-elf/4.1.2/../../../../nios2-elf/lib\libstdc++.a(eh_throw.o) (__cxxabiv1::__terminate_handler)
c:/altera/13.0sp1/nios2eds/bin/gnu/h-i686-mingw32/bin/../lib/gcc/nios2-elf/4.1.2/../../../../nios2-elf/lib\libstdc++.a(eh_catch.o)
                              c:/altera/13.0sp1/nios2eds/bin/gnu/h-i686-mingw32/bin/../lib/gcc/nios2-elf/4.1.2/../../../../nios2-elf/lib\libstdc++.a(eh_throw.o) (__cxa_begin_catch)
c:/altera/13.0sp1/nios2eds/bin/gnu/h-i686-mingw32/bin/../lib/gcc/nios2-elf/4.1.2/../../../../nios2-elf/lib\libstdc++.a(del_op.o)
                              obj/default/haar.o (operator delete(void*))
c:/altera/13.0sp1/nios2eds/bin/gnu/h-i686-mingw32/bin/../lib/gcc/nios2-elf/4.1.2/../../../../nios2-elf/lib\libstdc++.a(eh_unex_handler.o)
                              c:/altera/13.0sp1/nios2eds/bin/gnu/h-i686-mingw32/bin/../lib/gcc/nios2-elf/4.1.2/../../../../nios2-elf/lib\libstdc++.a(eh_throw.o) (__cxxabiv1::__unexpected_handler)
c:/altera/13.0sp1/nios2eds/bin/gnu/h-i686-mingw32/bin/../lib/gcc/nios2-elf/4.1.2/../../../../nios2-elf/lib\libstdc++.a(eh_personality.o)
                              obj/default/haar.o (__gxx_personality_sj0)
c:/altera/13.0sp1/nios2eds/bin/gnu/h-i686-mingw32/bin/../lib/gcc/nios2-elf/4.1.2/../../../../nios2-elf/lib\libstdc++.a(bad_cast.o)
                              c:/altera/13.0sp1/nios2eds/bin/gnu/h-i686-mingw32/bin/../lib/gcc/nios2-elf/4.1.2/../../../../nios2-elf/lib\libstdc++.a(functexcept.o) (vtable for std::bad_cast)
c:/altera/13.0sp1/nios2eds/bin/gnu/h-i686-mingw32/bin/../lib/gcc/nios2-elf/4.1.2/../../../../nios2-elf/lib\libstdc++.a(si_class_type_info.o)
                              c:/altera/13.0sp1/nios2eds/bin/gnu/h-i686-mingw32/bin/../lib/gcc/nios2-elf/4.1.2/../../../../nios2-elf/lib\libstdc++.a(functexcept.o) (vtable for __cxxabiv1::__si_class_type_info)
c:/altera/13.0sp1/nios2eds/bin/gnu/h-i686-mingw32/bin/../lib/gcc/nios2-elf/4.1.2/../../../../nios2-elf/lib\libstdc++.a(eh_globals.o)
                              c:/altera/13.0sp1/nios2eds/bin/gnu/h-i686-mingw32/bin/../lib/gcc/nios2-elf/4.1.2/../../../../nios2-elf/lib\libstdc++.a(eh_catch.o) (__cxa_get_globals_fast)
c:/altera/13.0sp1/nios2eds/bin/gnu/h-i686-mingw32/bin/../lib/gcc/nios2-elf/4.1.2/../../../../nios2-elf/lib\libstdc++.a(eh_terminate.o)
                              c:/altera/13.0sp1/nios2eds/bin/gnu/h-i686-mingw32/bin/../lib/gcc/nios2-elf/4.1.2/../../../../nios2-elf/lib\libstdc++.a(eh_throw.o) (__cxxabiv1::__terminate(void (*)()))
[...]
Memory Configuration

Name             Origin             Length             Attributes
reset            0x00000000         0x00000020
sdram            0x00000020         0x007fffe0
*default*        0x00000000         0xffffffff

Linker script and memory map

LOAD ../DE2_70_Viola-Jones_bsp/obj/HAL/src/crt0.o
LOAD obj/default/image.o
LOAD obj/default/stdio-wrapper.o
LOAD obj/default/haar.o
LOAD obj/default/main.o
LOAD obj/default/rectangles.o
LOAD c:/altera/13.0sp1/nios2eds/bin/gnu/h-i686-mingw32/bin/../lib/gcc/nios2-elf/4.1.2/../../../../nios2-elf/lib\libstdc++.a
LOAD c:/altera/13.0sp1/nios2eds/bin/gnu/h-i686-mingw32/bin/../lib/gcc/nios2-elf/4.1.2/../../../../nios2-elf/lib\libm.a
LOAD c:/altera/13.0sp1/nios2eds/bin/gnu/h-i686-mingw32/bin/../lib/gcc/nios2-elf/4.1.2\libgcc.a
START GROUP
LOAD c:/altera/13.0sp1/nios2eds/bin/gnu/h-i686-mingw32/bin/../lib/gcc/nios2-elf/4.1.2/../../../../nios2-elf/lib\libc.a
LOAD c:/altera/13.0sp1/nios2eds/bin/gnu/h-i686-mingw32/bin/../lib/gcc/nios2-elf/4.1.2\libgcc.a
LOAD ../DE2_70_Viola-Jones_bsp\libhal_bsp.a
END GROUP
LOAD c:/altera/13.0sp1/nios2eds/bin/gnu/h-i686-mingw32/bin/../lib/gcc/nios2-elf/4.1.2\libgcc.a
                0x00000000                __alt_mem_sdram = 0x0

.entry          0x00000000       0x20
 *(.entry)
 .entry         0x00000000       0x20 ../DE2_70_Viola-Jones_bsp/obj/HAL/src/crt0.o
                0x00000000                __reset

.exceptions     0x00000020      0x194
                0x00000020                PROVIDE (__ram_exceptions_start, ABSOLUTE (.))
                0x00000020                . = ALIGN (0x20)
 *(.irq)
 *(.exceptions.entry.label)
 .exceptions.entry.label
                0x00000020        0x0 ../DE2_70_Viola-Jones_bsp\libhal_bsp.a(alt_irq_entry.o)
                0x00000020                alt_irq_entry
 .exceptions.entry.label
                0x00000020        0x0 ../DE2_70_Viola-Jones_bsp\libhal_bsp.a(alt_exception_entry.o)
                0x00000020                alt_exception
 *(.exceptions.entry.user)
 *(.exceptions.entry)
 .exceptions.entry
                0x00000020       0x54 ../DE2_70_Viola-Jones_bsp\libhal_bsp.a(alt_exception_entry.o)
 *(.exceptions.irqtest.user)
 *(.exceptions.irqtest)
 .exceptions.irqtest
                0x00000074       0x10 ../DE2_70_Viola-Jones_bsp\libhal_bsp.a(alt_irq_entry.o)
 *(.exceptions.irqhandler.user)
 *(.exceptions.irqhandler)
 .exceptions.irqhandler
                0x00000084        0x4 ../DE2_70_Viola-Jones_bsp\libhal_bsp.a(alt_irq_entry.o)
 *(.exceptions.irqreturn.user)
 *(.exceptions.irqreturn)
 .exceptions.irqreturn
                0x00000088        0x4 ../DE2_70_Viola-Jones_bsp\libhal_bsp.a(alt_irq_entry.o)
 *(.exceptions.notirq.label)
 .exceptions.notirq.label
                0x0000008c        0x0 ../DE2_70_Viola-Jones_bsp\libhal_bsp.a(alt_irq_entry.o)
 *(.exceptions.notirq.user)
 *(.exceptions.notirq)
 .exceptions.notirq
                0x0000008c        0x8 ../DE2_70_Viola-Jones_bsp\libhal_bsp.a(alt_exception_entry.o)
 *(.exceptions.soft.user)
 *(.exceptions.soft)
 *(.exceptions.unknown.user)
 *(.exceptions.unknown)
 .exceptions.unknown
                0x00000094        0x4 ../DE2_70_Viola-Jones_bsp\libhal_bsp.a(alt_exception_entry.o)
 *(.exceptions.exit.label)
 .exceptions.exit.label
                0x00000098        0x0 ../DE2_70_Viola-Jones_bsp\libhal_bsp.a(alt_irq_entry.o)
 .exceptions.exit.label
                0x00000098        0x0 ../DE2_70_Viola-Jones_bsp\libhal_bsp.a(alt_exception_entry.o)
 *(.exceptions.exit.user)
 *(.exceptions.exit)
 .exceptions.exit
                0x00000098       0x54 ../DE2_70_Viola-Jones_bsp\libhal_bsp.a(alt_exception_entry.o)
 *(.exceptions)
 .exceptions    0x000000ec       0xc8 ../DE2_70_Viola-Jones_bsp\libhal_bsp.a(alt_irq_handler.o)
                0x000000ec                alt_irq_handler
                0x000001b4                PROVIDE (__ram_exceptions_end, ABSOLUTE (.))
                0x00000020                PROVIDE (__flash_exceptions_start, LOADADDR (.exceptions))

.text           0x000001b4    0x1e560
                0x000001b4                PROVIDE (stext, ABSOLUTE (.))
 *(.interp)
 *(.hash)
 *(.dynsym)
 *(.dynstr)
 *(.gnu.version)
 *(.gnu.version_d)
 *(.gnu.version_r)
 *(.rel.init)
 *(.rela.init)
 *(.rel.text .rel.text.* .rel.gnu.linkonce.t.*)
 *(.rela.text .rela.text.* .rela.gnu.linkonce.t.*)
 *(.rel.fini)
 *(.rela.fini)
 *(.rel.rodata .rel.rodata.* .rel.gnu.linkonce.r.*)
 *(.rela.rodata .rela.rodata.* .rela.gnu.linkonce.r.*)
 *(.rel.data .rel.data.* .rel.gnu.linkonce.d.*)
 *(.rela.data .rela.data.* .rela.gnu.linkonce.d.*)
 *(.rel.tdata .rel.tdata.* .rel.gnu.linkonce.td.*)
 *(.rela.tdata .rela.tdata.* .rela.gnu.linkonce.td.*)
 *(.rel.tbss .rel.tbss.* .rel.gnu.linkonce.tb.*)
 *(.rela.tbss .rela.tbss.* .rela.gnu.linkonce.tb.*)
 *(.rel.ctors)
 *(.rela.ctors)
 *(.rel.dtors)
 *(.rela.dtors)
 *(.rel.got)
 *(.rela.got)
 *(.rel.sdata .rel.sdata.* .rel.gnu.linkonce.s.*)
 *(.rela.sdata .rela.sdata.* .rela.gnu.linkonce.s.*)
 *(.rel.sbss .rel.sbss.* .rel.gnu.linkonce.sb.*)
 *(.rela.sbss .rela.sbss.* .rela.gnu.linkonce.sb.*)
 *(.rel.sdata2 .rel.sdata2.* .rel.gnu.linkonce.s2.*)
 *(.rela.sdata2 .rela.sdata2.* .rela.gnu.linkonce.s2.*)
 *(.rel.sbss2 .rel.sbss2.* .rel.gnu.linkonce.sb2.*)
 *(.rela.sbss2 .rela.sbss2.* .rela.gnu.linkonce.sb2.*)
 *(.rel.bss .rel.bss.* .rel.gnu.linkonce.b.*)
 *(.rela.bss .rela.bss.* .rela.gnu.linkonce.b.*)
 *(.rel.plt)
 *(.rela.plt)
 *(.rel.dyn)
 *(.init)
 *(.plt)
 *(.text .stub .text.* .gnu.linkonce.t.*)
 .text          0x000001b4       0x4c ../DE2_70_Viola-Jones_bsp/obj/HAL/src/crt0.o
                0x000001b4                _start
 .text          0x00000200      0x8c0 obj/default/image.o
                0x00000200                strrev
                0x00000314                myatoi
                0x00000414                itochar
                0x000004c4                readImage
                0x000005d8                writePgm
                0x0000076c                cpyPgm
                0x00000888                createImage
                0x000008fc                createSumImage
                0x00000978                freeImage
                0x000009dc                freeSumImage
                0x00000a40                setImage
                0x00000a80                setSumImage
 .text          0x00000ac0        0x0 obj/default/stdio-wrapper.o
 .text          0x00000ac0     0x19d0 obj/default/haar.o
                0x00000ac0                int_sqrt(unsigned int)
                0x00000b88                setImageForCascadeClassifier
                0x00001390                runCascadeClassifier
                0x000016dc                integralImages(MyImage*, MyIntImage*, MyIntImage*)
                0x000018cc                nearestNeighbor(MyImage*, MyImage*)
                0x00001a48                releaseTextClassifier
                0x00001aac                readTextClassifier
                0x00001ef8                ScaleImage_Invoker(myCascade*, float, int, int, std::vector<MyRect, std::allocator<MyRect> >&)
                0x000020b0                detectObjects
 .text._ZnwmPv  0x00002490       0x28 obj/default/haar.o
                0x00002490                operator new(unsigned long, void*)
 .text._Z7myRoundf
                0x000024b8       0xa4 obj/default/haar.o
                0x000024b8                myRound(float)
 .text._Z18evalWeakClassifieriiiii
                0x0000255c      0x3e4 obj/default/haar.o
                0x0000255c                evalWeakClassifier(int, int, int, int, int)
 .text._ZN9__gnu_cxx13new_allocatorI6MyRectEC2Ev
                0x00002940       0x20 obj/default/haar.o
                0x00002940                __gnu_cxx::new_allocator<MyRect>::new_allocator()
 .text._ZNSaI6MyRectEC1Ev
                0x00002960       0x30 obj/default/haar.o
                0x00002960                std::allocator<MyRect>::allocator()
 .text._ZN9__gnu_cxx13new_allocatorI6MyRectED2Ev
                0x00002990       0x20 obj/default/haar.o
                0x00002990                __gnu_cxx::new_allocator<MyRect>::~new_allocator()
 .text._ZNSaI6MyRectED1Ev
                0x000029b0       0x30 obj/default/haar.o
                0x000029b0                std::allocator<MyRect>::~allocator()
 .text._ZNSaI6MyRectED2Ev
                0x000029e0       0x30 obj/default/haar.o
                0x000029e0                std::allocator<MyRect>::~allocator()
 .text._ZN9__gnu_cxx13new_allocatorI6MyRectEC2ERKS2_
                0x00002a10       0x24 obj/default/haar.o
                0x00002a10                __gnu_cxx::new_allocator<MyRect>::new_allocator(__gnu_cxx::new_allocator<MyRect> const&)
 .text._ZNSaI6MyRectEC1ERKS0_
                0x00002a34       0x38 obj/default/haar.o
                0x00002a34                std::allocator<MyRect>::allocator(std::allocator<MyRect> const&)
 .text._ZNSaI6MyRectEC2ERKS0_
                0x00002a6c       0x38 obj/default/haar.o
                0x00002a6c                std::allocator<MyRect>::allocator(std::allocator<MyRect> const&)
 .text._ZNSt12_Vector_baseI6MyRectSaIS0_EE12_Vector_implD1Ev
                0x00002aa4       0x30 obj/default/haar.o
                0x00002aa4                std::_Vector_base<MyRect, std::allocator<MyRect> >::_Vector_impl::~_Vector_impl()
 .text._ZNSt12_Vector_baseI6MyRectSaIS0_EE19_M_get_Tp_allocatorEv
                0x00002ad4       0x24 obj/default/haar.o
                0x00002ad4                std::_Vector_base<MyRect, std::allocator<MyRect> >::_M_get_Tp_allocator()
 .text._ZN9__gnu_cxx13new_allocatorI6MyRectE9constructEPS1_RKS1_
                0x00002af8       0x80 obj/default/haar.o
                0x00002af8                __gnu_cxx::new_allocator<MyRect>::construct(MyRect*, MyRect const&)
 .text._ZNSt12_Vector_baseI6MyRectSaIS0_EE12_Vector_implC1ERKS1_
                0x00002b78       0x50 obj/default/haar.o
                0x00002b78                std::_Vector_base<MyRect, std::allocator<MyRect> >::_Vector_impl::_Vector_impl(std::allocator<MyRect> const&)
 .text._ZNSt12_Vector_baseI6MyRectSaIS0_EEC2ERKS1_
                0x00002bc8       0x38 obj/default/haar.o
                0x00002bc8                std::_Vector_base<MyRect, std::allocator<MyRect> >::_Vector_base(std::allocator<MyRect> const&)
 .text._ZNSt6vectorI6MyRectSaIS0_EEC1ERKS1_
                0x00002c00       0x38 obj/default/haar.o
                0x00002c00                std::vector<MyRect, std::allocator<MyRect> >::vector(std::allocator<MyRect> const&)
 .text._ZN9__gnu_cxx17__normal_iteratorIPK6MyRectSt6vectorIS1_SaIS1_EEEC1ERKS3_
                0x00002c38       0x34 obj/default/haar.o
                0x00002c38                __gnu_cxx::__normal_iterator<MyRect const*, std::vector<MyRect, std::allocator<MyRect> > >::__normal_iterator(MyRect const* const&)
 .text._ZNKSt6vectorI6MyRectSaIS0_EE3endEv
                0x00002c6c       0x44 obj/default/haar.o
                0x00002c6c                std::vector<MyRect, std::allocator<MyRect> >::end() const
 .text._ZNKSt6vectorI6MyRectSaIS0_EE5beginEv
                0x00002cb0       0x44 obj/default/haar.o
                0x00002cb0                std::vector<MyRect, std::allocator<MyRect> >::begin() const
 .text._ZN9__gnu_cxx17__normal_iteratorIP6MyRectSt6vectorIS1_SaIS1_EEEC1ERKS2_
                0x00002cf4       0x34 obj/default/haar.o
                0x00002cf4                __gnu_cxx::__normal_iterator<MyRect*, std::vector<MyRect, std::allocator<MyRect> > >::__normal_iterator(MyRect* const&)
 .text._ZNSt6vectorI6MyRectSaIS0_EE3endEv
                0x00002d28       0x3c obj/default/haar.o
                0x00002d28                std::vector<MyRect, std::allocator<MyRect> >::end()
 .text._ZNK9__gnu_cxx17__normal_iteratorIP6MyRectSt6vectorIS1_SaIS1_EEEdeEv
                0x00002d64       0x28 obj/default/haar.o
                0x00002d64                __gnu_cxx::__normal_iterator<MyRect*, std::vector<MyRect, std::allocator<MyRect> > >::operator*() const
 .text._ZNKSt6vectorI6MyRectSaIS0_EE8max_sizeEv
                0x00002d8c       0x28 obj/default/haar.o
                0x00002d8c                std::vector<MyRect, std::allocator<MyRect> >::max_size() const
 .text._ZNK9__gnu_cxx17__normal_iteratorIP6MyRectSt6vectorIS1_SaIS1_EEE4baseEv
                0x00002db4       0x24 obj/default/haar.o
                0x00002db4                __gnu_cxx::__normal_iterator<MyRect*, std::vector<MyRect, std::allocator<MyRect> > >::base() const
 .text._ZN9__gnu_cxx17__normal_iteratorIP6MyRectSt6vectorIS1_SaIS1_EEEppEv
                0x00002dd8       0x38 obj/default/haar.o
                0x00002dd8                __gnu_cxx::__normal_iterator<MyRect*, std::vector<MyRect, std::allocator<MyRect> > >::operator++()
 .text._ZNSt6vectorI6MyRectSaIS0_EE5beginEv
                0x00002e10       0x38 obj/default/haar.o
                0x00002e10                std::vector<MyRect, std::allocator<MyRect> >::begin()
 .text._ZNK9__gnu_cxx17__normal_iteratorIPK6MyRectSt6vectorIS1_SaIS1_EEE4baseEv
                0x00002e48       0x24 obj/default/haar.o
                0x00002e48                __gnu_cxx::__normal_iterator<MyRect const*, std::vector<MyRect, std::allocator<MyRect> > >::base() const
 .text._ZN9__gnu_cxxmiIPK6MyRectS3_St6vectorIS1_SaIS1_EEEENS_17__normal_iteratorIT_T1_E15difference_typeERKSA_RKNS7_IT0_S9_EE
                0x00002e6c       0x58 obj/default/haar.o
                0x00002e6c                __gnu_cxx::__normal_iterator<MyRect const*, std::vector<MyRect, std::allocator<MyRect> > >::difference_type __gnu_cxx::operator-<MyRect const*, MyRect const*, std::vector<MyRect, std::allocator<MyRect> > >(__gnu_cxx::__normal_iterator<MyRect const*, std::vector<MyRect, std::allocator<MyRect> > > const&, __gnu_cxx::__normal_iterator<MyRect const*, std::vector<MyRect, std::allocator<MyRect> > > const&)
 .text._ZNKSt6vectorI6MyRectSaIS0_EE4sizeEv
                0x00002ec4       0x4c obj/default/haar.o
                0x00002ec4                std::vector<MyRect, std::allocator<MyRect> >::size() const
 .text._ZN6MyRectD1Ev
                0x00002f10       0x20 obj/default/haar.o
                0x00002f10                MyRect::~MyRect()
 .text._ZSt8_DestroyI6MyRectEvPT_
                0x00002f30       0x30 obj/default/haar.o
                0x00002f30                void std::_Destroy<MyRect>(MyRect*)
 .text._ZSt13__destroy_auxIP6MyRectEvT_S2_12__false_type
                0x00002f60       0x54 obj/default/haar.o
                0x00002f60                void std::__destroy_aux<MyRect*>(MyRect*, MyRect*, __false_type)
 .text._ZSt8_DestroyIP6MyRectEvT_S2_
                0x00002fb4       0x3c obj/default/haar.o
                0x00002fb4                void std::_Destroy<MyRect*>(MyRect*, MyRect*)
 .text._ZSt8_DestroyIP6MyRectS0_EvT_S2_SaIT0_E
                0x00002ff0       0x3c obj/default/haar.o
                0x00002ff0                void std::_Destroy<MyRect*, MyRect>(MyRect*, MyRect*, std::allocator<MyRect>)
 .text._ZNK9__gnu_cxx13new_allocatorI6MyRectE8max_sizeEv
                0x0000302c       0x28 obj/default/haar.o
                0x0000302c                __gnu_cxx::new_allocator<MyRect>::max_size() const
 .text._ZSt10_ConstructI6MyRectS0_EvPT_RKT0_
                0x00003054       0x7c obj/default/haar.o
                0x00003054                void std::_Construct<MyRect, MyRect>(MyRect*, MyRect const&)
 .text._ZNSt15__copy_backwardILb0ESt26random_access_iterator_tagE6copy_bIP6MyRectS4_EET0_T_S6_S5_
                0x000030d0       0x9c obj/default/haar.o
                0x000030d0                MyRect* std::__copy_backward<false, std::random_access_iterator_tag>::copy_b<MyRect*, MyRect*>(MyRect*, MyRect*, MyRect*)
 .text._ZSt19__copy_backward_auxIP6MyRectS1_ET0_T_S3_S2_
                0x0000316c       0x44 obj/default/haar.o
                0x0000316c                MyRect* std::__copy_backward_aux<MyRect*, MyRect*>(MyRect*, MyRect*, MyRect*)
 .text._ZNSt22__copy_backward_normalILb1ELb1EE8copy_b_nIN9__gnu_cxx17__normal_iteratorIP6MyRectSt6vectorIS4_SaIS4_EEEES9_EET0_T_SB_SA_
                0x000031b0       0x84 obj/default/haar.o
                0x000031b0                __gnu_cxx::__normal_iterator<MyRect*, std::vector<MyRect, std::allocator<MyRect> > > std::__copy_backward_normal<true, true>::copy_b_n<__gnu_cxx::__normal_iterator<MyRect*, std::vector<MyRect, std::allocator<MyRect> > >, __gnu_cxx::__normal_iterator<MyRect*, std::vector<MyRect, std::allocator<MyRect> > > >(__gnu_cxx::__normal_iterator<MyRect*, std::vector<MyRect, std::allocator<MyRect> > >, __gnu_cxx::__normal_iterator<MyRect*, std::vector<MyRect, std::allocator<MyRect> > >, __gnu_cxx::__normal_iterator<MyRect*, std::vector<MyRect, std::allocator<MyRect> > >)
 .text._ZSt13copy_backwardIN9__gnu_cxx17__normal_iteratorIP6MyRectSt6vectorIS2_SaIS2_EEEES7_ET0_T_S9_S8_
                0x00003234       0x50 obj/default/haar.o
                0x00003234                __gnu_cxx::__normal_iterator<MyRect*, std::vector<MyRect, std::allocator<MyRect> > > std::copy_backward<__gnu_cxx::__normal_iterator<MyRect*, std::vector<MyRect, std::allocator<MyRect> > >, __gnu_cxx::__normal_iterator<MyRect*, std::vector<MyRect, std::allocator<MyRect> > > >(__gnu_cxx::__normal_iterator<MyRect*, std::vector<MyRect, std::allocator<MyRect> > >, __gnu_cxx::__normal_iterator<MyRect*, std::vector<MyRect, std::allocator<MyRect> > >, __gnu_cxx::__normal_iterator<MyRect*, std::vector<MyRect, std::allocator<MyRect> > >)
 .text._ZN9__gnu_cxxneIP6MyRectSt6vectorIS1_SaIS1_EEEEbRKNS_17__normal_iteratorIT_T0_EESB_
                0x00003284       0x50 obj/default/haar.o
                0x00003284                bool __gnu_cxx::operator!=<MyRect*, std::vector<MyRect, std::allocator<MyRect> > >(__gnu_cxx::__normal_iterator<MyRect*, std::vector<MyRect, std::allocator<MyRect> > > const&, __gnu_cxx::__normal_iterator<MyRect*, std::vector<MyRect, std::allocator<MyRect> > > const&)
 .text._ZSt24__uninitialized_copy_auxIN9__gnu_cxx17__normal_iteratorIP6MyRectSt6vectorIS2_SaIS2_EEEES7_ET0_T_S9_S8_12__false_type
                0x000032d4       0x94 obj/default/haar.o
                0x000032d4                __gnu_cxx::__normal_iterator<MyRect*, std::vector<MyRect, std::allocator<MyRect> > > std::__uninitialized_copy_aux<__gnu_cxx::__normal_iterator<MyRect*, std::vector<MyRect, std::allocator<MyRect> > >, __gnu_cxx::__normal_iterator<MyRect*, std::vector<MyRect, std::allocator<MyRect> > > >(__gnu_cxx::__normal_iterator<MyRect*, std::vector<MyRect, std::allocator<MyRect> > >, __gnu_cxx::__normal_iterator<MyRect*, std::vector<MyRect, std::allocator<MyRect> > >, __gnu_cxx::__normal_iterator<MyRect*, std::vector<MyRect, std::allocator<MyRect> > >, __false_type)
 .text._ZSt18uninitialized_copyIN9__gnu_cxx17__normal_iteratorIP6MyRectSt6vectorIS2_SaIS2_EEEES7_ET0_T_S9_S8_
                0x00003368       0x44 obj/default/haar.o
                0x00003368                __gnu_cxx::__normal_iterator<MyRect*, std::vector<MyRect, std::allocator<MyRect> > > std::uninitialized_copy<__gnu_cxx::__normal_iterator<MyRect*, std::vector<MyRect, std::allocator<MyRect> > >, __gnu_cxx::__normal_iterator<MyRect*, std::vector<MyRect, std::allocator<MyRect> > > >(__gnu_cxx::__normal_iterator<MyRect*, std::vector<MyRect, std::allocator<MyRect> > >, __gnu_cxx::__normal_iterator<MyRect*, std::vector<MyRect, std::allocator<MyRect> > >, __gnu_cxx::__normal_iterator<MyRect*, std::vector<MyRect, std::allocator<MyRect> > >)
 .text._ZSt22__uninitialized_copy_aIN9__gnu_cxx17__normal_iteratorIP6MyRectSt6vectorIS2_SaIS2_EEEES7_S2_ET0_T_S9_S8_SaIT1_E
                0x000033ac       0x44 obj/default/haar.o
                0x000033ac                __gnu_cxx::__normal_iterator<MyRect*, std::vector<MyRect, std::allocator<MyRect> > > std::__uninitialized_copy_a<__gnu_cxx::__normal_iterator<MyRect*, std::vector<MyRect, std::allocator<MyRect> > >, __gnu_cxx::__normal_iterator<MyRect*, std::vector<MyRect, std::allocator<MyRect> > >, MyRect>(__gnu_cxx::__normal_iterator<MyRect*, std::vector<MyRect, std::allocator<MyRect> > >, __gnu_cxx::__normal_iterator<MyRect*, std::vector<MyRect, std::allocator<MyRect> > >, __gnu_cxx::__normal_iterator<MyRect*, std::vector<MyRect, std::allocator<MyRect> > >, std::allocator<MyRect>)
 .text._ZSt13__destroy_auxIN9__gnu_cxx17__normal_iteratorIP6MyRectSt6vectorIS2_SaIS2_EEEEEvT_S8_12__false_type
                0x000033f0       0x64 obj/default/haar.o
                0x000033f0                void std::__destroy_aux<__gnu_cxx::__normal_iterator<MyRect*, std::vector<MyRect, std::allocator<MyRect> > > >(__gnu_cxx::__normal_iterator<MyRect*, std::vector<MyRect, std::allocator<MyRect> > >, __gnu_cxx::__normal_iterator<MyRect*, std::vector<MyRect, std::allocator<MyRect> > >, __false_type)
 .text._ZSt8_DestroyIN9__gnu_cxx17__normal_iteratorIP6MyRectSt6vectorIS2_SaIS2_EEEEEvT_S8_
                0x00003454       0x3c obj/default/haar.o
                0x00003454                void std::_Destroy<__gnu_cxx::__normal_iterator<MyRect*, std::vector<MyRect, std::allocator<MyRect> > > >(__gnu_cxx::__normal_iterator<MyRect*, std::vector<MyRect, std::allocator<MyRect> > >, __gnu_cxx::__normal_iterator<MyRect*, std::vector<MyRect, std::allocator<MyRect> > >)
 .text._ZSt8_DestroyIN9__gnu_cxx17__normal_iteratorIP6MyRectSt6vectorIS2_SaIS2_EEEES2_EvT_S8_SaIT0_E
                0x00003490       0x3c obj/default/haar.o
                0x00003490                void std::_Destroy<__gnu_cxx::__normal_iterator<MyRect*, std::vector<MyRect, std::allocator<MyRect> > >, MyRect>(__gnu_cxx::__normal_iterator<MyRect*, std::vector<MyRect, std::allocator<MyRect> > >, __gnu_cxx::__normal_iterator<MyRect*, std::vector<MyRect, std::allocator<MyRect> > >, std::allocator<MyRect>)
 .text._ZN9__gnu_cxx13new_allocatorI6MyRectE8allocateEmPKv
                0x000034cc       0x64 obj/default/haar.o
                0x000034cc                __gnu_cxx::new_allocator<MyRect>::allocate(unsigned long, void const*)
 .text._ZNSt12_Vector_baseI6MyRectSaIS0_EE11_M_allocateEm
                0x00003530       0x40 obj/default/haar.o
                0x00003530                std::_Vector_base<MyRect, std::allocator<MyRect> >::_M_allocate(unsigned long)
 .text._ZN9__gnu_cxx13new_allocatorI6MyRectE10deallocateEPS1_m
                0x00003570       0x38 obj/default/haar.o
                0x00003570                __gnu_cxx::new_allocator<MyRect>::deallocate(MyRect*, unsigned long)
 .text._ZNSt12_Vector_baseI6MyRectSaIS0_EE13_M_deallocateEPS0_m
                0x000035a8       0x50 obj/default/haar.o
                0x000035a8                std::_Vector_base<MyRect, std::allocator<MyRect> >::_M_deallocate(MyRect*, unsigned long)
 .text._ZNSt6vectorI6MyRectSaIS0_EE13_M_insert_auxEN9__gnu_cxx17__normal_iteratorIPS0_S2_EERKS0_
                0x000035f8      0x32c obj/default/haar.o
                0x000035f8                std::vector<MyRect, std::allocator<MyRect> >::_M_insert_aux(__gnu_cxx::__normal_iterator<MyRect*, std::vector<MyRect, std::allocator<MyRect> > >, MyRect const&)
 .text._ZNSt6vectorI6MyRectSaIS0_EE9push_backERKS0_
                0x00003924       0x88 obj/default/haar.o
                0x00003924                std::vector<MyRect, std::allocator<MyRect> >::push_back(MyRect const&)
 .text._ZNSt12_Vector_baseI6MyRectSaIS0_EED2Ev
                0x000039ac       0x60 obj/default/haar.o
                0x000039ac                std::_Vector_base<MyRect, std::allocator<MyRect> >::~_Vector_base()
 .text._ZNSt6vectorI6MyRectSaIS0_EED1Ev
                0x00003a0c       0x7c obj/default/haar.o
                0x00003a0c                std::vector<MyRect, std::allocator<MyRect> >::~vector()
 .text          0x00003a88      0x340 obj/default/main.o
                0x00003a88                main
 .text._ZNK9__gnu_cxx17__normal_iteratorIPK6MyRectSt6vectorIS1_SaIS1_EEEplERKl
                0x00003dc8       0x58 obj/default/main.o
                0x00003dc8                __gnu_cxx::__normal_iterator<MyRect const*, std::vector<MyRect, std::allocator<MyRect> > >::operator+(long const&) const
 .text._ZNK9__gnu_cxx17__normal_iteratorIP6MyRectSt6vectorIS1_SaIS1_EEEplERKl
                0x00003e20       0x58 obj/default/main.o
                0x00003e20                __gnu_cxx::__normal_iterator<MyRect*, std::vector<MyRect, std::allocator<MyRect> > >::operator+(long const&) const
 .text._ZNSt6vectorI6MyRectSaIS0_EEixEm
                0x00003e78       0x58 obj/default/main.o
                0x00003e78                std::vector<MyRect, std::allocator<MyRect> >::operator[](unsigned long)
 .text._ZNKSt6vectorI6MyRectSaIS0_EE8capacityEv
                0x00003ed0       0x58 obj/default/main.o
                0x00003ed0                std::vector<MyRect, std::allocator<MyRect> >::capacity() const
 .text._ZN9__gnu_cxxneIPK6MyRectSt6vectorIS1_SaIS1_EEEEbRKNS_17__normal_iteratorIT_T0_EESC_
                0x00003f28       0x50 obj/default/main.o
                0x00003f28                bool __gnu_cxx::operator!=<MyRect const*, std::vector<MyRect, std::allocator<MyRect> > >(__gnu_cxx::__normal_iterator<MyRect const*, std::vector<MyRect, std::allocator<MyRect> > > const&, __gnu_cxx::__normal_iterator<MyRect const*, std::vector<MyRect, std::allocator<MyRect> > > const&)
 .text._ZN9__gnu_cxx17__normal_iteratorIPK6MyRectSt6vectorIS1_SaIS1_EEEppEv
                0x00003f78       0x38 obj/default/main.o
                0x00003f78                __gnu_cxx::__normal_iterator<MyRect const*, std::vector<MyRect, std::allocator<MyRect> > >::operator++()
 .text._ZNK9__gnu_cxx17__normal_iteratorIPK6MyRectSt6vectorIS1_SaIS1_EEEdeEv
                0x00003fb0       0x28 obj/default/main.o
                0x00003fb0                __gnu_cxx::__normal_iterator<MyRect const*, std::vector<MyRect, std::allocator<MyRect> > >::operator*() const
 .text._ZSt24__uninitialized_copy_auxIN9__gnu_cxx17__normal_iteratorIPK6MyRectSt6vectorIS2_SaIS2_EEEEPS2_ET0_T_SB_SA_12__false_type
                0x00003fd8       0x84 obj/default/main.o
                0x00003fd8                MyRect* std::__uninitialized_copy_aux<__gnu_cxx::__normal_iterator<MyRect const*, std::vector<MyRect, std::allocator<MyRect> > >, MyRect*>(__gnu_cxx::__normal_iterator<MyRect const*, std::vector<MyRect, std::allocator<MyRect> > >, __gnu_cxx::__normal_iterator<MyRect const*, std::vector<MyRect, std::allocator<MyRect> > >, MyRect*, __false_type)
 .text._ZSt18uninitialized_copyIN9__gnu_cxx17__normal_iteratorIPK6MyRectSt6vectorIS2_SaIS2_EEEEPS2_ET0_T_SB_SA_
                0x0000405c       0x44 obj/default/main.o
                0x0000405c                MyRect* std::uninitialized_copy<__gnu_cxx::__normal_iterator<MyRect const*, std::vector<MyRect, std::allocator<MyRect> > >, MyRect*>(__gnu_cxx::__normal_iterator<MyRect const*, std::vector<MyRect, std::allocator<MyRect> > >, __gnu_cxx::__normal_iterator<MyRect const*, std::vector<MyRect, std::allocator<MyRect> > >, MyRect*)
 .text._ZSt22__uninitialized_copy_aIN9__gnu_cxx17__normal_iteratorIPK6MyRectSt6vectorIS2_SaIS2_EEEEPS2_S2_ET0_T_SB_SA_SaIT1_E
                0x000040a0       0x44 obj/default/main.o
                0x000040a0                MyRect* std::__uninitialized_copy_a<__gnu_cxx::__normal_iterator<MyRect const*, std::vector<MyRect, std::allocator<MyRect> > >, MyRect*, MyRect>(__gnu_cxx::__normal_iterator<MyRect const*, std::vector<MyRect, std::allocator<MyRect> > >, __gnu_cxx::__normal_iterator<MyRect const*, std::vector<MyRect, std::allocator<MyRect> > >, MyRect*, std::allocator<MyRect>)
 .text._ZNSt6__copyILb0ESt26random_access_iterator_tagE4copyIPK6MyRectPS3_EET0_T_S8_S7_
                0x000040e4       0x9c obj/default/main.o
                0x000040e4                MyRect* std::__copy<false, std::random_access_iterator_tag>::copy<MyRect const*, MyRect*>(MyRect const*, MyRect const*, MyRect*)
 .text._ZSt10__copy_auxIPK6MyRectPS0_ET0_T_S5_S4_
                0x00004180       0x44 obj/default/main.o
                0x00004180                MyRect* std::__copy_aux<MyRect const*, MyRect*>(MyRect const*, MyRect const*, MyRect*)
 .text._ZNSt13__copy_normalILb1ELb1EE6copy_nIN9__gnu_cxx17__normal_iteratorIPK6MyRectSt6vectorIS4_SaIS4_EEEENS3_IPS4_S9_EEEET0_T_SE_SD_
                0x000041c4       0x84 obj/default/main.o
                0x000041c4                __gnu_cxx::__normal_iterator<MyRect*, std::vector<MyRect, std::allocator<MyRect> > > std::__copy_normal<true, true>::copy_n<__gnu_cxx::__normal_iterator<MyRect const*, std::vector<MyRect, std::allocator<MyRect> > >, __gnu_cxx::__normal_iterator<MyRect*, std::vector<MyRect, std::allocator<MyRect> > > >(__gnu_cxx::__normal_iterator<MyRect const*, std::vector<MyRect, std::allocator<MyRect> > >, __gnu_cxx::__normal_iterator<MyRect const*, std::vector<MyRect, std::allocator<MyRect> > >, __gnu_cxx::__normal_iterator<MyRect*, std::vector<MyRect, std::allocator<MyRect> > >)
 .text._ZSt4copyIN9__gnu_cxx17__normal_iteratorIPK6MyRectSt6vectorIS2_SaIS2_EEEENS1_IPS2_S7_EEET0_T_SC_SB_
                0x00004248       0x50 obj/default/main.o
                0x00004248                __gnu_cxx::__normal_iterator<MyRect*, std::vector<MyRect, std::allocator<MyRect> > > std::copy<__gnu_cxx::__normal_iterator<MyRect const*, std::vector<MyRect, std::allocator<MyRect> > >, __gnu_cxx::__normal_iterator<MyRect*, std::vector<MyRect, std::allocator<MyRect> > > >(__gnu_cxx::__normal_iterator<MyRect const*, std::vector<MyRect, std::allocator<MyRect> > >, __gnu_cxx::__normal_iterator<MyRect const*, std::vector<MyRect, std::allocator<MyRect> > >, __gnu_cxx::__normal_iterator<MyRect*, std::vector<MyRect, std::allocator<MyRect> > >)
 .text._ZNSt13__copy_normalILb1ELb0EE6copy_nIN9__gnu_cxx17__normal_iteratorIPK6MyRectSt6vectorIS4_SaIS4_EEEEPS4_EET0_T_SD_SC_
                0x00004298       0x5c obj/default/main.o
                0x00004298                MyRect* std::__copy_normal<true, false>::copy_n<__gnu_cxx::__normal_iterator<MyRect const*, std::vector<MyRect, std::allocator<MyRect> > >, MyRect*>(__gnu_cxx::__normal_iterator<MyRect const*, std::vector<MyRect, std::allocator<MyRect> > >, __gnu_cxx::__normal_iterator<MyRect const*, std::vector<MyRect, std::allocator<MyRect> > >, MyRect*)
 .text._ZSt4copyIN9__gnu_cxx17__normal_iteratorIPK6MyRectSt6vectorIS2_SaIS2_EEEEPS2_ET0_T_SB_SA_
                0x000042f4       0x4c obj/default/main.o
                0x000042f4                MyRect* std::copy<__gnu_cxx::__normal_iterator<MyRect const*, std::vector<MyRect, std::allocator<MyRect> > >, MyRect*>(__gnu_cxx::__normal_iterator<MyRect const*, std::vector<MyRect, std::allocator<MyRect> > >, __gnu_cxx::__normal_iterator<MyRect const*, std::vector<MyRect, std::allocator<MyRect> > >, MyRect*)
 .text._ZNSt6vectorI6MyRectSaIS0_EE20_M_allocate_and_copyIN9__gnu_cxx17__normal_iteratorIPKS0_S2_EEEEPS0_mT_SA_
                0x00004340       0x78 obj/default/main.o
                0x00004340                MyRect* std::vector<MyRect, std::allocator<MyRect> >::_M_allocate_and_copy<__gnu_cxx::__normal_iterator<MyRect const*, std::vector<MyRect, std::allocator<MyRect> > > >(unsigned long, __gnu_cxx::__normal_iterator<MyRect const*, std::vector<MyRect, std::allocator<MyRect> > >, __gnu_cxx::__normal_iterator<MyRect const*, std::vector<MyRect, std::allocator<MyRect> > >)
 .text._ZNSt6vectorI6MyRectSaIS0_EEaSERKS2_
                0x000043b8      0x2a0 obj/default/main.o
                0x000043b8                std::vector<MyRect, std::allocator<MyRect> >::operator=(std::vector<MyRect, std::allocator<MyRect> > const&)
 .text          0x00004658     0x11a8 obj/default/rectangles.o
                0x00004658                myMax(int, int)
                0x000046a0                myMin(int, int)
                0x000046e8                myAbs(int)
                0x00004730                predicate(float, MyRect&, MyRect&)
                0x0000495c                drawRectangle
                0x00004af4                partition(std::vector<MyRect, std::allocator<MyRect> >&, std::vector<int, std::allocator<int> >&, float)
                0x000050c8                groupRectangles
 .text._ZN9__gnu_cxx13new_allocatorIiEC2Ev
                0x00005800       0x20 obj/default/rectangles.o
                0x00005800                __gnu_cxx::new_allocator<int>::new_allocator()
 .text._ZNSaIiEC1Ev
                0x00005820       0x30 obj/default/rectangles.o
                0x00005820                std::allocator<int>::allocator()
 .text._ZN9__gnu_cxx13new_allocatorIiED2Ev
                0x00005850       0x20 obj/default/rectangles.o
                0x00005850                __gnu_cxx::new_allocator<int>::~new_allocator()
 .text._ZNSaIiED2Ev
                0x00005870       0x30 obj/default/rectangles.o
                0x00005870                std::allocator<int>::~allocator()
 .text._ZNSaIiED1Ev
                0x000058a0       0x30 obj/default/rectangles.o
                0x000058a0                std::allocator<int>::~allocator()
 .text._ZN9__gnu_cxx13new_allocatorIiEC2ERKS1_
                0x000058d0       0x24 obj/default/rectangles.o
                0x000058d0                __gnu_cxx::new_allocator<int>::new_allocator(__gnu_cxx::new_allocator<int> const&)
 .text._ZNSaIiEC2ERKS_
                0x000058f4       0x38 obj/default/rectangles.o
                0x000058f4                std::allocator<int>::allocator(std::allocator<int> const&)
 .text._ZNSaIiEC1ERKS_
                0x0000592c       0x38 obj/default/rectangles.o
                0x0000592c                std::allocator<int>::allocator(std::allocator<int> const&)
 .text._ZNSt12_Vector_baseIiSaIiEE12_Vector_implD1Ev
                0x00005964       0x30 obj/default/rectangles.o
                0x00005964                std::_Vector_base<int, std::allocator<int> >::_Vector_impl::~_Vector_impl()
 .text._ZNSt12_Vector_baseIiSaIiEE19_M_get_Tp_allocatorEv
                0x00005994       0x24 obj/default/rectangles.o
                0x00005994                std::_Vector_base<int, std::allocator<int> >::_M_get_Tp_allocator()
 .text._ZNK9__gnu_cxx17__normal_iteratorIPiSt6vectorIiSaIiEEEdeEv
                0x000059b8       0x28 obj/default/rectangles.o
                0x000059b8                __gnu_cxx::__normal_iterator<int*, std::vector<int, std::allocator<int> > >::operator*() const
 .text._ZN9__gnu_cxxeqIPK6MyRectSt6vectorIS1_SaIS1_EEEEbRKNS_17__normal_iteratorIT_T0_EESC_
                0x000059e0       0x50 obj/default/rectangles.o
                0x000059e0                bool __gnu_cxx::operator==<MyRect const*, std::vector<MyRect, std::allocator<MyRect> > >(__gnu_cxx::__normal_iterator<MyRect const*, std::vector<MyRect, std::allocator<MyRect> > > const&, __gnu_cxx::__normal_iterator<MyRect const*, std::vector<MyRect, std::allocator<MyRect> > > const&)
 .text._ZNKSt6vectorI6MyRectSaIS0_EE5emptyEv
                0x00005a30       0x50 obj/default/rectangles.o
                0x00005a30                std::vector<MyRect, std::allocator<MyRect> >::empty() const
 .text._ZNSt12_Vector_baseIiSaIiEE12_Vector_implC1ERKS0_
                0x00005a80       0x50 obj/default/rectangles.o
                0x00005a80                std::_Vector_base<int, std::allocator<int> >::_Vector_impl::_Vector_impl(std::allocator<int> const&)
 .text._ZNSt12_Vector_baseIiSaIiEEC2ERKS0_
                0x00005ad0       0x38 obj/default/rectangles.o
                0x00005ad0                std::_Vector_base<int, std::allocator<int> >::_Vector_base(std::allocator<int> const&)
 .text._ZNSt6vectorIiSaIiEEC1ERKS0_
                0x00005b08       0x38 obj/default/rectangles.o
                0x00005b08                std::vector<int, std::allocator<int> >::vector(std::allocator<int> const&)
 .text._ZN9__gnu_cxx17__normal_iteratorIPKiSt6vectorIiSaIiEEEC1ERKS2_
                0x00005b40       0x34 obj/default/rectangles.o
                0x00005b40                __gnu_cxx::__normal_iterator<int const*, std::vector<int, std::allocator<int> > >::__normal_iterator(int const* const&)
 .text._ZNKSt6vectorIiSaIiEE3endEv
                0x00005b74       0x44 obj/default/rectangles.o
                0x00005b74                std::vector<int, std::allocator<int> >::end() const
 .text._ZNKSt6vectorIiSaIiEE5beginEv
                0x00005bb8       0x44 obj/default/rectangles.o
                0x00005bb8                std::vector<int, std::allocator<int> >::begin() const
 .text._ZNK9__gnu_cxx17__normal_iteratorIPKiSt6vectorIiSaIiEEE4baseEv
                0x00005bfc       0x24 obj/default/rectangles.o
                0x00005bfc                __gnu_cxx::__normal_iterator<int const*, std::vector<int, std::allocator<int> > >::base() const
 .text._ZN9__gnu_cxxmiIPKiS2_St6vectorIiSaIiEEEENS_17__normal_iteratorIT_T1_E15difference_typeERKS9_RKNS6_IT0_S8_EE
                0x00005c20       0x58 obj/default/rectangles.o
                0x00005c20                __gnu_cxx::__normal_iterator<int const*, std::vector<int, std::allocator<int> > >::difference_type __gnu_cxx::operator-<int const*, int const*, std::vector<int, std::allocator<int> > >(__gnu_cxx::__normal_iterator<int const*, std::vector<int, std::allocator<int> > > const&, __gnu_cxx::__normal_iterator<int const*, std::vector<int, std::allocator<int> > > const&)
 .text._ZNKSt6vectorIiSaIiEE4sizeEv
                0x00005c78       0x4c obj/default/rectangles.o
                0x00005c78                std::vector<int, std::allocator<int> >::size() const
 .text._ZN9__gnu_cxx17__normal_iteratorIPiSt6vectorIiSaIiEEEC1ERKS1_
                0x00005cc4       0x34 obj/default/rectangles.o
                0x00005cc4                __gnu_cxx::__normal_iterator<int*, std::vector<int, std::allocator<int> > >::__normal_iterator(int* const&)
 .text._ZNSt6vectorIiSaIiEE5beginEv
                0x00005cf8       0x38 obj/default/rectangles.o
                0x00005cf8                std::vector<int, std::allocator<int> >::begin()
 .text._ZNK9__gnu_cxx17__normal_iteratorIPiSt6vectorIiSaIiEEEplERKl
                0x00005d30       0x5c obj/default/rectangles.o
                0x00005d30                __gnu_cxx::__normal_iterator<int*, std::vector<int, std::allocator<int> > >::operator+(long const&) const
 .text._ZNSt6vectorIiSaIiEEixEm
                0x00005d8c       0x58 obj/default/rectangles.o
                0x00005d8c                std::vector<int, std::allocator<int> >::operator[](unsigned long)
 .text._ZNSt6vectorIiSaIiEE3endEv
                0x00005de4       0x3c obj/default/rectangles.o
                0x00005de4                std::vector<int, std::allocator<int> >::end()
 .text._ZSt13__destroy_auxIPiEvT_S1_11__true_type
                0x00005e20       0x28 obj/default/rectangles.o
                0x00005e20                void std::__destroy_aux<int*>(int*, int*, __true_type)
 .text._ZSt8_DestroyIPiEvT_S1_
                0x00005e48       0x3c obj/default/rectangles.o
                0x00005e48                void std::_Destroy<int*>(int*, int*)
 .text._ZSt8_DestroyIPiiEvT_S1_SaIT0_E
                0x00005e84       0x3c obj/default/rectangles.o
                0x00005e84                void std::_Destroy<int*, int>(int*, int*, std::allocator<int>)
 .text._ZNK9__gnu_cxx17__normal_iteratorIPiSt6vectorIiSaIiEEE4baseEv
                0x00005ec0       0x24 obj/default/rectangles.o
                0x00005ec0                __gnu_cxx::__normal_iterator<int*, std::vector<int, std::allocator<int> > >::base() const
 .text._ZN9__gnu_cxxmiIPiS1_St6vectorIiSaIiEEEENS_17__normal_iteratorIT_T1_E15difference_typeERKS8_RKNS5_IT0_S7_EE
                0x00005ee4       0x58 obj/default/rectangles.o
                0x00005ee4                __gnu_cxx::__normal_iterator<int*, std::vector<int, std::allocator<int> > >::difference_type __gnu_cxx::operator-<int*, int*, std::vector<int, std::allocator<int> > >(__gnu_cxx::__normal_iterator<int*, std::vector<int, std::allocator<int> > > const&, __gnu_cxx::__normal_iterator<int*, std::vector<int, std::allocator<int> > > const&)
 .text._ZNK9__gnu_cxx17__normal_iteratorIPiSt6vectorIiSaIiEEEmiERKl
                0x00005f3c       0x5c obj/default/rectangles.o
                0x00005f3c                __gnu_cxx::__normal_iterator<int*, std::vector<int, std::allocator<int> > >::operator-(long const&) const
 .text._ZNKSt6vectorIiSaIiEE8max_sizeEv
                0x00005f98       0x28 obj/default/rectangles.o
                0x00005f98                std::vector<int, std::allocator<int> >::max_size() const
 .text._ZSt3maxImERKT_S2_S2_
                0x00005fc0       0x50 obj/default/rectangles.o
                0x00005fc0                unsigned long const& std::max<unsigned long>(unsigned long const&, unsigned long const&)
 .text._ZN9__gnu_cxx17__normal_iteratorIPiSt6vectorIiSaIiEEEpLERKl
                0x00006010       0x4c obj/default/rectangles.o
                0x00006010                __gnu_cxx::__normal_iterator<int*, std::vector<int, std::allocator<int> > >::operator+=(long const&)
 .text._ZSt26__uninitialized_fill_n_auxIP6MyRectmS0_EvT_T0_RKT1_12__false_type
                0x0000605c       0x70 obj/default/rectangles.o
                0x0000605c                void std::__uninitialized_fill_n_aux<MyRect*, unsigned long, MyRect>(MyRect*, unsigned long, MyRect const&, __false_type)
 .text._ZSt20uninitialized_fill_nIP6MyRectmS0_EvT_T0_RKT1_
                0x000060cc       0x44 obj/default/rectangles.o
                0x000060cc                void std::uninitialized_fill_n<MyRect*, unsigned long, MyRect>(MyRect*, unsigned long, MyRect const&)
 .text._ZSt24__uninitialized_fill_n_aIP6MyRectmS0_S0_EvT_T0_RKT1_SaIT2_E
                0x00006110       0x44 obj/default/rectangles.o
                0x00006110                void std::__uninitialized_fill_n_a<MyRect*, unsigned long, MyRect, MyRect>(MyRect*, unsigned long, MyRect const&, std::allocator<MyRect>)
 .text._ZNSt6vectorI6MyRectSaIS0_EE5clearEv
                0x00006154       0x84 obj/default/rectangles.o
                0x00006154                std::vector<MyRect, std::allocator<MyRect> >::clear()
 .text._ZNK9__gnu_cxx13new_allocatorIiE8max_sizeEv
                0x000061d8       0x28 obj/default/rectangles.o
                0x000061d8                __gnu_cxx::new_allocator<int>::max_size() const
 .text._ZSt13__destroy_auxIN9__gnu_cxx17__normal_iteratorIPiSt6vectorIiSaIiEEEEEvT_S7_11__true_type
                0x00006200       0x28 obj/default/rectangles.o
                0x00006200                void std::__destroy_aux<__gnu_cxx::__normal_iterator<int*, std::vector<int, std::allocator<int> > > >(__gnu_cxx::__normal_iterator<int*, std::vector<int, std::allocator<int> > >, __gnu_cxx::__normal_iterator<int*, std::vector<int, std::allocator<int> > >, __true_type)
 .text._ZSt8_DestroyIN9__gnu_cxx17__normal_iteratorIPiSt6vectorIiSaIiEEEEEvT_S7_
                0x00006228       0x3c obj/default/rectangles.o
                0x00006228                void std::_Destroy<__gnu_cxx::__normal_iterator<int*, std::vector<int, std::allocator<int> > > >(__gnu_cxx::__normal_iterator<int*, std::vector<int, std::allocator<int> > >, __gnu_cxx::__normal_iterator<int*, std::vector<int, std::allocator<int> > >)
 .text._ZSt8_DestroyIN9__gnu_cxx17__normal_iteratorIPiSt6vectorIiSaIiEEEEiEvT_S7_SaIT0_E
                0x00006264       0x3c obj/default/rectangles.o
                0x00006264                void std::_Destroy<__gnu_cxx::__normal_iterator<int*, std::vector<int, std::allocator<int> > >, int>(__gnu_cxx::__normal_iterator<int*, std::vector<int, std::allocator<int> > >, __gnu_cxx::__normal_iterator<int*, std::vector<int, std::allocator<int> > >, std::allocator<int>)
 .text._ZNSt8__fill_nILb1EE6fill_nIPimiEET_S3_T0_RKT1_
                0x000062a0       0x6c obj/default/rectangles.o
                0x000062a0                int* std::__fill_n<true>::fill_n<int*, unsigned long, int>(int*, unsigned long, int const&)
 .text._ZSt6fill_nIPimiET_S1_T0_RKT1_
                0x0000630c       0x48 obj/default/rectangles.o
                0x0000630c                int* std::fill_n<int*, unsigned long, int>(int*, unsigned long, int const&)
 .text._ZSt26__uninitialized_fill_n_auxIPimiEvT_T0_RKT1_11__true_type
                0x00006354       0x44 obj/default/rectangles.o
                0x00006354                void std::__uninitialized_fill_n_aux<int*, unsigned long, int>(int*, unsigned long, int const&, __true_type)
 .text._ZSt20uninitialized_fill_nIPimiEvT_T0_RKT1_
                0x00006398       0x44 obj/default/rectangles.o
                0x00006398                void std::uninitialized_fill_n<int*, unsigned long, int>(int*, unsigned long, int const&)
 .text._ZSt24__uninitialized_fill_n_aIPimiiEvT_T0_RKT1_SaIT2_E
                0x000063dc       0x44 obj/default/rectangles.o
                0x000063dc                void std::__uninitialized_fill_n_a<int*, unsigned long, int, int>(int*, unsigned long, int const&, std::allocator<int>)
 .text._ZN9__gnu_cxxneIPiSt6vectorIiSaIiEEEEbRKNS_17__normal_iteratorIT_T0_EESA_
                0x00006420       0x50 obj/default/rectangles.o
                0x00006420                bool __gnu_cxx::operator!=<int*, std::vector<int, std::allocator<int> > >(__gnu_cxx::__normal_iterator<int*, std::vector<int, std::allocator<int> > > const&, __gnu_cxx::__normal_iterator<int*, std::vector<int, std::allocator<int> > > const&)
 .text._ZN9__gnu_cxx17__normal_iteratorIPiSt6vectorIiSaIiEEEppEv
                0x00006470       0x38 obj/default/rectangles.o
                0x00006470                __gnu_cxx::__normal_iterator<int*, std::vector<int, std::allocator<int> > >::operator++()
 .text._ZNSt6__fillILb1EE4fillIN9__gnu_cxx17__normal_iteratorIPiSt6vectorIiSaIiEEEEiEEvT_S9_RKT0_
                0x000064a8       0x74 obj/default/rectangles.o
                0x000064a8                void std::__fill<true>::fill<__gnu_cxx::__normal_iterator<int*, std::vector<int, std::allocator<int> > >, int>(__gnu_cxx::__normal_iterator<int*, std::vector<int, std::allocator<int> > >, __gnu_cxx::__normal_iterator<int*, std::vector<int, std::allocator<int> > >, int const&)
 .text._ZSt4fillIN9__gnu_cxx17__normal_iteratorIPiSt6vectorIiSaIiEEEEiEvT_S7_RKT0_
                0x0000651c       0x48 obj/default/rectangles.o
                0x0000651c                void std::fill<__gnu_cxx::__normal_iterator<int*, std::vector<int, std::allocator<int> > >, int>(__gnu_cxx::__normal_iterator<int*, std::vector<int, std::allocator<int> > >, __gnu_cxx::__normal_iterator<int*, std::vector<int, std::allocator<int> > >, int const&)
 .text._ZNSt8__fill_nILb1EE6fill_nIN9__gnu_cxx17__normal_iteratorIPiSt6vectorIiSaIiEEEEmiEET_S9_T0_RKT1_
                0x00006564       0x78 obj/default/rectangles.o
                0x00006564                __gnu_cxx::__normal_iterator<int*, std::vector<int, std::allocator<int> > > std::__fill_n<true>::fill_n<__gnu_cxx::__normal_iterator<int*, std::vector<int, std::allocator<int> > >, unsigned long, int>(__gnu_cxx::__normal_iterator<int*, std::vector<int, std::allocator<int> > >, unsigned long, int const&)
 .text._ZSt6fill_nIN9__gnu_cxx17__normal_iteratorIPiSt6vectorIiSaIiEEEEmiET_S7_T0_RKT1_
                0x000065dc       0x48 obj/default/rectangles.o
                0x000065dc                __gnu_cxx::__normal_iterator<int*, std::vector<int, std::allocator<int> > > std::fill_n<__gnu_cxx::__normal_iterator<int*, std::vector<int, std::allocator<int> > >, unsigned long, int>(__gnu_cxx::__normal_iterator<int*, std::vector<int, std::allocator<int> > >, unsigned long, int const&)
 .text._ZSt26__uninitialized_fill_n_auxIN9__gnu_cxx17__normal_iteratorIPiSt6vectorIiSaIiEEEEmiEvT_T0_RKT1_11__true_type
                0x00006624       0x44 obj/default/rectangles.o
                0x00006624                void std::__uninitialized_fill_n_aux<__gnu_cxx::__normal_iterator<int*, std::vector<int, std::allocator<int> > >, unsigned long, int>(__gnu_cxx::__normal_iterator<int*, std::vector<int, std::allocator<int> > >, unsigned long, int const&, __true_type)
 .text._ZSt20uninitialized_fill_nIN9__gnu_cxx17__normal_iteratorIPiSt6vectorIiSaIiEEEEmiEvT_T0_RKT1_
                0x00006668       0x44 obj/default/rectangles.o
                0x00006668                void std::uninitialized_fill_n<__gnu_cxx::__normal_iterator<int*, std::vector<int, std::allocator<int> > >, unsigned long, int>(__gnu_cxx::__normal_iterator<int*, std::vector<int, std::allocator<int> > >, unsigned long, int const&)
 .text._ZSt24__uninitialized_fill_n_aIN9__gnu_cxx17__normal_iteratorIPiSt6vectorIiSaIiEEEEmiiEvT_T0_RKT1_SaIT2_E
                0x000066ac       0x44 obj/default/rectangles.o
                0x000066ac                void std::__uninitialized_fill_n_a<__gnu_cxx::__normal_iterator<int*, std::vector<int, std::allocator<int> > >, unsigned long, int, int>(__gnu_cxx::__normal_iterator<int*, std::vector<int, std::allocator<int> > >, unsigned long, int const&, std::allocator<int>)
 .text._ZN9__gnu_cxx13new_allocatorIiE8allocateEmPKv
                0x000066f0       0x6c obj/default/rectangles.o
                0x000066f0                __gnu_cxx::new_allocator<int>::allocate(unsigned long, void const*)
 .text._ZNSt12_Vector_baseIiSaIiEE11_M_allocateEm
                0x0000675c       0x40 obj/default/rectangles.o
                0x0000675c                std::_Vector_base<int, std::allocator<int> >::_M_allocate(unsigned long)
 .text._ZNSt12_Vector_baseIiSaIiEEC2EmRKS0_
                0x0000679c      0x148 obj/default/rectangles.o
                0x0000679c                std::_Vector_base<int, std::allocator<int> >::_Vector_base(unsigned long, std::allocator<int> const&)
 .text._ZNSt12_Vector_baseI6MyRectSaIS0_EEC2EmRKS1_
                0x000068e4      0x144 obj/default/rectangles.o
                0x000068e4                std::_Vector_base<MyRect, std::allocator<MyRect> >::_Vector_base(unsigned long, std::allocator<MyRect> const&)
 .text._ZN9__gnu_cxx13new_allocatorIiE10deallocateEPim
                0x00006a28       0x38 obj/default/rectangles.o
                0x00006a28                __gnu_cxx::new_allocator<int>::deallocate(int*, unsigned long)
 .text._ZNSt12_Vector_baseIiSaIiEE13_M_deallocateEPim
                0x00006a60       0x50 obj/default/rectangles.o
                0x00006a60                std::_Vector_base<int, std::allocator<int> >::_M_deallocate(int*, unsigned long)
 .text._ZNSt12_Vector_baseIiSaIiEED2Ev
                0x00006ab0       0x60 obj/default/rectangles.o
                0x00006ab0                std::_Vector_base<int, std::allocator<int> >::~_Vector_base()
 .text._ZNSt6vectorIiSaIiEEC1EmRKiRKS0_
                0x00006b10       0xa4 obj/default/rectangles.o
                0x00006b10                std::vector<int, std::allocator<int> >::vector(unsigned long, int const&, std::allocator<int> const&)
 .text._ZNSt6vectorIiSaIiEED1Ev
                0x00006bb4       0x7c obj/default/rectangles.o
                0x00006bb4                std::vector<int, std::allocator<int> >::~vector()
 .text._ZNSt6vectorI6MyRectSaIS0_EEC1EmRKS0_RKS1_
                0x00006c30       0xa0 obj/default/rectangles.o
                0x00006c30                std::vector<MyRect, std::allocator<MyRect> >::vector(unsigned long, MyRect const&, std::allocator<MyRect> const&)
 .text._ZNSt6__copyILb1ESt26random_access_iterator_tagE4copyIiEEPT_PKS3_S6_S4_
                0x00006cd0       0x64 obj/default/rectangles.o
                0x00006cd0                int* std::__copy<true, std::random_access_iterator_tag>::copy<int>(int const*, int const*, int*)
 .text._ZSt10__copy_auxIPiS0_ET0_T_S2_S1_
                0x00006d34       0x48 obj/default/rectangles.o
                0x00006d34                int* std::__copy_aux<int*, int*>(int*, int*, int*)
 .text._ZNSt13__copy_normalILb1ELb1EE6copy_nIN9__gnu_cxx17__normal_iteratorIPiSt6vectorIiSaIiEEEES8_EET0_T_SA_S9_
                0x00006d7c       0x84 obj/default/rectangles.o
                0x00006d7c                __gnu_cxx::__normal_iterator<int*, std::vector<int, std::allocator<int> > > std::__copy_normal<true, true>::copy_n<__gnu_cxx::__normal_iterator<int*, std::vector<int, std::allocator<int> > >, __gnu_cxx::__normal_iterator<int*, std::vector<int, std::allocator<int> > > >(__gnu_cxx::__normal_iterator<int*, std::vector<int, std::allocator<int> > >, __gnu_cxx::__normal_iterator<int*, std::vector<int, std::allocator<int> > >, __gnu_cxx::__normal_iterator<int*, std::vector<int, std::allocator<int> > >)
 .text._ZSt4copyIN9__gnu_cxx17__normal_iteratorIPiSt6vectorIiSaIiEEEES6_ET0_T_S8_S7_
                0x00006e00       0x50 obj/default/rectangles.o
                0x00006e00                __gnu_cxx::__normal_iterator<int*, std::vector<int, std::allocator<int> > > std::copy<__gnu_cxx::__normal_iterator<int*, std::vector<int, std::allocator<int> > >, __gnu_cxx::__normal_iterator<int*, std::vector<int, std::allocator<int> > > >(__gnu_cxx::__normal_iterator<int*, std::vector<int, std::allocator<int> > >, __gnu_cxx::__normal_iterator<int*, std::vector<int, std::allocator<int> > >, __gnu_cxx::__normal_iterator<int*, std::vector<int, std::allocator<int> > >)
 .text._ZNSt6vectorIiSaIiEE5eraseEN9__gnu_cxx17__normal_iteratorIPiS1_EES5_
                0x00006e50       0xb8 obj/default/rectangles.o
                0x00006e50                std::vector<int, std::allocator<int> >::erase(__gnu_cxx::__normal_iterator<int*, std::vector<int, std::allocator<int> > >, __gnu_cxx::__normal_iterator<int*, std::vector<int, std::allocator<int> > >)
 .text._ZSt24__uninitialized_copy_auxIN9__gnu_cxx17__normal_iteratorIPiSt6vectorIiSaIiEEEES6_ET0_T_S8_S7_11__true_type
                0x00006f08       0x44 obj/default/rectangles.o
                0x00006f08                __gnu_cxx::__normal_iterator<int*, std::vector<int, std::allocator<int> > > std::__uninitialized_copy_aux<__gnu_cxx::__normal_iterator<int*, std::vector<int, std::allocator<int> > >, __gnu_cxx::__normal_iterator<int*, std::vector<int, std::allocator<int> > > >(__gnu_cxx::__normal_iterator<int*, std::vector<int, std::allocator<int> > >, __gnu_cxx::__normal_iterator<int*, std::vector<int, std::allocator<int> > >, __gnu_cxx::__normal_iterator<int*, std::vector<int, std::allocator<int> > >, __true_type)
 .text._ZSt18uninitialized_copyIN9__gnu_cxx17__normal_iteratorIPiSt6vectorIiSaIiEEEES6_ET0_T_S8_S7_
                0x00006f4c       0x44 obj/default/rectangles.o
                0x00006f4c                __gnu_cxx::__normal_iterator<int*, std::vector<int, std::allocator<int> > > std::uninitialized_copy<__gnu_cxx::__normal_iterator<int*, std::vector<int, std::allocator<int> > >, __gnu_cxx::__normal_iterator<int*, std::vector<int, std::allocator<int> > > >(__gnu_cxx::__normal_iterator<int*, std::vector<int, std::allocator<int> > >, __gnu_cxx::__normal_iterator<int*, std::vector<int, std::allocator<int> > >, __gnu_cxx::__normal_iterator<int*, std::vector<int, std::allocator<int> > >)
 .text._ZSt22__uninitialized_copy_aIN9__gnu_cxx17__normal_iteratorIPiSt6vectorIiSaIiEEEES6_iET0_T_S8_S7_SaIT1_E
                0x00006f90       0x44 obj/default/rectangles.o
                0x00006f90                __gnu_cxx::__normal_iterator<int*, std::vector<int, std::allocator<int> > > std::__uninitialized_copy_a<__gnu_cxx::__normal_iterator<int*, std::vector<int, std::allocator<int> > >, __gnu_cxx::__normal_iterator<int*, std::vector<int, std::allocator<int> > >, int>(__gnu_cxx::__normal_iterator<int*, std::vector<int, std::allocator<int> > >, __gnu_cxx::__normal_iterator<int*, std::vector<int, std::allocator<int> > >, __gnu_cxx::__normal_iterator<int*, std::vector<int, std::allocator<int> > >, std::allocator<int>)
 .text._ZNSt13__copy_normalILb0ELb0EE6copy_nIPiS2_EET0_T_S4_S3_
                0x00006fd4       0x40 obj/default/rectangles.o
                0x00006fd4                int* std::__copy_normal<false, false>::copy_n<int*, int*>(int*, int*, int*)
 .text._ZSt4copyIPiS0_ET0_T_S2_S1_
                0x00007014       0x48 obj/default/rectangles.o
                0x00007014                int* std::copy<int*, int*>(int*, int*, int*)
 .text._ZSt24__uninitialized_copy_auxIPiS0_ET0_T_S2_S1_11__true_type
                0x0000705c       0x44 obj/default/rectangles.o
                0x0000705c                int* std::__uninitialized_copy_aux<int*, int*>(int*, int*, int*, __true_type)
 .text._ZSt18uninitialized_copyIPiS0_ET0_T_S2_S1_
                0x000070a0       0x44 obj/default/rectangles.o
                0x000070a0                int* std::uninitialized_copy<int*, int*>(int*, int*, int*)
 .text._ZSt22__uninitialized_copy_aIPiS0_iET0_T_S2_S1_SaIT1_E
                0x000070e4       0x44 obj/default/rectangles.o
                0x000070e4                int* std::__uninitialized_copy_a<int*, int*, int>(int*, int*, int*, std::allocator<int>)
 .text._ZNSt13__copy_normalILb1ELb0EE6copy_nIN9__gnu_cxx17__normal_iteratorIPiSt6vectorIiSaIiEEEES4_EET0_T_SA_S9_
                0x00007128       0x5c obj/default/rectangles.o
                0x00007128                int* std::__copy_normal<true, false>::copy_n<__gnu_cxx::__normal_iterator<int*, std::vector<int, std::allocator<int> > >, int*>(__gnu_cxx::__normal_iterator<int*, std::vector<int, std::allocator<int> > >, __gnu_cxx::__normal_iterator<int*, std::vector<int, std::allocator<int> > >, int*)
 .text._ZSt4copyIN9__gnu_cxx17__normal_iteratorIPiSt6vectorIiSaIiEEEES2_ET0_T_S8_S7_
                0x00007184       0x4c obj/default/rectangles.o
                0x00007184                int* std::copy<__gnu_cxx::__normal_iterator<int*, std::vector<int, std::allocator<int> > >, int*>(__gnu_cxx::__normal_iterator<int*, std::vector<int, std::allocator<int> > >, __gnu_cxx::__normal_iterator<int*, std::vector<int, std::allocator<int> > >, int*)
 .text._ZSt24__uninitialized_copy_auxIN9__gnu_cxx17__normal_iteratorIPiSt6vectorIiSaIiEEEES2_ET0_T_S8_S7_11__true_type
                0x000071d0       0x44 obj/default/rectangles.o
                0x000071d0                int* std::__uninitialized_copy_aux<__gnu_cxx::__normal_iterator<int*, std::vector<int, std::allocator<int> > >, int*>(__gnu_cxx::__normal_iterator<int*, std::vector<int, std::allocator<int> > >, __gnu_cxx::__normal_iterator<int*, std::vector<int, std::allocator<int> > >, int*, __true_type)
 .text._ZSt18uninitialized_copyIN9__gnu_cxx17__normal_iteratorIPiSt6vectorIiSaIiEEEES2_ET0_T_S8_S7_
                0x00007214       0x44 obj/default/rectangles.o
                0x00007214                int* std::uninitialized_copy<__gnu_cxx::__normal_iterator<int*, std::vector<int, std::allocator<int> > >, int*>(__gnu_cxx::__normal_iterator<int*, std::vector<int, std::allocator<int> > >, __gnu_cxx::__normal_iterator<int*, std::vector<int, std::allocator<int> > >, int*)
 .text._ZSt22__uninitialized_copy_aIN9__gnu_cxx17__normal_iteratorIPiSt6vectorIiSaIiEEEES2_iET0_T_S8_S7_SaIT1_E
                0x00007258       0x44 obj/default/rectangles.o
                0x00007258                int* std::__uninitialized_copy_a<__gnu_cxx::__normal_iterator<int*, std::vector<int, std::allocator<int> > >, int*, int>(__gnu_cxx::__normal_iterator<int*, std::vector<int, std::allocator<int> > >, __gnu_cxx::__normal_iterator<int*, std::vector<int, std::allocator<int> > >, int*, std::allocator<int>)
 .text._ZNSt15__copy_backwardILb1ESt26random_access_iterator_tagE6copy_bIiEEPT_PKS3_S6_S4_
                0x0000729c       0x8c obj/default/rectangles.o
                0x0000729c                int* std::__copy_backward<true, std::random_access_iterator_tag>::copy_b<int>(int const*, int const*, int*)
 .text._ZSt19__copy_backward_auxIPiS0_ET0_T_S2_S1_
                0x00007328       0x48 obj/default/rectangles.o
                0x00007328                int* std::__copy_backward_aux<int*, int*>(int*, int*, int*)
 .text._ZNSt22__copy_backward_normalILb1ELb1EE8copy_b_nIN9__gnu_cxx17__normal_iteratorIPiSt6vectorIiSaIiEEEES8_EET0_T_SA_S9_
                0x00007370       0x84 obj/default/rectangles.o
                0x00007370                __gnu_cxx::__normal_iterator<int*, std::vector<int, std::allocator<int> > > std::__copy_backward_normal<true, true>::copy_b_n<__gnu_cxx::__normal_iterator<int*, std::vector<int, std::allocator<int> > >, __gnu_cxx::__normal_iterator<int*, std::vector<int, std::allocator<int> > > >(__gnu_cxx::__normal_iterator<int*, std::vector<int, std::allocator<int> > >, __gnu_cxx::__normal_iterator<int*, std::vector<int, std::allocator<int> > >, __gnu_cxx::__normal_iterator<int*, std::vector<int, std::allocator<int> > >)
 .text._ZSt13copy_backwardIN9__gnu_cxx17__normal_iteratorIPiSt6vectorIiSaIiEEEES6_ET0_T_S8_S7_
                0x000073f4       0x50 obj/default/rectangles.o
                0x000073f4                __gnu_cxx::__normal_iterator<int*, std::vector<int, std::allocator<int> > > std::copy_backward<__gnu_cxx::__normal_iterator<int*, std::vector<int, std::allocator<int> > >, __gnu_cxx::__normal_iterator<int*, std::vector<int, std::allocator<int> > > >(__gnu_cxx::__normal_iterator<int*, std::vector<int, std::allocator<int> > >, __gnu_cxx::__normal_iterator<int*, std::vector<int, std::allocator<int> > >, __gnu_cxx::__normal_iterator<int*, std::vector<int, std::allocator<int> > >)
 .text._ZNSt6vectorIiSaIiEE14_M_fill_insertEN9__gnu_cxx17__normal_iteratorIPiS1_EEmRKi
                0x00007444      0x478 obj/default/rectangles.o
                0x00007444                std::vector<int, std::allocator<int> >::_M_fill_insert(__gnu_cxx::__normal_iterator<int*, std::vector<int, std::allocator<int> > >, unsigned long, int const&)
 .text._ZNSt6vectorIiSaIiEE6insertEN9__gnu_cxx17__normal_iteratorIPiS1_EEmRKi
                0x000078bc       0x48 obj/default/rectangles.o
                0x000078bc                std::vector<int, std::allocator<int> >::insert(__gnu_cxx::__normal_iterator<int*, std::vector<int, std::allocator<int> > >, unsigned long, int const&)
 .text._ZNSt6vectorIiSaIiEE6resizeEmi
                0x00007904       0xc8 obj/default/rectangles.o
                0x00007904                std::vector<int, std::allocator<int> >::resize(unsigned long, int)
 .text          0x000079cc      0xfe8 c:/altera/13.0sp1/nios2eds/bin/gnu/h-i686-mingw32/bin/../lib/gcc/nios2-elf/4.1.2/../../../../nios2-elf/lib\libstdc++.a(functexcept.o)
                0x000079cc                std::__throw_bad_typeid()
                0x00007a00                std::__throw_bad_cast()
                0x00007a34                std::__throw_bad_alloc()
                0x00007a68                std::__throw_bad_exception()
                0x00007a9c                std::__throw_ios_failure(char const*)
                0x00007ba4                std::__throw_logic_error(char const*)
                0x00007d34                std::__throw_underflow_error(char const*)
                0x00007ec4                std::__throw_overflow_error(char const*)
                0x00008054                std::__throw_invalid_argument(char const*)
                0x000081e4                std::__throw_domain_error(char const*)
                0x00008374                std::__throw_range_error(char const*)
                0x00008504                std::__throw_runtime_error(char const*)
                0x00008694                std::__throw_out_of_range(char const*)
                0x00008824                std::__throw_length_error(char const*)
 .text._ZNSt15underflow_errorD0Ev
                0x000089b4       0x34 c:/altera/13.0sp1/nios2eds/bin/gnu/h-i686-mingw32/bin/../lib/gcc/nios2-elf/4.1.2/../../../../nios2-elf/lib\libstdc++.a(functexcept.o)
                0x000089b4                std::underflow_error::~underflow_error()
 .text._ZNSt15underflow_errorD1Ev
                0x000089e8       0x10 c:/altera/13.0sp1/nios2eds/bin/gnu/h-i686-mingw32/bin/../lib/gcc/nios2-elf/4.1.2/../../../../nios2-elf/lib\libstdc++.a(functexcept.o)
                0x000089e8                std::underflow_error::~underflow_error()
 .text._ZNSt14overflow_errorD0Ev
                0x000089f8       0x34 c:/altera/13.0sp1/nios2eds/bin/gnu/h-i686-mingw32/bin/../lib/gcc/nios2-elf/4.1.2/../../../../nios2-elf/lib\libstdc++.a(functexcept.o)
                0x000089f8                std::overflow_error::~overflow_error()
 .text._ZNSt14overflow_errorD1Ev
                0x00008a2c       0x10 c:/altera/13.0sp1/nios2eds/bin/gnu/h-i686-mingw32/bin/../lib/gcc/nios2-elf/4.1.2/../../../../nios2-elf/lib\libstdc++.a(functexcept.o)
                0x00008a2c                std::overflow_error::~overflow_error()
 .text._ZNSt11range_errorD0Ev
                0x00008a3c       0x34 c:/altera/13.0sp1/nios2eds/bin/gnu/h-i686-mingw32/bin/../lib/gcc/nios2-elf/4.1.2/../../../../nios2-elf/lib\libstdc++.a(functexcept.o)
                0x00008a3c                std::range_error::~range_error()
 .text._ZNSt11range_errorD1Ev
                0x00008a70       0x10 c:/altera/13.0sp1/nios2eds/bin/gnu/h-i686-mingw32/bin/../lib/gcc/nios2-elf/4.1.2/../../../../nios2-elf/lib\libstdc++.a(functexcept.o)
                0x00008a70                std::range_error::~range_error()
 .text._ZNSt12out_of_rangeD0Ev
                0x00008a80       0x34 c:/altera/13.0sp1/nios2eds/bin/gnu/h-i686-mingw32/bin/../lib/gcc/nios2-elf/4.1.2/../../../../nios2-elf/lib\libstdc++.a(functexcept.o)
                0x00008a80                std::out_of_range::~out_of_range()
 .text._ZNSt12out_of_rangeD1Ev
                0x00008ab4       0x10 c:/altera/13.0sp1/nios2eds/bin/gnu/h-i686-mingw32/bin/../lib/gcc/nios2-elf/4.1.2/../../../../nios2-elf/lib\libstdc++.a(functexcept.o)
                0x00008ab4                std::out_of_range::~out_of_range()
 .text._ZNSt12length_errorD0Ev
                0x00008ac4       0x34 c:/altera/13.0sp1/nios2eds/bin/gnu/h-i686-mingw32/bin/../lib/gcc/nios2-elf/4.1.2/../../../../nios2-elf/lib\libstdc++.a(functexcept.o)
                0x00008ac4                std::length_error::~length_error()
 .text._ZNSt12length_errorD1Ev
                0x00008af8       0x10 c:/altera/13.0sp1/nios2eds/bin/gnu/h-i686-mingw32/bin/../lib/gcc/nios2-elf/4.1.2/../../../../nios2-elf/lib\libstdc++.a(functexcept.o)
                0x00008af8                std::length_error::~length_error()
 .text._ZNSt16invalid_argumentD0Ev
                0x00008b08       0x34 c:/altera/13.0sp1/nios2eds/bin/gnu/h-i686-mingw32/bin/../lib/gcc/nios2-elf/4.1.2/../../../../nios2-elf/lib\libstdc++.a(functexcept.o)
                0x00008b08                std::invalid_argument::~invalid_argument()
 .text._ZNSt16invalid_argumentD1Ev
                0x00008b3c       0x10 c:/altera/13.0sp1/nios2eds/bin/gnu/h-i686-mingw32/bin/../lib/gcc/nios2-elf/4.1.2/../../../../nios2-elf/lib\libstdc++.a(functexcept.o)
                0x00008b3c                std::invalid_argument::~invalid_argument()
 .text._ZNSt12domain_errorD0Ev
                0x00008b4c       0x34 c:/altera/13.0sp1/nios2eds/bin/gnu/h-i686-mingw32/bin/../lib/gcc/nios2-elf/4.1.2/../../../../nios2-elf/lib\libstdc++.a(functexcept.o)
                0x00008b4c                std::domain_error::~domain_error()
 .text._ZNSt12domain_errorD1Ev
                0x00008b80       0x10 c:/altera/13.0sp1/nios2eds/bin/gnu/h-i686-mingw32/bin/../lib/gcc/nios2-elf/4.1.2/../../../../nios2-elf/lib\libstdc++.a(functexcept.o)
                0x00008b80                std::domain_error::~domain_error()
 .text          0x00008b90      0x4bc c:/altera/13.0sp1/nios2eds/bin/gnu/h-i686-mingw32/bin/../lib/gcc/nios2-elf/4.1.2/../../../../nios2-elf/lib\libstdc++.a(ios_failure.o)
                0x00008b90                std::ios_base::failure::what() const
                0x00008b98                std::ios_base::failure::~failure()
                0x00008c9c                std::ios_base::failure::failure(std::string const&)
                0x00008d6c                std::ios_base::failure::failure(std::string const&)
                0x00008e3c                std::ios_base::failure::~failure()
                0x00008f40                std::ios_base::failure::~failure()
 .text          0x0000904c      0xb98 c:/altera/13.0sp1/nios2eds/bin/gnu/h-i686-mingw32/bin/../lib/gcc/nios2-elf/4.1.2/../../../../nios2-elf/lib\libstdc++.a(stdexcept.o)
                0x0000904c                std::runtime_error::what() const
                0x00009054                std::logic_error::~logic_error()
                0x00009158                std::runtime_error::runtime_error(std::string const&)
                0x00009208                std::underflow_error::underflow_error(std::string const&)
                0x00009238                std::underflow_error::underflow_error(std::string const&)
                0x00009268                std::overflow_error::overflow_error(std::string const&)
                0x00009298                std::overflow_error::overflow_error(std::string const&)
                0x000092c8                std::range_error::range_error(std::string const&)
                0x000092f8                std::range_error::range_error(std::string const&)
                0x00009328                std::logic_error::logic_error(std::string const&)
                0x000093d8                std::logic_error::logic_error(std::string const&)
                0x00009488                std::out_of_range::out_of_range(std::string const&)
                0x000094b8                std::out_of_range::out_of_range(std::string const&)
                0x000094e8                std::length_error::length_error(std::string const&)
                0x00009518                std::length_error::length_error(std::string const&)
                0x00009548                std::invalid_argument::invalid_argument(std::string const&)
                0x00009578                std::invalid_argument::invalid_argument(std::string const&)
                0x000095a8                std::domain_error::domain_error(std::string const&)
                0x000095d8                std::domain_error::domain_error(std::string const&)
                0x00009608                std::logic_error::what() const
                0x00009610                std::runtime_error::runtime_error(std::string const&)
                0x000096c0                std::runtime_error::~runtime_error()
                0x000097c4                std::runtime_error::~runtime_error()
                0x000098c8                std::runtime_error::~runtime_error()
                0x000099d4                std::logic_error::~logic_error()
                0x00009ad8                std::logic_error::~logic_error()
 .text          0x00009be4        0x0 c:/altera/13.0sp1/nios2eds/bin/gnu/h-i686-mingw32/bin/../lib/gcc/nios2-elf/4.1.2/../../../../nios2-elf/lib\libstdc++.a(string-inst.o)
 .text._ZNSt11char_traitsIcE2eqERKcS2_
                0x00009be4       0x10 c:/altera/13.0sp1/nios2eds/bin/gnu/h-i686-mingw32/bin/../lib/gcc/nios2-elf/4.1.2/../../../../nios2-elf/lib\libstdc++.a(string-inst.o)
                0x00009be4                std::char_traits<char>::eq(char const&, char const&)
 .text._ZNKSs7_M_dataEv
                0x00009bf4        0x8 c:/altera/13.0sp1/nios2eds/bin/gnu/h-i686-mingw32/bin/../lib/gcc/nios2-elf/4.1.2/../../../../nios2-elf/lib\libstdc++.a(string-inst.o)
                0x00009bf4                std::string::_M_data() const
 .text._ZNSs7_M_dataEPc
                0x00009bfc        0xc c:/altera/13.0sp1/nios2eds/bin/gnu/h-i686-mingw32/bin/../lib/gcc/nios2-elf/4.1.2/../../../../nios2-elf/lib\libstdc++.a(string-inst.o)
                0x00009bfc                std::string::_M_data(char*)
 .text._ZNKSs6_M_repEv
                0x00009c08        0xc c:/altera/13.0sp1/nios2eds/bin/gnu/h-i686-mingw32/bin/../lib/gcc/nios2-elf/4.1.2/../../../../nios2-elf/lib\libstdc++.a(string-inst.o)
                0x00009c08                std::string::_M_rep() const
 .text._ZNKSs9_M_ibeginEv
                0x00009c14        0x8 c:/altera/13.0sp1/nios2eds/bin/gnu/h-i686-mingw32/bin/../lib/gcc/nios2-elf/4.1.2/../../../../nios2-elf/lib\libstdc++.a(string-inst.o)
                0x00009c14                std::string::_M_ibegin() const
 .text._ZNKSs7_M_iendEv
                0x00009c1c       0x10 c:/altera/13.0sp1/nios2eds/bin/gnu/h-i686-mingw32/bin/../lib/gcc/nios2-elf/4.1.2/../../../../nios2-elf/lib\libstdc++.a(string-inst.o)
                0x00009c1c                std::string::_M_iend() const
 .text._ZNKSs8_M_limitEmm
                0x00009c2c       0x18 c:/altera/13.0sp1/nios2eds/bin/gnu/h-i686-mingw32/bin/../lib/gcc/nios2-elf/4.1.2/../../../../nios2-elf/lib\libstdc++.a(string-inst.o)
                0x00009c2c                std::string::_M_limit(unsigned long, unsigned long) const
 .text._ZNKSs11_M_disjunctEPKc
                0x00009c44       0x1c c:/altera/13.0sp1/nios2eds/bin/gnu/h-i686-mingw32/bin/../lib/gcc/nios2-elf/4.1.2/../../../../nios2-elf/lib\libstdc++.a(string-inst.o)
                0x00009c44                std::string::_M_disjunct(char const*) const
 .text._ZNSs12_S_empty_repEv
                0x00009c60        0xc c:/altera/13.0sp1/nios2eds/bin/gnu/h-i686-mingw32/bin/../lib/gcc/nios2-elf/4.1.2/../../../../nios2-elf/lib\libstdc++.a(string-inst.o)
                0x00009c60                std::string::_S_empty_rep()
 .text._ZNSsC1Ev
                0x00009c6c       0x10 c:/altera/13.0sp1/nios2eds/bin/gnu/h-i686-mingw32/bin/../lib/gcc/nios2-elf/4.1.2/../../../../nios2-elf/lib\libstdc++.a(string-inst.o)
                0x00009c6c                std::basic_string<char, std::char_traits<char>, std::allocator<char> >::basic_string()
 .text._ZNKSs5beginEv
                0x00009c7c        0x8 c:/altera/13.0sp1/nios2eds/bin/gnu/h-i686-mingw32/bin/../lib/gcc/nios2-elf/4.1.2/../../../../nios2-elf/lib\libstdc++.a(string-inst.o)
                0x00009c7c                std::string::begin() const
 .text._ZNKSs3endEv
                0x00009c84       0x10 c:/altera/13.0sp1/nios2eds/bin/gnu/h-i686-mingw32/bin/../lib/gcc/nios2-elf/4.1.2/../../../../nios2-elf/lib\libstdc++.a(string-inst.o)
                0x00009c84                std::string::end() const
 .text._ZNKSs4sizeEv
                0x00009c94        0xc c:/altera/13.0sp1/nios2eds/bin/gnu/h-i686-mingw32/bin/../lib/gcc/nios2-elf/4.1.2/../../../../nios2-elf/lib\libstdc++.a(string-inst.o)
                0x00009c94                std::string::size() const
 .text._ZNKSs8max_sizeEv
                0x00009ca0        0xc c:/altera/13.0sp1/nios2eds/bin/gnu/h-i686-mingw32/bin/../lib/gcc/nios2-elf/4.1.2/../../../../nios2-elf/lib\libstdc++.a(string-inst.o)
                0x00009ca0                std::string::max_size() const
 .text._ZNKSs8capacityEv
                0x00009cac        0xc c:/altera/13.0sp1/nios2eds/bin/gnu/h-i686-mingw32/bin/../lib/gcc/nios2-elf/4.1.2/../../../../nios2-elf/lib\libstdc++.a(string-inst.o)
                0x00009cac                std::string::capacity() const
 .text._ZNKSs4dataEv
                0x00009cb8        0x8 c:/altera/13.0sp1/nios2eds/bin/gnu/h-i686-mingw32/bin/../lib/gcc/nios2-elf/4.1.2/../../../../nios2-elf/lib\libstdc++.a(string-inst.o)
                0x00009cb8                std::string::data() const
 .text._ZNKSs13get_allocatorEv
                0x00009cc0        0x8 c:/altera/13.0sp1/nios2eds/bin/gnu/h-i686-mingw32/bin/../lib/gcc/nios2-elf/4.1.2/../../../../nios2-elf/lib\libstdc++.a(string-inst.o)
                0x00009cc0                std::string::get_allocator() const
 .text._ZNSs12_Alloc_hiderC1EPcRKSaIcE
                0x00009cc8        0x8 c:/altera/13.0sp1/nios2eds/bin/gnu/h-i686-mingw32/bin/../lib/gcc/nios2-elf/4.1.2/../../../../nios2-elf/lib\libstdc++.a(string-inst.o)
                0x00009cc8                std::string::_Alloc_hider::_Alloc_hider(char*, std::allocator<char> const&)
 .text._ZNSs4_Rep12_S_empty_repEv
                0x00009cd0        0xc c:/altera/13.0sp1/nios2eds/bin/gnu/h-i686-mingw32/bin/../lib/gcc/nios2-elf/4.1.2/../../../../nios2-elf/lib\libstdc++.a(string-inst.o)
                0x00009cd0                std::string::_Rep::_S_empty_rep()
 .text._ZNKSs4_Rep12_M_is_leakedEv
                0x00009cdc        0xc c:/altera/13.0sp1/nios2eds/bin/gnu/h-i686-mingw32/bin/../lib/gcc/nios2-elf/4.1.2/../../../../nios2-elf/lib\libstdc++.a(string-inst.o)
                0x00009cdc                std::string::_Rep::_M_is_leaked() const
 .text._ZNKSs4_Rep12_M_is_sharedEv
                0x00009ce8        0xc c:/altera/13.0sp1/nios2eds/bin/gnu/h-i686-mingw32/bin/../lib/gcc/nios2-elf/4.1.2/../../../../nios2-elf/lib\libstdc++.a(string-inst.o)
                0x00009ce8                std::string::_Rep::_M_is_shared() const
 .text._ZNSs4_Rep13_M_set_leakedEv
                0x00009cf4        0xc c:/altera/13.0sp1/nios2eds/bin/gnu/h-i686-mingw32/bin/../lib/gcc/nios2-elf/4.1.2/../../../../nios2-elf/lib\libstdc++.a(string-inst.o)
                0x00009cf4                std::string::_Rep::_M_set_leaked()
 .text._ZNSs4_Rep15_M_set_sharableEv
                0x00009d00        0x8 c:/altera/13.0sp1/nios2eds/bin/gnu/h-i686-mingw32/bin/../lib/gcc/nios2-elf/4.1.2/../../../../nios2-elf/lib\libstdc++.a(string-inst.o)
                0x00009d00                std::string::_Rep::_M_set_sharable()
 .text._ZNSs4_Rep26_M_set_length_and_sharableEm
                0x00009d08       0x14 c:/altera/13.0sp1/nios2eds/bin/gnu/h-i686-mingw32/bin/../lib/gcc/nios2-elf/4.1.2/../../../../nios2-elf/lib\libstdc++.a(string-inst.o)
                0x00009d08                std::string::_Rep::_M_set_length_and_sharable(unsigned long)
 .text._ZNSs4_Rep10_M_refdataEv
                0x00009d1c        0x8 c:/altera/13.0sp1/nios2eds/bin/gnu/h-i686-mingw32/bin/../lib/gcc/nios2-elf/4.1.2/../../../../nios2-elf/lib\libstdc++.a(string-inst.o)
                0x00009d1c                std::string::_Rep::_M_refdata()
 .text._ZSt6searchIPKcS1_PFbRS0_S2_EET_S5_S5_T0_S6_T1_
                0x00009d24      0x14c c:/altera/13.0sp1/nios2eds/bin/gnu/h-i686-mingw32/bin/../lib/gcc/nios2-elf/4.1.2/../../../../nios2-elf/lib\libstdc++.a(string-inst.o)
                0x00009d24                char const* std::search<char const*, char const*, bool (*)(char const&, char const&)>(char const*, char const*, char const*, char const*, bool (*)(char const&, char const&))
 .text._ZN9__gnu_cxxeqIPcSsEEbRKNS_17__normal_iteratorIT_T0_EES7_
                0x00009e70       0x10 c:/altera/13.0sp1/nios2eds/bin/gnu/h-i686-mingw32/bin/../lib/gcc/nios2-elf/4.1.2/../../../../nios2-elf/lib\libstdc++.a(string-inst.o)
                0x00009e70                bool __gnu_cxx::operator==<char*, std::string>(__gnu_cxx::__normal_iterator<char*, std::string> const&, __gnu_cxx::__normal_iterator<char*, std::string> const&)
 .text._ZNSs12_Alloc_hiderC2EPcRKSaIcE
                0x00009e80        0x8 c:/altera/13.0sp1/nios2eds/bin/gnu/h-i686-mingw32/bin/../lib/gcc/nios2-elf/4.1.2/../../../../nios2-elf/lib\libstdc++.a(string-inst.o)
                0x00009e80                std::string::_Alloc_hider::_Alloc_hider(char*, std::allocator<char> const&)
 .text._ZNSs4_Rep10_M_refcopyEv
                0x00009e88       0xbc c:/altera/13.0sp1/nios2eds/bin/gnu/h-i686-mingw32/bin/../lib/gcc/nios2-elf/4.1.2/../../../../nios2-elf/lib\libstdc++.a(string-inst.o)
                0x00009e88                std::string::_Rep::_M_refcopy()
 .text._ZNKSs15_M_check_lengthEmmPKc
                0x00009f44       0x38 c:/altera/13.0sp1/nios2eds/bin/gnu/h-i686-mingw32/bin/../lib/gcc/nios2-elf/4.1.2/../../../../nios2-elf/lib\libstdc++.a(string-inst.o)
                0x00009f44                std::string::_M_check_length(unsigned long, unsigned long, char const*) const
 .text._ZNKSs8_M_checkEmPKc
                0x00009f7c       0x2c c:/altera/13.0sp1/nios2eds/bin/gnu/h-i686-mingw32/bin/../lib/gcc/nios2-elf/4.1.2/../../../../nios2-elf/lib\libstdc++.a(string-inst.o)
                0x00009f7c                std::string::_M_check(unsigned long, char const*) const
 .text._ZNSs9_M_assignEPcmc
                0x00009fa8       0x2c c:/altera/13.0sp1/nios2eds/bin/gnu/h-i686-mingw32/bin/../lib/gcc/nios2-elf/4.1.2/../../../../nios2-elf/lib\libstdc++.a(string-inst.o)
                0x00009fa8                std::string::_M_assign(char*, unsigned long, char)
 .text._ZNSs7_M_moveEPcPKcm
                0x00009fd4       0x18 c:/altera/13.0sp1/nios2eds/bin/gnu/h-i686-mingw32/bin/../lib/gcc/nios2-elf/4.1.2/../../../../nios2-elf/lib\libstdc++.a(string-inst.o)
                0x00009fd4                std::string::_M_move(char*, char const*, unsigned long)
 .text._ZNSs7_M_copyEPcPKcm
                0x00009fec       0x18 c:/altera/13.0sp1/nios2eds/bin/gnu/h-i686-mingw32/bin/../lib/gcc/nios2-elf/4.1.2/../../../../nios2-elf/lib\libstdc++.a(string-inst.o)
                0x00009fec                std::string::_M_copy(char*, char const*, unsigned long)
 .text._ZNKSs5c_strEv
                0x0000a004        0x8 c:/altera/13.0sp1/nios2eds/bin/gnu/h-i686-mingw32/bin/../lib/gcc/nios2-elf/4.1.2/../../../../nios2-elf/lib\libstdc++.a(string-inst.o)
                0x0000a004                std::string::c_str() const
 .text._ZNKSsixEm
                0x0000a00c        0xc c:/altera/13.0sp1/nios2eds/bin/gnu/h-i686-mingw32/bin/../lib/gcc/nios2-elf/4.1.2/../../../../nios2-elf/lib\libstdc++.a(string-inst.o)
                0x0000a00c                std::string::operator[](unsigned long) const
 .text._ZNKSs17find_first_not_ofEPKcmm
                0x0000a018       0xa4 c:/altera/13.0sp1/nios2eds/bin/gnu/h-i686-mingw32/bin/../lib/gcc/nios2-elf/4.1.2/../../../../nios2-elf/lib\libstdc++.a(string-inst.o)
                0x0000a018                std::string::find_first_not_of(char const*, unsigned long, unsigned long) const
 .text._ZNKSs4findEPKcmm
                0x0000a0bc       0x94 c:/altera/13.0sp1/nios2eds/bin/gnu/h-i686-mingw32/bin/../lib/gcc/nios2-elf/4.1.2/../../../../nios2-elf/lib\libstdc++.a(string-inst.o)
                0x0000a0bc                std::string::find(char const*, unsigned long, unsigned long) const
 .text._ZNKSs2atEm
                0x0000a150       0x30 c:/altera/13.0sp1/nios2eds/bin/gnu/h-i686-mingw32/bin/../lib/gcc/nios2-elf/4.1.2/../../../../nios2-elf/lib\libstdc++.a(string-inst.o)
                0x0000a150                std::string::at(unsigned long) const
 .text._ZNKSs5emptyEv
                0x0000a180       0x10 c:/altera/13.0sp1/nios2eds/bin/gnu/h-i686-mingw32/bin/../lib/gcc/nios2-elf/4.1.2/../../../../nios2-elf/lib\libstdc++.a(string-inst.o)
                0x0000a180                std::string::empty() const
 .text._ZNKSs6lengthEv
                0x0000a190        0xc c:/altera/13.0sp1/nios2eds/bin/gnu/h-i686-mingw32/bin/../lib/gcc/nios2-elf/4.1.2/../../../../nios2-elf/lib\libstdc++.a(string-inst.o)
                0x0000a190                std::string::length() const
 .text._ZNKSs4findERKSsm
                0x0000a19c        0xc c:/altera/13.0sp1/nios2eds/bin/gnu/h-i686-mingw32/bin/../lib/gcc/nios2-elf/4.1.2/../../../../nios2-elf/lib\libstdc++.a(string-inst.o)
                0x0000a19c                std::string::find(std::string const&, unsigned long) const
 .text._ZNKSs17find_first_not_ofERKSsm
                0x0000a1a8        0xc c:/altera/13.0sp1/nios2eds/bin/gnu/h-i686-mingw32/bin/../lib/gcc/nios2-elf/4.1.2/../../../../nios2-elf/lib\libstdc++.a(string-inst.o)
                0x0000a1a8                std::string::find_first_not_of(std::string const&, unsigned long) const
 .text._ZNKSs5rfindEPKcmm
                0x0000a1b4       0xa8 c:/altera/13.0sp1/nios2eds/bin/gnu/h-i686-mingw32/bin/../lib/gcc/nios2-elf/4.1.2/../../../../nios2-elf/lib\libstdc++.a(string-inst.o)
                0x0000a1b4                std::string::rfind(char const*, unsigned long, unsigned long) const
 .text._ZNKSs5rfindEPKcm
                0x0000a25c       0x50 c:/altera/13.0sp1/nios2eds/bin/gnu/h-i686-mingw32/bin/../lib/gcc/nios2-elf/4.1.2/../../../../nios2-elf/lib\libstdc++.a(string-inst.o)
                0x0000a25c                std::string::rfind(char const*, unsigned long) const
 .text._ZNKSs5rfindERKSsm
                0x0000a2ac        0xc c:/altera/13.0sp1/nios2eds/bin/gnu/h-i686-mingw32/bin/../lib/gcc/nios2-elf/4.1.2/../../../../nios2-elf/lib\libstdc++.a(string-inst.o)
                0x0000a2ac                std::string::rfind(std::string const&, unsigned long) const
 .text._ZNSsC2Ev
                0x0000a2b8       0x10 c:/altera/13.0sp1/nios2eds/bin/gnu/h-i686-mingw32/bin/../lib/gcc/nios2-elf/4.1.2/../../../../nios2-elf/lib\libstdc++.a(string-inst.o)
                0x0000a2b8                std::basic_string<char, std::char_traits<char>, std::allocator<char> >::basic_string()
 .text._ZN9__gnu_cxxeqIPKcSsEEbRKNS_17__normal_iteratorIT_T0_EES8_
                0x0000a2c8       0x10 c:/altera/13.0sp1/nios2eds/bin/gnu/h-i686-mingw32/bin/../lib/gcc/nios2-elf/4.1.2/../../../../nios2-elf/lib\libstdc++.a(string-inst.o)
                0x0000a2c8                bool __gnu_cxx::operator==<char const*, std::string>(__gnu_cxx::__normal_iterator<char const*, std::string> const&, __gnu_cxx::__normal_iterator<char const*, std::string> const&)
 .text._ZNKSs5rfindEcm
                0x0000a2d8       0x64 c:/altera/13.0sp1/nios2eds/bin/gnu/h-i686-mingw32/bin/../lib/gcc/nios2-elf/4.1.2/../../../../nios2-elf/lib\libstdc++.a(string-inst.o)
                0x0000a2d8                std::string::rfind(char, unsigned long) const
 .text._ZNKSs12find_last_ofEcm
                0x0000a33c       0x10 c:/altera/13.0sp1/nios2eds/bin/gnu/h-i686-mingw32/bin/../lib/gcc/nios2-elf/4.1.2/../../../../nios2-elf/lib\libstdc++.a(string-inst.o)
                0x0000a33c                std::string::find_last_of(char, unsigned long) const
 .text._ZNKSs16find_last_not_ofEcm
                0x0000a34c       0x58 c:/altera/13.0sp1/nios2eds/bin/gnu/h-i686-mingw32/bin/../lib/gcc/nios2-elf/4.1.2/../../../../nios2-elf/lib\libstdc++.a(string-inst.o)
                0x0000a34c                std::string::find_last_not_of(char, unsigned long) const
 .text._ZNKSs17find_first_not_ofEcm
                0x0000a3a4       0x64 c:/altera/13.0sp1/nios2eds/bin/gnu/h-i686-mingw32/bin/../lib/gcc/nios2-elf/4.1.2/../../../../nios2-elf/lib\libstdc++.a(string-inst.o)
                0x0000a3a4                std::string::find_first_not_of(char, unsigned long) const
 .text._ZNSs4_Rep9_S_createEmmRKSaIcE
                0x0000a408      0x130 c:/altera/13.0sp1/nios2eds/bin/gnu/h-i686-mingw32/bin/../lib/gcc/nios2-elf/4.1.2/../../../../nios2-elf/lib\libstdc++.a(string-inst.o)
                0x0000a408                std::string::_Rep::_S_create(unsigned long, unsigned long, std::allocator<char> const&)
 .text._ZNSs4_Rep10_M_destroyERKSaIcE
                0x0000a538        0x4 c:/altera/13.0sp1/nios2eds/bin/gnu/h-i686-mingw32/bin/../lib/gcc/nios2-elf/4.1.2/../../../../nios2-elf/lib\libstdc++.a(string-inst.o)
                0x0000a538                std::string::_Rep::_M_destroy(std::allocator<char> const&)
 .text._ZNSs4_Rep10_M_disposeERKSaIcE
                0x0000a53c       0x64 c:/altera/13.0sp1/nios2eds/bin/gnu/h-i686-mingw32/bin/../lib/gcc/nios2-elf/4.1.2/../../../../nios2-elf/lib\libstdc++.a(string-inst.o)
                0x0000a53c                std::string::_Rep::_M_dispose(std::allocator<char> const&)
 .text._ZNKSs12find_last_ofEPKcmm
                0x0000a5a0       0xe4 c:/altera/13.0sp1/nios2eds/bin/gnu/h-i686-mingw32/bin/../lib/gcc/nios2-elf/4.1.2/../../../../nios2-elf/lib\libstdc++.a(string-inst.o)
                0x0000a5a0                std::string::find_last_of(char const*, unsigned long, unsigned long) const
 .text._ZNKSs12find_last_ofERKSsm
                0x0000a684        0xc c:/altera/13.0sp1/nios2eds/bin/gnu/h-i686-mingw32/bin/../lib/gcc/nios2-elf/4.1.2/../../../../nios2-elf/lib\libstdc++.a(string-inst.o)
                0x0000a684                std::string::find_last_of(std::string const&, unsigned long) const
 .text._ZNKSs13find_first_ofEPKcmm
                0x0000a690       0x88 c:/altera/13.0sp1/nios2eds/bin/gnu/h-i686-mingw32/bin/../lib/gcc/nios2-elf/4.1.2/../../../../nios2-elf/lib\libstdc++.a(string-inst.o)
                0x0000a690                std::string::find_first_of(char const*, unsigned long, unsigned long) const
 .text._ZNKSs13find_first_ofERKSsm
                0x0000a718        0xc c:/altera/13.0sp1/nios2eds/bin/gnu/h-i686-mingw32/bin/../lib/gcc/nios2-elf/4.1.2/../../../../nios2-elf/lib\libstdc++.a(string-inst.o)
                0x0000a718                std::string::find_first_of(std::string const&, unsigned long) const
 .text._ZNKSs4findEcm
                0x0000a724       0x68 c:/altera/13.0sp1/nios2eds/bin/gnu/h-i686-mingw32/bin/../lib/gcc/nios2-elf/4.1.2/../../../../nios2-elf/lib\libstdc++.a(string-inst.o)
                0x0000a724                std::string::find(char, unsigned long) const
 .text._ZNKSs13find_first_ofEcm
                0x0000a78c       0x10 c:/altera/13.0sp1/nios2eds/bin/gnu/h-i686-mingw32/bin/../lib/gcc/nios2-elf/4.1.2/../../../../nios2-elf/lib\libstdc++.a(string-inst.o)
                0x0000a78c                std::string::find_first_of(char, unsigned long) const
 .text._ZNKSs16find_last_not_ofEPKcmm
                0x0000a79c       0xe0 c:/altera/13.0sp1/nios2eds/bin/gnu/h-i686-mingw32/bin/../lib/gcc/nios2-elf/4.1.2/../../../../nios2-elf/lib\libstdc++.a(string-inst.o)
                0x0000a79c                std::string::find_last_not_of(char const*, unsigned long, unsigned long) const
 .text._ZNKSs16find_last_not_ofERKSsm
                0x0000a87c        0xc c:/altera/13.0sp1/nios2eds/bin/gnu/h-i686-mingw32/bin/../lib/gcc/nios2-elf/4.1.2/../../../../nios2-elf/lib\libstdc++.a(string-inst.o)
                0x0000a87c                std::string::find_last_not_of(std::string const&, unsigned long) const
 .text._ZNKSs7compareERKSs
                0x0000a888       0x60 c:/altera/13.0sp1/nios2eds/bin/gnu/h-i686-mingw32/bin/../lib/gcc/nios2-elf/4.1.2/../../../../nios2-elf/lib\libstdc++.a(string-inst.o)
                0x0000a888                std::string::compare(std::string const&) const
 .text._ZNKSs4findEPKcm
                0x0000a8e8       0x50 c:/altera/13.0sp1/nios2eds/bin/gnu/h-i686-mingw32/bin/../lib/gcc/nios2-elf/4.1.2/../../../../nios2-elf/lib\libstdc++.a(string-inst.o)
                0x0000a8e8                std::string::find(char const*, unsigned long) const
 .text._ZNKSs7compareEPKc
                0x0000a938       0x7c c:/altera/13.0sp1/nios2eds/bin/gnu/h-i686-mingw32/bin/../lib/gcc/nios2-elf/4.1.2/../../../../nios2-elf/lib\libstdc++.a(string-inst.o)
                0x0000a938                std::string::compare(char const*) const
 .text._ZNKSs16find_last_not_ofEPKcm
                0x0000a9b4       0x50 c:/altera/13.0sp1/nios2eds/bin/gnu/h-i686-mingw32/bin/../lib/gcc/nios2-elf/4.1.2/../../../../nios2-elf/lib\libstdc++.a(string-inst.o)
                0x0000a9b4                std::string::find_last_not_of(char const*, unsigned long) const
 .text._ZNKSs17find_first_not_ofEPKcm
                0x0000aa04       0x50 c:/altera/13.0sp1/nios2eds/bin/gnu/h-i686-mingw32/bin/../lib/gcc/nios2-elf/4.1.2/../../../../nios2-elf/lib\libstdc++.a(string-inst.o)
                0x0000aa04                std::string::find_first_not_of(char const*, unsigned long) const
 .text._ZNKSs12find_last_ofEPKcm
                0x0000aa54       0x50 c:/altera/13.0sp1/nios2eds/bin/gnu/h-i686-mingw32/bin/../lib/gcc/nios2-elf/4.1.2/../../../../nios2-elf/lib\libstdc++.a(string-inst.o)
                0x0000aa54                std::string::find_last_of(char const*, unsigned long) const
 .text._ZNKSs13find_first_ofEPKcm
                0x0000aaa4       0x50 c:/altera/13.0sp1/nios2eds/bin/gnu/h-i686-mingw32/bin/../lib/gcc/nios2-elf/4.1.2/../../../../nios2-elf/lib\libstdc++.a(string-inst.o)
                0x0000aaa4                std::string::find_first_of(char const*, unsigned long) const
 .text._ZNKSs4rendEv
                0x0000aaf4       0x10 c:/altera/13.0sp1/nios2eds/bin/gnu/h-i686-mingw32/bin/../lib/gcc/nios2-elf/4.1.2/../../../../nios2-elf/lib\libstdc++.a(string-inst.o)
                0x0000aaf4                std::string::rend() const
 .text._ZNKSs6rbeginEv
                0x0000ab04       0x18 c:/altera/13.0sp1/nios2eds/bin/gnu/h-i686-mingw32/bin/../lib/gcc/nios2-elf/4.1.2/../../../../nios2-elf/lib\libstdc++.a(string-inst.o)
                0x0000ab04                std::string::rbegin() const
 .text._ZNSs12_S_constructEmcRKSaIcE
                0x0000ab1c       0xc0 c:/altera/13.0sp1/nios2eds/bin/gnu/h-i686-mingw32/bin/../lib/gcc/nios2-elf/4.1.2/../../../../nios2-elf/lib\libstdc++.a(string-inst.o)
                0x0000ab1c                std::string::_S_construct(unsigned long, char, std::allocator<char> const&)
 .text._ZNSsC1EmcRKSaIcE
                0x0000abdc       0x3c c:/altera/13.0sp1/nios2eds/bin/gnu/h-i686-mingw32/bin/../lib/gcc/nios2-elf/4.1.2/../../../../nios2-elf/lib\libstdc++.a(string-inst.o)
                0x0000abdc                std::basic_string<char, std::char_traits<char>, std::allocator<char> >::basic_string(unsigned long, char, std::allocator<char> const&)
 .text._ZNSsC2EmcRKSaIcE
                0x0000ac18       0x3c c:/altera/13.0sp1/nios2eds/bin/gnu/h-i686-mingw32/bin/../lib/gcc/nios2-elf/4.1.2/../../../../nios2-elf/lib\libstdc++.a(string-inst.o)
                0x0000ac18                std::basic_string<char, std::char_traits<char>, std::allocator<char> >::basic_string(unsigned long, char, std::allocator<char> const&)
 .text._ZNSsC1ERKSaIcE
                0x0000ac54       0x34 c:/altera/13.0sp1/nios2eds/bin/gnu/h-i686-mingw32/bin/../lib/gcc/nios2-elf/4.1.2/../../../../nios2-elf/lib\libstdc++.a(string-inst.o)
                0x0000ac54                std::basic_string<char, std::char_traits<char>, std::allocator<char> >::basic_string(std::allocator<char> const&)
 .text._ZNSsC2ERKSaIcE
                0x0000ac88       0x34 c:/altera/13.0sp1/nios2eds/bin/gnu/h-i686-mingw32/bin/../lib/gcc/nios2-elf/4.1.2/../../../../nios2-elf/lib\libstdc++.a(string-inst.o)
                0x0000ac88                std::basic_string<char, std::char_traits<char>, std::allocator<char> >::basic_string(std::allocator<char> const&)
 .text._ZNKSs7compareEmmPKcm
                0x0000acbc       0x90 c:/altera/13.0sp1/nios2eds/bin/gnu/h-i686-mingw32/bin/../lib/gcc/nios2-elf/4.1.2/../../../../nios2-elf/lib\libstdc++.a(string-inst.o)
                0x0000acbc                std::string::compare(unsigned long, unsigned long, char const*, unsigned long) const
 .text._ZNKSs7compareEmmPKc
                0x0000ad4c       0xc8 c:/altera/13.0sp1/nios2eds/bin/gnu/h-i686-mingw32/bin/../lib/gcc/nios2-elf/4.1.2/../../../../nios2-elf/lib\libstdc++.a(string-inst.o)
                0x0000ad4c                std::string::compare(unsigned long, unsigned long, char const*) const
 .text._ZNKSs7compareEmmRKSsmm